Component: ARM Compiler 5.05 update 1 (build 106) Tool: armlink [4d0efa]

==============================================================================

Section Cross References

    startup_stm32f10x_hd.o(RESET) refers to startup_stm32f10x_hd.o(STACK) for __initial_sp
    startup_stm32f10x_hd.o(RESET) refers to startup_stm32f10x_hd.o(.text) for Reset_Handler
    startup_stm32f10x_hd.o(RESET) refers to stm32f10x_it.o(.text) for NMI_Handler
    startup_stm32f10x_hd.o(RESET) refers to bsp_isr.o(.text) for RTC_IRQHandler
    startup_stm32f10x_hd.o(RESET) refers to usart2_dma_proc.o(.text) for TIM2_IRQHandler
    startup_stm32f10x_hd.o(RESET) refers to usart_isr.o(.text) for USART1_IRQHandler
    startup_stm32f10x_hd.o(RESET) refers to mrfi.o(.text) for EXTI15_10_IRQHandler
    startup_stm32f10x_hd.o(.text) refers to system_stm32f10x.o(.text) for SystemInit
    startup_stm32f10x_hd.o(.text) refers to entry.o(.ARM.Collect$$$$00000000) for __main
    system_stm32f10x.o(.text) refers to system_stm32f10x.o(.data) for SystemCoreClock
    stm32f10x_gpio.o(.text) refers to stm32f10x_rcc.o(.text) for RCC_APB2PeriphResetCmd
    stm32f10x_rcc.o(.text) refers to stm32f10x_rcc.o(.data) for APBAHBPrescTable
    stm32f10x_spi.o(.text) refers to stm32f10x_rcc.o(.text) for RCC_APB2PeriphResetCmd
    stm32f10x_tim.o(.text) refers to stm32f10x_rcc.o(.text) for RCC_APB2PeriphResetCmd
    stm32f10x_usart.o(.text) refers to stm32f10x_rcc.o(.text) for RCC_APB2PeriphResetCmd
    stm32f10x_wwdg.o(.text) refers to stm32f10x_rcc.o(.text) for RCC_APB1PeriphResetCmd
    stm32f10x_bkp.o(.text) refers to stm32f10x_rcc.o(.text) for RCC_BackupResetCmd
    stm32f10x_pwr.o(.text) refers to stm32f10x_rcc.o(.text) for RCC_APB1PeriphResetCmd
    segger_rtt.o(.text) refers to memmovea.o(.text) for __aeabi_memcpy
    segger_rtt.o(.text) refers to segger_rtt.o(.data) for _SEGGER_RTT
    segger_rtt.o(.data) refers to segger_rtt.o(.conststring) for .conststring
    segger_rtt.o(.data) refers to segger_rtt.o(.bss) for _acUpBuffer
    segger_rtt_printf.o(.text) refers to segger_rtt.o(.text) for SEGGER_RTT_Write
    segger_rtt_printf.o(.text) refers to segger_rtt_printf.o(.constdata) for _aV2C
    bsp.o(.text) refers to misc.o(.text) for NVIC_SetVectorTable
    bsp.o(.text) refers to stm32f10x_rcc.o(.text) for RCC_APB2PeriphClockCmd
    bsp.o(.text) refers to stm32f10x_tim.o(.text) for TIM_DeInit
    bsp.o(.text) refers to stm32_it_config.o(.text) for NVIC_Configuration
    bsp.o(.text) refers to stm32f10x_gpio.o(.text) for GPIO_EXTILineConfig
    bsp.o(.text) refers to stm32f10x_exti.o(.text) for EXTI_Init
    bsp.o(.text) refers to system_stm32f10x.o(.text) for SystemInit
    bsp.o(.text) refers to stm32_beep.o(.text) for BSP_BEEP_Init
    bsp.o(.text) refers to delay.o(.text) for delay_init
    bsp.o(.text) refers to stm32_rtc.o(.text) for Init_RTC
    bsp.o(.text) refers to stm32_usart2_gtway.o(.text) for Usart2_Configuration
    bsp.o(.text) refers to usart2_dma_proc.o(.text) for Usart2_DMA_Configuration
    bsp.o(.text) refers to bsp_leds.o(.text) for Sx1280_GPIO_Inital
    bsp.o(.text) refers to stm32f10x_iwdg.o(.text) for IWDG_ReloadCounter
    bsp_isr.o(.text) refers to stm32f10x_rtc.o(.text) for RTC_GetITStatus
    bsp_isr.o(.text) refers to stm32_rtc.o(.text) for Time_Get
    bsp_isr.o(.text) refers to nwk_qmgmt.o(.text) for nwk_QfindAppFrame
    bsp_isr.o(.text) refers to ed_tx_fail_buffer_fun.o(.text) for Find_ed_info_in_tx_fail_buffer
    bsp_isr.o(.text) refers to stm32_rtc.o(.bss) for real_time
    bsp_isr.o(.text) refers to net_frm_proc.o(.data) for net_frm_cur_num
    bsp_isr.o(.text) refers to ed_tx_fail_buffer_fun.o(.data) for tx_fail_frm_num
    bsp_isr.o(.text) refers to bsp_isr.o(.data) for emergency_count
    delay.o(.text) refers to stm32f10x_iwdg.o(.text) for IWDG_ReloadCounter
    delay.o(.text) refers to delay.o(.data) for us_value
    bsp_leds.o(.text) refers to stm32f10x_rcc.o(.text) for RCC_APB2PeriphClockCmd
    bsp_leds.o(.text) refers to stm32f10x_gpio.o(.text) for GPIO_Init
    stm32_beep.o(.text) refers to stm32f10x_rcc.o(.text) for RCC_APB2PeriphClockCmd
    stm32_beep.o(.text) refers to stm32f10x_gpio.o(.text) for GPIO_Init
    stm32_it_config.o(.text) refers to misc.o(.text) for NVIC_SetVectorTable
    stm32_usart2_gtway.o(.text) refers to stm32f10x_rcc.o(.text) for RCC_APB1PeriphClockCmd
    stm32_usart2_gtway.o(.text) refers to stm32f10x_gpio.o(.text) for GPIO_Init
    stm32_usart2_gtway.o(.text) refers to stm32f10x_usart.o(.text) for USART_DeInit
    stm32_usart2_gtway.o(.text) refers to misc.o(.text) for NVIC_SetVectorTable
    stm32_reset.o(.text) refers to stm32f10x_rcc.o(.text) for RCC_APB1PeriphClockCmd
    stm32_reset.o(.text) refers to stm32f10x_wwdg.o(.text) for WWDG_SetPrescaler
    stm32_reset.o(.text) refers to stm32f10x_iwdg.o(.text) for IWDG_WriteAccessCmd
    stm32_flash.o(.text) refers to core_cm3.o(.emb_text) for OS_CPU_SR_Save
[...]
    TIM_SetCompare4                          0x08002829   Thumb Code     6  stm32f10x_tim.o(.text)
    TIM_SetClockDivision                     0x0800282f   Thumb Code    18  stm32f10x_tim.o(.text)
    TIM_GetCapture1                          0x08002841   Thumb Code     6  stm32f10x_tim.o(.text)
    TIM_GetCapture2                          0x08002847   Thumb Code     6  stm32f10x_tim.o(.text)
    TIM_GetCapture3                          0x0800284d   Thumb Code     6  stm32f10x_tim.o(.text)
    TIM_GetCapture4                          0x08002853   Thumb Code     8  stm32f10x_tim.o(.text)
    TIM_GetCounter                           0x0800285b   Thumb Code     6  stm32f10x_tim.o(.text)
    TIM_GetPrescaler                         0x08002861   Thumb Code     6  stm32f10x_tim.o(.text)
    TIM_GetFlagStatus                        0x08002867   Thumb Code    18  stm32f10x_tim.o(.text)
    TIM_ClearFlag                            0x08002879   Thumb Code     6  stm32f10x_tim.o(.text)
    TIM_GetITStatus                          0x0800287f   Thumb Code    34  stm32f10x_tim.o(.text)
    TIM_ClearITPendingBit                    0x080028a1   Thumb Code     6  stm32f10x_tim.o(.text)
    USART_DeInit                             0x080028a9   Thumb Code   134  stm32f10x_usart.o(.text)
    USART_Init                               0x0800292f   Thumb Code   210  stm32f10x_usart.o(.text)
    USART_StructInit                         0x08002a01   Thumb Code    24  stm32f10x_usart.o(.text)
    USART_ClockInit                          0x08002a19   Thumb Code    34  stm32f10x_usart.o(.text)
    USART_ClockStructInit                    0x08002a3b   Thumb Code    12  stm32f10x_usart.o(.text)
    USART_Cmd                                0x08002a47   Thumb Code    24  stm32f10x_usart.o(.text)
    USART_ITConfig                           0x08002a5f   Thumb Code    74  stm32f10x_usart.o(.text)
    USART_DMACmd                             0x08002aa9   Thumb Code    18  stm32f10x_usart.o(.text)
    USART_SetAddress                         0x08002abb   Thumb Code    18  stm32f10x_usart.o(.text)
    USART_WakeUpConfig                       0x08002acd   Thumb Code    18  stm32f10x_usart.o(.text)
    USART_ReceiverWakeUpCmd                  0x08002adf   Thumb Code    24  stm32f10x_usart.o(.text)
    USART_LINBreakDetectLengthConfig         0x08002af7   Thumb Code    18  stm32f10x_usart.o(.text)
    USART_LINCmd                             0x08002b09   Thumb Code    24  stm32f10x_usart.o(.text)
    USART_SendData                           0x08002b21   Thumb Code     8  stm32f10x_usart.o(.text)
    USART_ReceiveData                        0x08002b29   Thumb Code    10  stm32f10x_usart.o(.text)
    USART_SendBreak                          0x08002b33   Thumb Code    10  stm32f10x_usart.o(.text)
    USART_SetGuardTime                       0x08002b3d   Thumb Code    16  stm32f10x_usart.o(.text)
    USART_SetPrescaler                       0x08002b4d   Thumb Code    16  stm32f10x_usart.o(.text)
    USART_SmartCardCmd                       0x08002b5d   Thumb Code    24  stm32f10x_usart.o(.text)
    USART_SmartCardNACKCmd                   0x08002b75   Thumb Code    24  stm32f10x_usart.o(.text)
    USART_HalfDuplexCmd                      0x08002b8d   Thumb Code    24  stm32f10x_usart.o(.text)
    USART_OverSampling8Cmd                   0x08002ba5   Thumb Code    22  stm32f10x_usart.o(.text)
    USART_OneBitMethodCmd                    0x08002bbb   Thumb Code    24  stm32f10x_usart.o(.text)
    USART_IrDAConfig                         0x08002bd3   Thumb Code    18  stm32f10x_usart.o(.text)
    USART_IrDACmd                            0x08002be5   Thumb Code    24  stm32f10x_usart.o(.text)
    USART_GetFlagStatus                      0x08002bfd   Thumb Code    26  stm32f10x_usart.o(.text)
    USART_ClearFlag                          0x08002c17   Thumb Code    18  stm32f10x_usart.o(.text)
    USART_GetITStatus                        0x08002c29   Thumb Code    84  stm32f10x_usart.o(.text)
    USART_ClearITPendingBit                  0x08002c7d   Thumb Code    52  stm32f10x_usart.o(.text)
    WWDG_DeInit                              0x08002cb1   Thumb Code    22  stm32f10x_wwdg.o(.text)
    WWDG_SetPrescaler                        0x08002cc7   Thumb Code    18  stm32f10x_wwdg.o(.text)
    WWDG_SetWindowValue                      0x08002cd9   Thumb Code    34  stm32f10x_wwdg.o(.text)
    WWDG_EnableIT                            0x08002cfb   Thumb Code     8  stm32f10x_wwdg.o(.text)
    WWDG_SetCounter                          0x08002d03   Thumb Code    12  stm32f10x_wwdg.o(.text)
    WWDG_Enable                              0x08002d0f   Thumb Code    12  stm32f10x_wwdg.o(.text)
    WWDG_GetFlagStatus                       0x08002d1b   Thumb Code    10  stm32f10x_wwdg.o(.text)
    WWDG_ClearFlag                           0x08002d25   Thumb Code    10  stm32f10x_wwdg.o(.text)
    BKP_DeInit                               0x08002d39   Thumb Code    16  stm32f10x_bkp.o(.text)
    BKP_TamperPinLevelConfig                 0x08002d49   Thumb Code     6  stm32f10x_bkp.o(.text)
    BKP_TamperPinCmd                         0x08002d4f   Thumb Code     8  stm32f10x_bkp.o(.text)
    BKP_ITConfig                             0x08002d57   Thumb Code     8  stm32f10x_bkp.o(.text)
    BKP_RTCOutputConfig                      0x08002d5f   Thumb Code    22  stm32f10x_bkp.o(.text)
    BKP_SetRTCCalibrationValue               0x08002d75   Thumb Code    22  stm32f10x_bkp.o(.text)
    BKP_WriteBackupRegister                  0x08002d8b   Thumb Code    24  stm32f10x_bkp.o(.text)
    BKP_ReadBackupRegister                   0x08002da3   Thumb Code    26  stm32f10x_bkp.o(.text)
    BKP_GetFlagStatus                        0x08002dbd   Thumb Code    10  stm32f10x_bkp.o(.text)
    BKP_ClearFlag                            0x08002dc7   Thumb Code    18  stm32f10x_bkp.o(.text)
    BKP_GetITStatus                          0x08002dd9   Thumb Code    10  stm32f10x_bkp.o(.text)
    BKP_ClearITPendingBit                    0x08002de3   Thumb Code    18  stm32f10x_bkp.o(.text)
    NVIC_PriorityGroupConfig                 0x08002dfd   Thumb Code    10  misc.o(.text)
    NVIC_Init                                0x08002e07   Thumb Code   100  misc.o(.text)
    NVIC_SetVectorTable                      0x08002e6b   Thumb Code    14  misc.o(.text)
    NVIC_SystemLPConfig                      0x08002e79   Thumb Code    34  misc.o(.text)
    SysTick_CLKSourceConfig                  0x08002e9b   Thumb Code    40  misc.o(.text)
    PWR_DeInit                               0x08002ed9   Thumb Code    22  stm32f10x_pwr.o(.text)
    PWR_BackupAccessCmd                      0x08002eef   Thumb Code     6  stm32f10x_pwr.o(.text)
    PWR_PVDCmd                               0x08002ef5   Thumb Code     6  stm32f10x_pwr.o(.text)
    PWR_PVDLevelConfig                       0x08002efb   Thumb Code    18  stm32f10x_pwr.o(.text)
    PWR_WakeUpPinCmd                         0x08002f0d   Thumb Code     8  stm32f10x_pwr.o(.text)
    PWR_EnterSTOPMode                        0x08002f15   Thumb Code    54  stm32f10x_pwr.o(.text)
    PWR_EnterSTANDBYMode                     0x08002f4b   Thumb Code    42  stm32f10x_pwr.o(.text)
    PWR_GetFlagStatus                        0x08002f75   Thumb Code    20  stm32f10x_pwr.o(.text)
    PWR_ClearFlag                            0x08002f89   Thumb Code    14  stm32f10x_pwr.o(.text)
    SEGGER_RTT_Read                          0x08002fc5   Thumb Code   196  segger_rtt.o(.text)
    SEGGER_RTT_Write                         0x08003089   Thumb Code   404  segger_rtt.o(.text)
    SEGGER_RTT_WriteString                   0x0800321d   Thumb Code    26  segger_rtt.o(.text)
    SEGGER_RTT_GetKey                        0x08003237   Thumb Code    30  segger_rtt.o(.text)
    SEGGER_RTT_WaitKey                       0x08003255   Thumb Code    14  segger_rtt.o(.text)
    SEGGER_RTT_HasKey                        0x08003263   Thumb Code    26  segger_rtt.o(.text)
    SEGGER_RTT_ConfigUpBuffer                0x0800327d   Thumb Code   126  segger_rtt.o(.text)
    SEGGER_RTT_ConfigDownBuffer              0x080032fb   Thumb Code   116  segger_rtt.o(.text)
    SEGGER_RTT_Init                          0x0800336f   Thumb Code     8  segger_rtt.o(.text)
    SEGGER_RTT_SetTerminal                   0x08003377   Thumb Code    70  segger_rtt.o(.text)
    SEGGER_RTT_TerminalOut                   0x080033bd   Thumb Code   118  segger_rtt.o(.text)
    SEGGER_RTT_vprintf                       0x08003657   Thumb Code   504  segger_rtt_printf.o(.text)
    SEGGER_RTT_printf                        0x0800384f   Thumb Code    26  segger_rtt_printf.o(.text)
    SEGGER_RTT_put_multi_char                0x08003869   Thumb Code    40  segger_rtt_printf.o(.text)
    SEGGER_RTT_put_multi_char_no_word_wrap   0x08003891   Thumb Code    32  segger_rtt_printf.o(.text)
    TIM1_NVIC_Configuration                  0x080038c1   Thumb Code    44  bsp.o(.text)
    TIM1_Configuration                       0x080038ed   Thumb Code    90  bsp.o(.text)
    TIM5_NVIC_Configuration                  0x08003947   Thumb Code    42  bsp.o(.text)
    TIM5_Configuration                       0x08003971   Thumb Code    86  bsp.o(.text)
    EXIT_PC10_Config                         0x080039c7   Thumb Code    54  bsp.o(.text)
    TIM6_NVIC_Configuration                  0x080039fd   Thumb Code    44  bsp.o(.text)
    TIM6_Configuration                       0x08003a29   Thumb Code    86  bsp.o(.text)
    RCC_Configuration                        0x08003a7f   Thumb Code     8  bsp.o(.text)
    BSP_InitBoard                            0x08003a87   Thumb Code    46  bsp.o(.text)
    BSP_Init                                 0x08003ab5   Thumb Code    96  bsp.o(.text)
    BSP_Delay                                0x08003b15   Thumb Code    98  bsp.o(.text)
    RTC_IRQHandler                           0x08003b89   Thumb Code   108  bsp_isr.o(.text)
    delay_init                               0x08003c0d   Thumb Code    44  delay.o(.text)
    delay_ms                                 0x08003c39   Thumb Code    82  delay.o(.text)
    delay_s                                  0x08003c8b   Thumb Code    28  delay.o(.text)
    delay_us                                 0x08003ca7   Thumb Code    72  delay.o(.text)
    Sx1280_GPIO_Inital                       0x08003cf9   Thumb Code   136  bsp_leds.o(.text)
    LED_TURN_ON_OFF                          0x08003d81   Thumb Code    28  bsp_leds.o(.text)
    BSP_BEEP_Init                            0x08003da9   Thumb Code    38  stm32_beep.o(.text)
    BSP_TURN_ON_BEEP                         0x08003dcf   Thumb Code    14  stm32_beep.o(.text)
    BSP_TURN_OFF_BEEP                        0x08003ddd   Thumb Code    14  stm32_beep.o(.text)
    NVIC_Configuration                       0x08003df1   Thumb Code   120  stm32_it_config.o(.text)
    Usart2_Configuration                     0x08003e69   Thumb Code   138  stm32_usart2_gtway.o(.text)
    USART2_NVIC_Configuration                0x08003ef3   Thumb Code    44  stm32_usart2_gtway.o(.text)
    Usart1_Configuration                     0x08003f1f   Thumb Code   142  stm32_usart2_gtway.o(.text)
    USART1_NVIC_Configuration                0x08003fad   Thumb Code    44  stm32_usart2_gtway.o(.text)
    put_string_uart2                         0x08003fd9   Thumb Code    38  stm32_usart2_gtway.o(.text)
    put_char_uart2                           0x08003fff   Thumb Code   138  stm32_usart2_gtway.o(.text)
    put_multi_char_uart2                     0x08004089   Thumb Code    28  stm32_usart2_gtway.o(.text)
    put_hex_uart2                            0x080040a5   Thumb Code    28  stm32_usart2_gtway.o(.text)
    put_multi_hex_uart2                      0x080040c1   Thumb Code    28  stm32_usart2_gtway.o(.text)
    put_hex_uart1                            0x080040dd   Thumb Code    28  stm32_usart2_gtway.o(.text)
    put_multi_hex_uart1                      0x080040f9   Thumb Code    28  stm32_usart2_gtway.o(.text)
    fputc                                    0x08004115   Thumb Code    32  stm32_usart2_gtway.o(.text)
    BSP_RESET_BOARD                          0x08004141   Thumb Code    30  stm32_reset.o(.text)
    IWDG_Config                              0x0800415f   Thumb Code    48  stm32_reset.o(.text)
    FLASH_WriteByte                          0x08004191   Thumb Code   152  stm32_flash.o(.text)
    FLASH_ReadByte                           0x08004229   Thumb Code    24  stm32_flash.o(.text)
    FLASH_EraseOnePage                       0x08004241   Thumb Code    26  stm32_flash.o(.text)
    Set_BootLoader_State                     0x0800425b   Thumb Code    90  stm32_flash.o(.text)
    Read_BootLoader_State                    0x080042b5   Thumb Code    18  stm32_flash.o(.text)
    RTC_Get_Week                             0x080042d1   Thumb Code   116  stm32_rtc.o(.text)
    Is_Leap_Year                             0x08004345   Thumb Code    58  stm32_rtc.o(.text)
    Time_Get                                 0x0800437f   Thumb Code   230  stm32_rtc.o(.text)
    Time_Update                              0x08004465   Thumb Code   196  stm32_rtc.o(.text)
    get_week                                 0x08004529   Thumb Code    30  stm32_rtc.o(.text)
    Time_Set                                 0x08004547   Thumb Code   106  stm32_rtc.o(.text)
    Init_RTC                                 0x080045b1   Thumb Code   152  stm32_rtc.o(.text)
    get_time_s                               0x08004649   Thumb Code     8  stm32_rtc.o(.text)
    set_week                                 0x08004651   Thumb Code    18  stm32_rtc.o(.text)
    NMI_Handler                              0x08004685   Thumb Code    16  stm32f10x_it.o(.text)
    HardFault_Handler                        0x08004695   Thumb Code    28  stm32f10x_it.o(.text)
    MemManage_Handler                        0x080046b1   Thumb Code    16  stm32f10x_it.o(.text)
    BusFault_Handler                         0x080046c1   Thumb Code    16  stm32f10x_it.o(.text)
    UsageFault_Handler                       0x080046d1   Thumb Code    16  stm32f10x_it.o(.text)
    SVC_Handler                              0x080046e1   Thumb Code    16  stm32f10x_it.o(.text)
    DebugMon_Handler                         0x080046f1   Thumb Code    16  stm32f10x_it.o(.text)
    PendSV_Handler                           0x08004701   Thumb Code    16  stm32f10x_it.o(.text)
    SysTick_Handler                          0x08004711   Thumb Code    16  stm32f10x_it.o(.text)
    TIM6_IRQHandler                          0x08004721   Thumb Code    22  stm32f10x_it.o(.text)
    UseMacAddressInFlash                     0x08004865   Thumb Code    24  bsp_mac_addr.o(.text)
    MacAddressInFlashIsValid                 0x0800487d   Thumb Code    38  bsp_mac_addr.o(.text)
    Load_MacAddress                          0x080048a3   Thumb Code    14  bsp_mac_addr.o(.text)
    WriteMacAddressToFlash                   0x080048b1   Thumb Code    16  bsp_mac_addr.o(.text)
    CleanMacAddressInFlash                   0x080048c1   Thumb Code    18  bsp_mac_addr.o(.text)
    WriteModuleInfoToFlash                   0x080048d3   Thumb Code    18  bsp_mac_addr.o(.text)
    CleanModuleInfoInFlash                   0x080048e5   Thumb Code    22  bsp_mac_addr.o(.text)
    GetMyModuleInfo                          0x080048fb   Thumb Code    26  bsp_mac_addr.o(.text)
    bsp_getMacAddr                           0x08004915   Thumb Code     4  bsp_mac_addr.o(.text)
    MRFI_Ready                               0x08004921   Thumb Code    38  mrfi.o(.text)
    MRFI_RxOn                                0x08004947   Thumb Code    88  mrfi.o(.text)
    MRFI_Rssi                                0x0800499f   Thumb Code    16  mrfi.o(.text)
    mrfiSpiInit                              0x080049af   Thumb Code   190  mrfi.o(.text)
    MRFI_Init                                0x08004a6d   Thumb Code   182  mrfi.o(.text)
    MRFI_RandomByte                          0x08004b59   Thumb Code    20  mrfi.o(.text)
    MRFI_DelayMs                             0x08004b91   Thumb Code    24  mrfi.o(.text)
    TX_func                                  0x08004bf9   Thumb Code    86  mrfi.o(.text)
    MRFI_Transmit                            0x08004e09   Thumb Code   186  mrfi.o(.text)
    MRFI_Receive                             0x08004ec3   Thumb Code    16  mrfi.o(.text)
    MRFI_RxAddrIsFiltered                    0x08004ed3   Thumb Code    72  mrfi.o(.text)
    MRFI_Sleep                               0x08005017   Thumb Code   110  mrfi.o(.text)
    MRFI_WakeUp                              0x08005085   Thumb Code    14  mrfi.o(.text)
    MRFI_GpioIsr                             0x08005093   Thumb Code    54  mrfi.o(.text)
    MRFI_ReplyDelay                          0x08005109   Thumb Code    84  mrfi.o(.text)
    MRFI_PostKillSem                         0x0800515d   Thumb Code   240  mrfi.o(.text)
    MRFI_GetRadioState                       0x0800524d   Thumb Code     6  mrfi.o(.text)
    MRFI_getFrameTransmissionCount           0x08005253   Thumb Code     6  mrfi.o(.text)
    MRFI_getFrameReceiveCount                0x08005259   Thumb Code     6  mrfi.o(.text)
    MRFI_SetChannelNum                       0x0800525f   Thumb Code    14  mrfi.o(.text)
    MRFI_GetChannelNum                       0x0800526d   Thumb Code     6  mrfi.o(.text)
    SX1276_Parameters_Select                 0x08005273   Thumb Code    20  mrfi.o(.text)
    Lora_Rssiv_judge                         0x08005287   Thumb Code    74  mrfi.o(.text)
    Lora_RSSI_VALID_WAIT                     0x080052d1   Thumb Code    88  mrfi.o(.text)
    Mrfi_SpiSendCommand                      0x080053a7   Thumb Code    48  mrfi.o(.text)
    Mrfi_SpiGetResponse                      0x080053d7   Thumb Code   110  mrfi.o(.text)
    Mrfi_SpiWaitforCTS                       0x08005445   Thumb Code    12  mrfi.o(.text)
    Mrfi_SpiSendCmdGetResp                   0x08005451   Thumb Code    40  mrfi.o(.text)
    SPI_NRF_RW                               0x08005479   Thumb Code    50  mrfi.o(.text)
    Mrfi_SpiReadData                         0x080054ab   Thumb Code    56  mrfi.o(.text)
    Mrfi_SpiWriteData                        0x080054e3   Thumb Code    56  mrfi.o(.text)
    MRFI_SetLogicalChannel                   0x0800551b   Thumb Code    44  mrfi.o(.text)
    MRFI_SetRFPwr                            0x08005547   Thumb Code    46  mrfi.o(.text)
    MRFI_SetRxAddrFilter                     0x08005575   Thumb Code    24  mrfi.o(.text)
    MRFI_EnableRxAddrFilter                  0x0800558d   Thumb Code     8  mrfi.o(.text)
    MRFI_DisableRxAddrFilter                 0x08005595   Thumb Code     8  mrfi.o(.text)
    EXTI15_10_IRQHandler                     0x0800559d   Thumb Code   104  mrfi.o(.text)
    TIM5_IRQHandler                          0x08005605   Thumb Code    26  mrfi.o(.text)
    delayms                                  0x080056c9   Thumb Code    24  sx1276-lora.o(.text)
    SPICmd8bit                               0x080056e1   Thumb Code   116  sx1276-lora.o(.text)
    Sx1278_Reset                             0x08005755   Thumb Code    12  sx1276-lora.o(.text)
    SPIRead8bit                              0x08005761   Thumb Code    98  sx1276-lora.o(.text)
    write1byte_to_sx1278                     0x080057c3   Thumb Code    36  sx1276-lora.o(.text)
    ReadOneByte                              0x080057e7   Thumb Code    58  sx1276-lora.o(.text)
    SPIRead                                  0x08005821   Thumb Code    16  sx1276-lora.o(.text)
    SPIWrite                                 0x08005831   Thumb Code    84  sx1276-lora.o(.text)
    SX1276ReadFifo                           0x08005885   Thumb Code    74  sx1276-lora.o(.text)
    SPIBurstRead                             0x080058cf   Thumb Code    28  sx1276-lora.o(.text)
    SX1276WriteFifo                          0x080058eb   Thumb Code    72  sx1276-lora.o(.text)
    BurstWrite                               0x08005933   Thumb Code    28  sx1276-lora.o(.text)
    SX1276_Standby                           0x0800594f   Thumb Code    12  sx1276-lora.o(.text)
    SX1276_Sleep                             0x0800595b   Thumb Code    12  sx1276-lora.o(.text)
    SX1276_EntryLoRa                         0x08005967   Thumb Code    12  sx1276-lora.o(.text)
    SX1276_LoRaClearIrq                      0x08005973   Thumb Code    12  sx1276-lora.o(.text)
    SX1276_Config                            0x0800597f   Thumb Code   370  sx1276-lora.o(.text)
    SX1276_LoRaEntryRx                       0x08005af1   Thumb Code   138  sx1276-lora.o(.text)
    SX1276_LoRaRxWaitStable                  0x08005b7b   Thumb Code    14  sx1276-lora.o(.text)
    Mrfi_ReadRxFifoData                      0x08005b89   Thumb Code    46  sx1276-lora.o(.text)
    SX1276_LoRaEntryTx                       0x08005bb7   Thumb Code   132  sx1276-lora.o(.text)
    SX1276_LoRaTxPacket                      0x08005c3b   Thumb Code    64  sx1276-lora.o(.text)
    SX1276_LoRaCAD_Init                      0x08005c7b   Thumb Code    36  sx1276-lora.o(.text)
    SX1276_LoRa_CAD                          0x08005c9f   Thumb Code    12  sx1276-lora.o(.text)
    SX1276_FskConfig                         0x08005cab   Thumb Code   122  sx1276-lora.o(.text)
    SX1276_FskClearFIFO                      0x08005d25   Thumb Code    20  sx1276-lora.o(.text)
    SX1276_FskEntryRx                        0x08005d39   Thumb Code    60  sx1276-lora.o(.text)
    SX1276_FskRxPacket                       0x08005d75   Thumb Code     4  sx1276-lora.o(.text)
    SX1276_FskEntryTx                        0x08005d79   Thumb Code    60  sx1276-lora.o(.text)
    SX1276_FskTxPacket                       0x08005db5   Thumb Code    28  sx1276-lora.o(.text)
    SX1276_LoRaRx_On                         0x08005dd1   Thumb Code    90  sx1276-lora.o(.text)
    Mrfi_ReadRxFifo                          0x08005e2b   Thumb Code    34  sx1276-lora.o(.text)
    Get_Radio_fre                            0x08005e4d   Thumb Code    18  sx1276-lora.o(.text)
    Get_Radio_Rate                           0x08005e5f   Thumb Code    38  sx1276-lora.o(.text)
    Get_Radio_mode                           0x08005e85   Thumb Code    18  sx1276-lora.o(.text)
    Get_Radio_Txpower                        0x08005e97   Thumb Code    34  sx1276-lora.o(.text)
    Set_Radio_Txpower                        0x08005eb9   Thumb Code    72  sx1276-lora.o(.text)
    main                                     0x08005f01   Thumb Code    62  main_swsn_ed.o(.text)
    SX1280Init                               0x08005f63   Thumb Code    16  sx1280.o(.text)
    SX1280SetRegistersDefault                0x08005f73   Thumb Code    34  sx1280.o(.text)
    SX1280GetFirmwareVersion                 0x08005f95   Thumb Code    22  sx1280.o(.text)
    SX1280GetStatus                          0x08005fab   Thumb Code    30  sx1280.o(.text)
    SX1280GetOpMode                          0x08005fc9   Thumb Code     6  sx1280.o(.text)
    SX1280SetSleep                           0x08005fcf   Thumb Code    66  sx1280.o(.text)
    SX1280SetStandby                         0x08006011   Thumb Code    34  sx1280.o(.text)
    SX1280SetFs                              0x08006033   Thumb Code    20  sx1280.o(.text)
    SX1280SetRangingRole                     0x08006047   Thumb Code    18  sx1280.o(.text)
    SX1280GetPacketType                      0x08006059   Thumb Code     6  sx1280.o(.text)
    SX1280ClearIrqStatus                     0x0800605f   Thumb Code    28  sx1280.o(.text)
    SX1280SetTx                              0x0800607b   Thumb Code    72  sx1280.o(.text)
    SX1280SetRx                              0x080060c3   Thumb Code    72  sx1280.o(.text)
    SX1280SetRxDutyCycle                     0x0800610b   Thumb Code    54  sx1280.o(.text)
    SX1280SetCad                             0x08006141   Thumb Code    20  sx1280.o(.text)
    SX1280SetTxContinuousWave                0x08006155   Thumb Code    14  sx1280.o(.text)
    SX1280SetTxContinuousPreamble            0x08006163   Thumb Code    14  sx1280.o(.text)
    SX1280SetPacketType                      0x08006171   Thumb Code    22  sx1280.o(.text)
    SX1280SetRfFrequency                     0x08006187   Thumb Code   104  sx1280.o(.text)
    SX1280SetTxParams                        0x080061ef   Thumb Code    32  sx1280.o(.text)
    SX1280SetCadParams                       0x0800620f   Thumb Code    20  sx1280.o(.text)
    SX1280SetBufferBaseAddresses             0x08006223   Thumb Code    26  sx1280.o(.text)
    SX1280SetModulationParams                0x0800623d   Thumb Code   168  sx1280.o(.text)
    SX1280SetPacketParams                    0x080062e5   Thumb Code   302  sx1280.o(.text)
    SX1280GetRxBufferStatus                  0x08006413   Thumb Code    66  sx1280.o(.text)
    SX1280GetPacketStatus                    0x08006455   Thumb Code   776  sx1280.o(.text)
    SX1280GetRssiInst                        0x0800675d   Thumb Code    32  sx1280.o(.text)
    SX1280SetDioIrqParams                    0x0800677d   Thumb Code    74  sx1280.o(.text)
    SX1280GetIrqStatus                       0x080067c7   Thumb Code    26  sx1280.o(.text)
    SX1280Calibrate                          0x080067e1   Thumb Code    86  sx1280.o(.text)
    SX1280SetRegulatorMode                   0x08006837   Thumb Code    14  sx1280.o(.text)
    SX1280SetSaveContext                     0x08006845   Thumb Code    14  sx1280.o(.text)
    SX1280SetAutoTx                          0x08006853   Thumb Code    34  sx1280.o(.text)
    SX1280SetAutoFS                          0x08006875   Thumb Code    14  sx1280.o(.text)
    SX1280SetLongPreamble                    0x08006883   Thumb Code    14  sx1280.o(.text)
    SX1280SetPayload                         0x08006891   Thumb Code    18  sx1280.o(.text)
    SX1280GetPayload                         0x080068a3   Thumb Code    42  sx1280.o(.text)
    SX1280SendPayload                        0x080068cd   Thumb Code    22  sx1280.o(.text)
    SX1280SetSyncWord                        0x080068e3   Thumb Code   152  sx1280.o(.text)
    SX1280SetSyncWordErrorTolerance          0x0800697b   Thumb Code    36  sx1280.o(.text)
    SX1280SetCrcSeed                         0x0800699f   Thumb Code    50  sx1280.o(.text)
    SX1280SetCrcPolynomial                   0x080069d1   Thumb Code    50  sx1280.o(.text)
    SX1280SetWhiteningSeed                   0x08006a03   Thumb Code    42  sx1280.o(.text)
    SX1280SetRangingIdLength                 0x08006a2d   Thumb Code    48  sx1280.o(.text)
    SX1280SetDeviceRangingAddress            0x08006a5d   Thumb Code    60  sx1280.o(.text)
    SX1280SetRangingRequestAddress           0x08006a99   Thumb Code    60  sx1280.o(.text)
    SX1280GetLoRaBandwidth                   0x08006ad5   Thumb Code    46  sx1280.o(.text)
    SX1280GetRangingResult                   0x08006b03   Thumb Code   266  sx1280.o(.text)
    SX1280SetRangingCalibration              0x08006c0d   Thumb Code    40  sx1280.o(.text)
    SX1280RangingClearFilterResult           0x08006c35   Thumb Code    38  sx1280.o(.text)
    SX1280RangingSetFilterNumSamples         0x08006c5b   Thumb Code    26  sx1280.o(.text)
    SX1280GetHexFileLineFields               0x08006c75   Thumb Code   246  sx1280.o(.text)
    SX1280ParseHexFileLine                   0x08006d6b   Thumb Code    56  sx1280.o(.text)
    SX1280GetFrequencyError                  0x08006da3   Thumb Code   216  sx1280.o(.text)
    SX1280SetPollingMode                     0x08006e7b   Thumb Code     8  sx1280.o(.text)
    SX1280SetInterruptMode                   0x08006e83   Thumb Code     8  sx1280.o(.text)
    SX1280ProcessIrqs                        0x08006e8b   Thumb Code  1132  sx1280.o(.text)
    SX1280OnDioIrq                           0x080072f7   Thumb Code    38  sx1280.o(.text)
    GpioWrite                                0x0800731d   Thumb Code    34  sx1280.o(.text)
    SX1280_ParaCofig                         0x0800733f   Thumb Code    48  sx1280.o(.text)
    SX1280_Init                              0x0800736f   Thumb Code   172  sx1280.o(.text)
    SX1280_SendPacket                        0x0800741b   Thumb Code    42  sx1280.o(.text)
    Mrfi_GetCurrentState                     0x08007445   Thumb Code    20  sx1280.o(.text)
    Mrfi_GetCurrentRSSI                      0x08007459   Thumb Code    30  sx1280.o(.text)
    SX1280_Standby                           0x08007477   Thumb Code    10  sx1280.o(.text)
    Mrfi_SetPaPower                          0x08007481   Thumb Code    16  sx1280.o(.text)
    Mrfi_GetRxFifoByteNum                    0x08007491   Thumb Code    16  sx1280.o(.text)
    SX1280HalWaitOnBusy                      0x080074d5   Thumb Code    18  sx1280-hal.o(.text)
    SX1280HalReset                           0x080074e7   Thumb Code    38  sx1280-hal.o(.text)
    SX1280HalInit                            0x0800750d   Thumb Code    10  sx1280-hal.o(.text)
    SX1280HalIoIrqInit                       0x08007517   Thumb Code    10  sx1280-hal.o(.text)
    SpiInOut                                 0x08007521   Thumb Code    38  sx1280-hal.o(.text)
    SX1280HalClearInstructionRam             0x08007547   Thumb Code    68  sx1280-hal.o(.text)
    SX120HalWakeup                           0x0800758b   Thumb Code    40  sx1280-hal.o(.text)
    SX1280HalWriteCommand                    0x080075b3   Thumb Code    66  sx1280-hal.o(.text)
    SX1280HalReadCommand                     0x080075f5   Thumb Code    70  sx1280-hal.o(.text)
    SX1280HalWriteRegisters                  0x0800763b   Thumb Code    74  sx1280-hal.o(.text)
    SX1280HalWriteRegister                   0x08007685   Thumb Code    16  sx1280-hal.o(.text)
    SX1280HalReadRegisters                   0x08007695   Thumb Code    82  sx1280-hal.o(.text)
    SX1280HalReadRegister                    0x080076e7   Thumb Code    20  sx1280-hal.o(.text)
    SX1280HalWriteBuffer                     0x080076fb   Thumb Code    68  sx1280-hal.o(.text)
    SX1280HalReadBuffer                      0x0800773f   Thumb Code    76  sx1280-hal.o(.text)
    SX1280HalGetDioStatus                    0x0800778b   Thumb Code    30  sx1280-hal.o(.text)
    OnTxDone                                 0x080077b9   Thumb Code     8  sx1280-para.o(.text)
    OnRxDone                                 0x080077c1   Thumb Code     8  sx1280-para.o(.text)
    OnTxTimeout                              0x080077c9   Thumb Code    16  sx1280-para.o(.text)
    OnRxTimeout                              0x080077d9   Thumb Code     8  sx1280-para.o(.text)
    OnRxError                                0x080077e1   Thumb Code    18  sx1280-para.o(.text)
    OnRangingDone                            0x080077f3   Thumb Code     2  sx1280-para.o(.text)
    OnCadDone                                0x080077f5   Thumb Code     2  sx1280-para.o(.text)
    gen_crc                                  0x0800781d   Thumb Code    28  bui_pkg_fun.o(.text)
    bui_app_frame                            0x08007839   Thumb Code   104  bui_pkg_fun.o(.text)
    bui_reply_msg                            0x080078a1   Thumb Code   118  bui_pkg_fun.o(.text)
    bui_alarm_msg                            0x08007917   Thumb Code   198  bui_pkg_fun.o(.text)
    bui_order_msg                            0x080079dd   Thumb Code   208  bui_pkg_fun.o(.text)
    bui_data_msg                             0x08007aad   Thumb Code   172  bui_pkg_fun.o(.text)
    bui_switch_state_msg                     0x08007b59   Thumb Code   210  bui_pkg_fun.o(.text)
    send_reply_msg                           0x08007c2b   Thumb Code   370  bui_pkg_fun.o(.text)
    send_alarm_msg                           0x08007d9d   Thumb Code   308  bui_pkg_fun.o(.text)
    send_command_msg                         0x08007ed1   Thumb Code   266  bui_pkg_fun.o(.text)
    send_ack_msg                             0x08007fdb   Thumb Code   210  bui_pkg_fun.o(.text)
    bui_pkg_ack                              0x080080ad   Thumb Code    76  bui_pkg_fun.o(.text)
    bui_pkg_alarm                            0x080080f9   Thumb Code   238  bui_pkg_fun.o(.text)
    bui_rep_pkg_command                      0x080081e7   Thumb Code   170  bui_pkg_fun.o(.text)
    bui_app_pkg                              0x08008291   Thumb Code   100  bui_pkg_fun.o(.text)
    bui_ed_to_ap_msg                         0x080082f5   Thumb Code    42  bui_pkg_fun.o(.text)
    sCB                                      0x08008321   Thumb Code    56  net_frm_proc.o(.text)
    net_frm_proc                             0x0800849f   Thumb Code   120  net_frm_proc.o(.text)
    bcast_frm_proc                           0x080085b5   Thumb Code    62  net_frm_proc.o(.text)
    send_usart_data_pkg                      0x080085f3   Thumb Code    62  net_frm_proc.o(.text)
    send_usartdata_to_ap                     0x080086db   Thumb Code   138  net_frm_proc.o(.text)
    no_para_fun                              0x08008765   Thumb Code     6  net_para_fun.o(.text)
    set_my_device_address                    0x0800876b   Thumb Code   160  net_para_fun.o(.text)
    read_rssi                                0x0800880b   Thumb Code    54  net_para_fun.o(.text)
    modformat_proc                           0x08008841   Thumb Code    36  net_para_fun.o(.text)
    rate_proc                                0x08008865   Thumb Code    36  net_para_fun.o(.text)
    chanspc_proc                             0x08008889   Thumb Code    56  net_para_fun.o(.text)
    chan_proc                                0x080088c1   Thumb Code    46  net_para_fun.o(.text)
    freq_proc                                0x080088ef   Thumb Code    36  net_para_fun.o(.text)
    net_para_proc                            0x08008913   Thumb Code   214  net_para_fun.o(.text)
    rxbw_proc                                0x080089e9   Thumb Code    28  net_para_fun.o(.text)
    no_status_fun                            0x08008a0d   Thumb Code     6  net_status_fun.o(.text)
    delete_ed_connect                        0x08008a13   Thumb Code    64  net_status_fun.o(.text)
    modify_ip_addr                           0x08008a53   Thumb Code    86  net_status_fun.o(.text)
    get_ed_mac_and_ip                        0x08008aa9   Thumb Code    94  net_status_fun.o(.text)
    get_ed_info                              0x08008b07   Thumb Code    88  net_status_fun.o(.text)
    time_sync_proc                           0x08008b5f   Thumb Code    62  net_status_fun.o(.text)
    set_datetime                             0x08008b9d   Thumb Code   138  net_status_fun.o(.text)
    get_ed_mac                               0x08008c27   Thumb Code    68  net_status_fun.o(.text)
    set_link_token                           0x08008c6b   Thumb Code    78  net_status_fun.o(.text)
    set_join_token                           0x08008cb9   Thumb Code    78  net_status_fun.o(.text)
    get_join_link_token                      0x08008d07   Thumb Code    86  net_status_fun.o(.text)
    net_status_proc                          0x08008d5d   Thumb Code   228  net_status_fun.o(.text)
    initAppFunc                              0x08008e41   Thumb Code   132  swsn_proc.o(.text)
    WriteCodeVersionInfoToFlash              0x08008f4f   Thumb Code    50  swsn_proc.o(.text)
    initCodeVersionInfo                      0x08008f81   Thumb Code    32  swsn_proc.o(.text)
    swsn_info_init                           0x08008fa1   Thumb Code    24  swsn_proc.o(.text)
    swsn_app_proc                            0x08008fb9   Thumb Code    78  swsn_proc.o(.text)
    registerAppFuncDomain                    0x08009007   Thumb Code    48  swsn_proc.o(.text)
    Time5_Pro_Func                           0x08009037   Thumb Code   120  swsn_proc.o(.text)
    RestoreFactorySettings                   0x080090af   Thumb Code    62  swsn_proc.o(.text)
    send_net_pkg                             0x08009175   Thumb Code    58  uart_frm_proc.o(.text)
    uart_frm_proc                            0x080091e9   Thumb Code    16  uart_frm_proc.o(.text)
    uart2_frm_proc                           0x080091f9   Thumb Code   154  uart_frm_proc.o(.text)
    proc_command_frm                         0x08009293   Thumb Code   102  uart_frm_proc.o(.text)
    proc_alarm_frm                           0x080092f9   Thumb Code    70  uart_frm_proc.o(.text)
    proc_net_ack_frm                         0x0800933f   Thumb Code    70  uart_frm_proc.o(.text)
    send_bcast_pkg                           0x08009385   Thumb Code    24  uart_frm_proc.o(.text)
    check_crc                                0x080093b1   Thumb Code    42  usart_share_info.o(.text)
    DMA_ResetCurrDataCounter                 0x080093db   Thumb Code    26  usart_share_info.o(.text)
    bui_ed_pkg                               0x080093f5   Thumb Code   118  ed_frm_proc.o(.text)
    Reverse_trans_direction                  0x0800946b   Thumb Code    82  ed_frm_proc.o(.text)
    get_ed_addr                              0x080094bd   Thumb Code     4  ed_frm_proc.o(.text)
    bui_outnet_frm                           0x080094c1   Thumb Code   162  ed_frm_proc.o(.text)
    bui_ed_ack                               0x08009563   Thumb Code    38  ed_frm_proc.o(.text)
    Send_ed_msg_to_uart                      0x08009589   Thumb Code   106  ed_frm_proc.o(.text)
    Bui_bcast_ed_msg_from_inner_msg          0x080095f3   Thumb Code   136  ed_frm_proc.o(.text)
    bui_ed_alarm                             0x0800967b   Thumb Code   124  ed_frm_proc.o(.text)
    pro_ed_data_ack                          0x080096f7   Thumb Code    72  ed_frm_proc.o(.text)
    USART2_IRQHandler                        0x08009765   Thumb Code    20  usart_isr.o(.text)
    USART1_IRQHandler                        0x08009779   Thumb Code    20  usart_isr.o(.text)
    NVIC_ClearPendingFlag                    0x08009791   Thumb Code    18  usart2_dma_proc.o(.text)
    Usart2_DMA_Configuration                 0x080097a3   Thumb Code   174  usart2_dma_proc.o(.text)
    Usart1_DMA_Configuration                 0x08009851   Thumb Code   180  usart2_dma_proc.o(.text)
    usart2_err_proc                          0x08009905   Thumb Code    48  usart2_dma_proc.o(.text)
    check_usart2_frame_end_and_crc           0x08009935   Thumb Code    90  usart2_dma_proc.o(.text)
    check_usart2_frame_head                  0x0800998f   Thumb Code    42  usart2_dma_proc.o(.text)
    read_Usart2_DMA_FIFO                     0x080099b9   Thumb Code   582  usart2_dma_proc.o(.text)
    read_Usart1_DMA_FIFO                     0x08009bff   Thumb Code    84  usart2_dma_proc.o(.text)
    TIM4_Configuration                       0x08009c53   Thumb Code   204  usart2_dma_proc.o(.text)
    TIM2_Configuration                       0x08009d1f   Thumb Code   214  usart2_dma_proc.o(.text)
    TIM4_IRQHandler                          0x08009df5   Thumb Code    66  usart2_dma_proc.o(.text)
    TIM2_IRQHandler                          0x08009e37   Thumb Code    70  usart2_dma_proc.o(.text)
    usart_getFrameReceiveCount               0x08009e7d   Thumb Code     6  usart2_dma_proc.o(.text)
    Iterates_usart2_buffer                   0x08009e83   Thumb Code    74  usart2_dma_proc.o(.text)
    Iterates_usart1_buffer                   0x08009ecd   Thumb Code    72  usart2_dma_proc.o(.text)
    nwk_nwkInit                              0x08009f35   Thumb Code   126  nwk.o(.text)
    nwk_getNextConnection                    0x0800a01d   Thumb Code    74  nwk.o(.text)
    nwk_freeConnection                       0x0800a067   Thumb Code     6  nwk.o(.text)
    nwk_getConnInfo                          0x0800a06d   Thumb Code    58  nwk.o(.text)
    nwk_isLinkDuplicate                      0x0800a0a7   Thumb Code    60  nwk.o(.text)
    nwk_findAddressMatch                     0x0800a0e3   Thumb Code    48  nwk.o(.text)
    nwk_checkConnInfo                        0x0800a113   Thumb Code    34  nwk.o(.text)
    nwk_isConnectionValid                    0x0800a135   Thumb Code   148  nwk.o(.text)
    nwk_allocateLocalRxPort                  0x0800a1c9   Thumb Code   226  nwk.o(.text)
    nwk_isValidReply                         0x0800a2ab   Thumb Code    72  nwk.o(.text)
    nwk_findPeer                             0x0800a2f3   Thumb Code    68  nwk.o(.text)
    nwk_checkAppMsgTID                       0x0800a337   Thumb Code    36  nwk.o(.text)
    nwk_getNumObjectFromMsg                  0x0800a35b   Thumb Code    44  nwk.o(.text)
    nwk_putNumObjectIntoMsg                  0x0800a387   Thumb Code    64  nwk.o(.text)
    nwk_NVObj                                0x0800a3c7   Thumb Code     6  nwk.o(.text)
    SWSN_DELAY                               0x0800a3cd   Thumb Code    12  nwk.o(.text)
    SMPL_Init                                0x0800a3d9   Thumb Code    72  nwk_api.o(.text)
    SMPL_LinkListen                          0x0800a421   Thumb Code   104  nwk_api.o(.text)
    SMPL_SendOpt                             0x0800a489   Thumb Code   238  nwk_api.o(.text)
    SMPL_Send                                0x0800a577   Thumb Code    22  nwk_api.o(.text)
    SMPL_Receive                             0x0800a58d   Thumb Code    72  nwk_api.o(.text)
    SMPL_Link                                0x0800a5d5   Thumb Code    12  nwk_api.o(.text)
    SMPL_Unlink                              0x0800a5e1   Thumb Code    12  nwk_api.o(.text)
    SMPL_Ping                                0x0800a5ed   Thumb Code    12  nwk_api.o(.text)
    SMPL_Commission                          0x0800a5f9   Thumb Code   100  nwk_api.o(.text)
    SMPL_Ioctl                               0x0800a677   Thumb Code   284  nwk_api.o(.text)
    SWSN_GetRemoterRssi                      0x0800a793   Thumb Code    24  nwk_api.o(.text)
    SWSN_DeleteConnToAP                      0x0800a7ab   Thumb Code    34  nwk_api.o(.text)
    send_user_msg                            0x0800a7cd   Thumb Code    36  nwk_api.o(.text)
    nwk_frameInit                            0x0800a7f1   Thumb Code    38  nwk_frame.o(.text)
    nwk_buildFrame                           0x0800a817   Thumb Code   186  nwk_frame.o(.text)
    nwk_buildAckReqFrame                     0x0800a8d1   Thumb Code    58  nwk_frame.o(.text)
    nwk_setAPAlive                           0x0800a90b   Thumb Code     6  nwk_frame.o(.text)
    MRFI_RxCompleteISR                       0x0800aa2d   Thumb Code    28  nwk_frame.o(.text)
    nwk_sendFrame                            0x0800aa49   Thumb Code    48  nwk_frame.o(.text)
    MRFI_ReProc                              0x0800aab1   Thumb Code    28  nwk_frame.o(.text)
    nwk_retrieveFrame                        0x0800aacd   Thumb Code   154  nwk_frame.o(.text)
    nwk_getMyRxType                          0x0800ab67   Thumb Code     6  nwk_frame.o(.text)
    nwk_sendAckReply                         0x0800ab6d   Thumb Code   244  nwk_frame.o(.text)
    MRFI_SetApAddrFilter                     0x0800ac61   Thumb Code     6  nwk_frame.o(.text)
    MRFI_ApAddrIsFiltered                    0x0800ac67   Thumb Code     6  nwk_frame.o(.text)
    nwk_hasAP                                0x0800ac6d   Thumb Code     6  nwk_frame.o(.text)
    nwk_globalsInit                          0x0800ac7d   Thumb Code    60  nwk_globals.o(.text)
    nwk_getMyAddress                         0x0800acb9   Thumb Code    14  nwk_globals.o(.text)
    nwk_getFWVersion                         0x0800acc7   Thumb Code     4  nwk_globals.o(.text)
    nwk_getProtocolVersion                   0x0800accb   Thumb Code     8  nwk_globals.o(.text)
    nwk_setMyAddress                         0x0800acd3   Thumb Code    26  nwk_globals.o(.text)
    nwk_setAPAddress                         0x0800aced   Thumb Code     8  nwk_globals.o(.text)
    nwk_getAPAddress                         0x0800acf5   Thumb Code    26  nwk_globals.o(.text)
    nwk_getBCastAddress                      0x0800ad0f   Thumb Code     4  nwk_globals.o(.text)
    nwk_getMyIPAddress                       0x0800ad13   Thumb Code     4  nwk_globals.o(.text)
    nwk_setMyIPAddress                       0x0800ad17   Thumb Code    12  nwk_globals.o(.text)
    nwk_QInit                                0x0800ad41   Thumb Code    24  nwk_qmgmt.o(.text)
    nwk_QadjustOrder                         0x0800ad59   Thumb Code    74  nwk_qmgmt.o(.text)
    nwk_QfindSlot                            0x0800ada3   Thumb Code   148  nwk_qmgmt.o(.text)
    nwk_QfindOldest                          0x0800ae37   Thumb Code   286  nwk_qmgmt.o(.text)
    nwk_getQ                                 0x0800af55   Thumb Code    14  nwk_qmgmt.o(.text)
    nwk_QfindAppFrame                        0x0800af63   Thumb Code    48  nwk_qmgmt.o(.text)
    UseJoinTokenInFlash                      0x0800af9d   Thumb Code    26  nwk_token.o(.text)
    JoinTokenInFlashIsValid                  0x0800afb7   Thumb Code    42  nwk_token.o(.text)
    Load_JoinToken                           0x0800afe1   Thumb Code    14  nwk_token.o(.text)
    WriteJoinTokenToFlash                    0x0800afef   Thumb Code    16  nwk_token.o(.text)
    CleanJoinTokenInFlash                    0x0800afff   Thumb Code    18  nwk_token.o(.text)
    UseLinkTokenInFlash                      0x0800b011   Thumb Code    28  nwk_token.o(.text)
    LinkTokenInFlashIsValid                  0x0800b02d   Thumb Code    44  nwk_token.o(.text)
    Load_LinkToken                           0x0800b059   Thumb Code    14  nwk_token.o(.text)
    WriteLinkTokenToFlash                    0x0800b067   Thumb Code    18  nwk_token.o(.text)
    CleanLinkTokenInFlash                    0x0800b079   Thumb Code    20  nwk_token.o(.text)
    nwk_freqInit                             0x0800b091   Thumb Code     2  nwk_freq.o(.text)
    nwk_processFreq                          0x0800b093   Thumb Code     6  nwk_freq.o(.text)
    nwk_rawSend                              0x0800b099   Thumb Code    72  nwk_ioctl.o(.text)
    nwk_rawReceive                           0x0800b0e1   Thumb Code    36  nwk_ioctl.o(.text)
    nwk_radioControl                         0x0800b105   Thumb Code   152  nwk_ioctl.o(.text)
    nwk_deviceAddress                        0x0800b19d   Thumb Code    40  nwk_ioctl.o(.text)
    nwk_deviceIPAddress                      0x0800b1c5   Thumb Code    40  nwk_ioctl.o(.text)
    nwk_connectionControl                    0x0800b1ed   Thumb Code    48  nwk_ioctl.o(.text)
    nwk_joinInit                             0x0800b21d   Thumb Code    30  nwk_join.o(.text)
    nwk_setJoinToken                         0x0800b23b   Thumb Code     8  nwk_join.o(.text)
    nwk_getJoinToken                         0x0800b243   Thumb Code    10  nwk_join.o(.text)
    nwk_join                                 0x0800b24d   Thumb Code   206  nwk_join.o(.text)
    nwk_processJoin                          0x0800b31b   Thumb Code    34  nwk_join.o(.text)
    nwk_linkInit                             0x0800b34d   Thumb Code    36  nwk_link.o(.text)
    nwk_setLinkToken                         0x0800b371   Thumb Code     8  nwk_link.o(.text)
    nwk_getLinkToken                         0x0800b379   Thumb Code    10  nwk_link.o(.text)
    nwk_unlink                               0x0800b383   Thumb Code   206  nwk_link.o(.text)
    nwk_link                                 0x0800b451   Thumb Code   316  nwk_link.o(.text)
    nwk_processLink                          0x0800b787   Thumb Code    82  nwk_link.o(.text)
    nwk_setListenContext                     0x0800b7d9   Thumb Code    14  nwk_link.o(.text)
    nwk_getLocalLinkID                       0x0800b7e7   Thumb Code    82  nwk_link.o(.text)
    nwk_mgmtInit                             0x0800b849   Thumb Code    12  nwk_mgmt.o(.text)
    nwk_processMgmt                          0x0800b857   Thumb Code    68  nwk_mgmt.o(.text)
    nwk_poll                                 0x0800b89b   Thumb Code   102  nwk_mgmt.o(.text)
    nwk_pingInit                             0x0800b909   Thumb Code    12  nwk_ping.o(.text)
    nwk_ping                                 0x0800b915   Thumb Code   192  nwk_ping.o(.text)
    nwk_processPing                          0x0800ba21   Thumb Code    42  nwk_ping.o(.text)
    nwk_securityInit                         0x0800ba51   Thumb Code     2  nwk_security.o(.text)
    nwk_processSecurity                      0x0800ba53   Thumb Code     6  nwk_security.o(.text)
    device_type_proc                         0x0800bb5f   Thumb Code    62  68_frm_proc.o(.text)
    usart_command_proc                       0x0800bb9d   Thumb Code   132  68_frm_proc.o(.text)
    proc_68_frm                              0x0800be91   Thumb Code    48  68_frm_proc.o(.text)
    proc_69_data_frm                         0x0800bf3f   Thumb Code   172  69_frm_proc.o(.text)
    Write_tx_fail_ed_buffer                  0x0800bfed   Thumb Code   250  ed_tx_fail_buffer_fun.o(.text)
    Iterates_tx_fail_ed_buffer               0x0800c0e7   Thumb Code   348  ed_tx_fail_buffer_fun.o(.text)
    Find_ed_info_in_tx_fail_buffer           0x0800c243   Thumb Code    66  ed_tx_fail_buffer_fun.o(.text)
    rand                                     0x0800c299   Thumb Code    20  rand.o(.text)
    srand                                    0x0800c2ad   Thumb Code     6  rand.o(.text)
    ___aeabi_memcpy4$move                    0x0800c2bd   Thumb Code     0  memmovea.o(.text)
    ___aeabi_memcpy8$move                    0x0800c2bd   Thumb Code     0  memmovea.o(.text)
    __aeabi_memcpy                           0x0800c2bd   Thumb Code    64  memmovea.o(.text)
    __aeabi_memmove                          0x0800c2bd   Thumb Code     0  memmovea.o(.text)
    __aeabi_memmove4                         0x0800c2bd   Thumb Code     0  memmovea.o(.text)
    __aeabi_memmove8                         0x0800c2bd   Thumb Code     0  memmovea.o(.text)
    __aeabi_memset                           0x0800c2fd   Thumb Code    14  memseta.o(.text)
    __aeabi_memset4                          0x0800c2fd   Thumb Code     0  memseta.o(.text)
    __aeabi_memset8                          0x0800c2fd   Thumb Code     0  memseta.o(.text)
    __aeabi_memclr                           0x0800c30b   Thumb Code     4  memseta.o(.text)
    __aeabi_memclr4                          0x0800c30b   Thumb Code     0  memseta.o(.text)
    __aeabi_memclr8                          0x0800c30b   Thumb Code     0  memseta.o(.text)
    _memset$wrapper                          0x0800c30f   Thumb Code    18  memseta.o(.text)
    strlen                                   0x0800c321   Thumb Code    14  strlen.o(.text)
    memcmp                                   0x0800c32f   Thumb Code    26  memcmp.o(.text)
    __0sscanf                                0x0800c349   Thumb Code    48  __0sscanf.o(.text)
    _scanf_int                               0x0800c381   Thumb Code   332  _scanf_int.o(.text)
    __aeabi_dmul                             0x0800c4cd   Thumb Code   228  dmul.o(.text)
    __aeabi_ddiv                             0x0800c5b1   Thumb Code   222  ddiv.o(.text)
    __aeabi_i2d                              0x0800c68f   Thumb Code    34  dflti.o(.text)
    __aeabi_ui2d                             0x0800c6b1   Thumb Code    26  dfltui.o(.text)
    __aeabi_d2uiz                            0x0800c6cb   Thumb Code    50  dfixui.o(.text)
    __aeabi_llsr                             0x0800c6fd   Thumb Code    32  llushr.o(.text)
    _ll_ushift_r                             0x0800c6fd   Thumb Code     0  llushr.o(.text)
    _chval                                   0x0800c71d   Thumb Code    28  _chval.o(.text)
    __vfscanf_char                           0x0800c745   Thumb Code    20  scanf_char.o(.text)
    _sgetc                                   0x0800c761   Thumb Code    30  _sgetc.o(.text)
    _sbackspace                              0x0800c77f   Thumb Code    34  _sgetc.o(.text)
    __I$use$fp                               0x0800c7a1   Thumb Code     0  iusefp.o(.text)
    _double_round                            0x0800c7a1   Thumb Code    30  depilogue.o(.text)
    _double_epilogue                         0x0800c7bf   Thumb Code   156  depilogue.o(.text)
    __aeabi_dadd                             0x0800c85b   Thumb Code   322  dadd.o(.text)
    __aeabi_dsub                             0x0800c99d   Thumb Code     6  dadd.o(.text)
    __aeabi_drsub                            0x0800c9a3   Thumb Code     6  dadd.o(.text)
    __ARM_scalbn                             0x0800c9a9   Thumb Code    46  dscalb.o(.text)
    scalbn                                   0x0800c9a9   Thumb Code     0  dscalb.o(.text)
    __aeabi_cdrcmple                         0x0800c9d9   Thumb Code    48  cdrcmple.o(.text)
    __scatterload                            0x0800ca09   Thumb Code    28  init.o(.text)
    __scatterload_rt2                        0x0800ca09   Thumb Code     0  init.o(.text)
    __aeabi_llsl                             0x0800ca2d   Thumb Code    30  llshl.o(.text)
    _ll_shift_l                              0x0800ca2d   Thumb Code     0  llshl.o(.text)
    __aeabi_lasr                             0x0800ca4b   Thumb Code    36  llsshr.o(.text)
    _ll_sshift_r                             0x0800ca4b   Thumb Code     0  llsshr.o(.text)
    isspace                                  0x0800ca6f   Thumb Code    10  isspace_c.o(.text)
    __vfscanf                                0x0800ca79   Thumb Code   808  _scanf.o(.text)
    _dsqrt                                   0x0800cda5   Thumb Code   162  dsqrt.o(.text)
    __ctype_lookup                           0x0800ce49   Thumb Code    34  ctype_c.o(.text)
    __decompress                             0x0800ce71   Thumb Code     0  __dczerorl2.o(.text)
    __decompress1                            0x0800ce71   Thumb Code    86  __dczerorl2.o(.text)
    __0printf$bare                           0x0800cec9   Thumb Code     8  printfb.o(i.__0printf$bare)
    __1printf$bare                           0x0800cec9   Thumb Code     0  printfb.o(i.__0printf$bare)
    __2printf                                0x0800cec9   Thumb Code     0  printfb.o(i.__0printf$bare)
    __ARM_fpclassify                         0x0800ced9   Thumb Code    40  fpclassify.o(i.__ARM_fpclassify)
    __kernel_poly                            0x0800cf01   Thumb Code   170  poly.o(i.__kernel_poly)
    __mathlib_dbl_divzero                    0x0800cfad   Thumb Code    12  dunder.o(i.__mathlib_dbl_divzero)
    __mathlib_dbl_infnan2                    0x0800cfbd   Thumb Code     4  dunder.o(i.__mathlib_dbl_infnan2)
    __mathlib_dbl_invalid                    0x0800cfc1   Thumb Code    12  dunder.o(i.__mathlib_dbl_invalid)
    __mathlib_dbl_overflow                   0x0800cfcd   Thumb Code    14  dunder.o(i.__mathlib_dbl_overflow)
    __mathlib_dbl_underflow                  0x0800cfdd   Thumb Code    10  dunder.o(i.__mathlib_dbl_underflow)
    __scatterload_copy                       0x0800cfed   Thumb Code    14  handlers.o(i.__scatterload_copy)
    __scatterload_null                       0x0800cffb   Thumb Code     2  handlers.o(i.__scatterload_null)
    __scatterload_zeroinit                   0x0800cffd   Thumb Code    14  handlers.o(i.__scatterload_zeroinit)
    __set_errno                              0x0800d00d   Thumb Code     6  errno.o(i.__set_errno)
    pow                                      0x0800d03d   Thumb Code  2478  pow.o(i.pow)
    sqrt                                     0x0800d9f5   Thumb Code    76  sqrt.o(i.sqrt)
    table_week                               0x0800da50   Data          12  stm32_rtc.o(.constdata)
    mon_table                                0x0800da5c   Data          12  stm32_rtc.o(.constdata)
    mrfiBroadcastAddr                        0x0800da68   Data           4  mrfi.o(.constdata)
    SX1276FreqTbl                            0x0800da7c   Data          30  sx1276-lora.o(.constdata)
    SX1276PowerTbl                           0x0800da9a   Data          12  sx1276-lora.o(.constdata)
    SX1276LoRaBwTbl                          0x0800daa6   Data          10  sx1276-lora.o(.constdata)
    SX1276SpreadFactorTbl                    0x0800dab0   Data           7  sx1276-lora.o(.constdata)
    SX1276ConfigTbl                          0x0800dab8   Data          32  sx1276-lora.o(.constdata)
    SX1276FSKRateTbl                         0x0800dad8   Data          16  sx1276-lora.o(.constdata)
    SX1276RxTable                            0x0800dae8   Data           8  sx1276-lora.o(.constdata)
    SX1276TxTable                            0x0800daf0   Data           6  sx1276-lora.o(.constdata)
    RadioRegsInit                            0x0800daf8   Data          24  sx1280.o(.constdata)
    Radio                                    0x0800db14   Data         252  sx1280-hal.o(.constdata)
    __mathlib_zero                           0x0800dcc8   Data           8  qnan.o(.constdata)
    __ctype_categories                       0x0800dcd0   Data          64  ctype_c.o(.constdata)
    Region$$Table$$Base                      0x0800dd1c   Number         0  anon$$obj.o(Region$$Table)
    Region$$Table$$Limit                     0x0800dd3c   Number         0  anon$$obj.o(Region$$Table)
    SystemCoreClock                          0x20000000   Data           4  system_stm32f10x.o(.data)
    AHBPrescTable                            0x20000004   Data          16  system_stm32f10x.o(.data)
    bsp_reset_ap_config                      0x200000a1   Data           1  bsp_isr.o(.data)
    bootloader_state                         0x200000ac   Data           8  stm32_flash.o(.data)
    init_time                                0x200000b4   Data           7  stm32_rtc.o(.data)
    sSwsnMacAddr                             0x200000be   Data           4  bsp_mac_addr.o(.data)
    D_value                                  0x200000c2   Data           5  mrfi.o(.data)
    Tx_Rx_Choice_Bak                         0x200000c7   Data           1  mrfi.o(.data)
    Tx_phase                                 0x200000c8   Data           1  mrfi.o(.data)
    Contbak                                  0x200000c9   Data           1  mrfi.o(.data)
    Sx1276Statue                             0x200000ca   Data           1  mrfi.o(.data)
    SX1276_GetStatue_Cout                    0x200000cb   Data           1  mrfi.o(.data)
    ContBak                                  0x200000cc   Data           1  mrfi.o(.data)
    Sx1276VerNO                              0x200000cd   Data           1  mrfi.o(.data)
    TxTimeCout                               0x200000ce   Data           1  mrfi.o(.data)
    Trg                                      0x200000cf   Data           1  mrfi.o(.data)
    Cont                                     0x200000d0   Data           1  mrfi.o(.data)
    KeyScanCnt                               0x200000d1   Data           1  mrfi.o(.data)
    Chargcout                                0x200000d2   Data           1  mrfi.o(.data)
    Tx_TimeCout                              0x200000d3   Data           1  mrfi.o(.data)
    Rx_phase                                 0x200000d4   Data           1  mrfi.o(.data)
    RxPakCout                                0x200000d5   Data           1  mrfi.o(.data)
    PER_phase                                0x200000d6   Data           1  mrfi.o(.data)
    PER                                      0x200000d7   Data           1  mrfi.o(.data)
    RxPacketCout                             0x200000d8   Data           1  mrfi.o(.data)
    Flg_RxFinish                             0x200000d9   Data           1  mrfi.o(.data)
    g_CurrentDispPage                        0x200000da   Data           2  mrfi.o(.data)
    g_TotalDispPage                          0x200000dc   Data           2  mrfi.o(.data)
    g_IDH                                    0x200000de   Data           2  mrfi.o(.data)
    g_IDL                                    0x200000e0   Data           2  mrfi.o(.data)
    RF_CH                                    0x200000e2   Data           2  mrfi.o(.data)
    Page_time_flash                          0x200000e4   Data           2  mrfi.o(.data)
    IRQ_INT_FLAG                             0x200000f2   Data           1  mrfi.o(.data)
    frameHasSendFlag                         0x200000f3   Data           1  mrfi.o(.data)
    gb_SF                                    0x200000fa   Data           1  sx1276-lora.o(.data)
    gb_BW                                    0x200000fb   Data           1  sx1276-lora.o(.data)
    CR                                       0x200000fc   Data           1  sx1276-lora.o(.data)
    gtmp                                     0x200000fd   Data           1  sx1276-lora.o(.data)
    TxPacketCout                             0x200000fe   Data           2  sx1276-lora.o(.data)
    hex_data                                 0x20000100   Data          10  main_swsn_ed.o(.data)
    globalFlag                               0x2000010a   Data           2  main_swsn_ed.o(.data)
    RxIrqMask                                0x2000010c   Data           2  sx1280.o(.data)
    TxIrqMask                                0x2000010e   Data           2  sx1280.o(.data)
    BufferSize                               0x20000110   Data           1  sx1280.o(.data)
    ContinuousMode                           0x20000112   Data           4  sx1280.o(.data)
    SingleMode                               0x20000116   Data           4  sx1280.o(.data)
    DioIrq                                   0x20000120   Data           4  sx1280.o(.data)
    Callbacks                                0x2000012c   Data          36  sx1280-para.o(.data)
    AppState                                 0x20000150   Data           1  sx1280-para.o(.data)
    net_frm_cur_num                          0x20000156   Data           1  net_frm_proc.o(.data)
    bro_cast_sem                             0x20000157   Data           1  net_frm_proc.o(.data)
    bro_cast_total_num                       0x20000158   Data           1  net_frm_proc.o(.data)
    send_usart_frm_count                     0x20000159   Data           1  net_frm_proc.o(.data)
    last_tx_frm_num                          0x2000015a   Data           1  net_frm_proc.o(.data)
    last_rx_frm_num                          0x2000015b   Data           1  net_frm_proc.o(.data)
    reply_frame_received                     0x2000015c   Data           1  net_frm_proc.o(.data)
    delete_ed_connect_flag                   0x2000015d   Data           1  net_status_fun.o(.data)
    retreat_pointer                          0x20000164   Data           4  swsn_proc.o(.data)
    wpan_init_flag                           0x20000168   Data           1  swsn_proc.o(.data)
    hasGateway                               0x20000169   Data           1  swsn_proc.o(.data)
    time_sync_switch                         0x2000016a   Data           1  swsn_proc.o(.data)
    proc_times_for_uart_frm_rbuf1            0x20000170   Data           1  uart_frm_proc.o(.data)
    proc_times_for_uart_frm_rbuf2            0x20000171   Data           1  uart_frm_proc.o(.data)
    sEdServerIP                              0x20000178   Data           4  ed_frm_proc.o(.data)
    uart2_frm_data_cnt                       0x2000017c   Data           2  usart2_dma_proc.o(.data)
    uart1_frm_data_cnt                       0x2000017e   Data           2  usart2_dma_proc.o(.data)
    net_ack_back                             0x200001aa   Data           2  nwk.o(.data)
    sLinkID1                                 0x200001ac   Data           1  nwk_api.o(.data)
    reset_system_flag                        0x200001f4   Data           1  68_frm_proc.o(.data)
    RefreshFirewareFlag                      0x200001f5   Data           1  68_frm_proc.o(.data)
    tx_fail_frm_num                          0x200001fe   Data           1  ed_tx_fail_buffer_fun.o(.data)
    emergency_dispatch_flag                  0x200001ff   Data           1  ed_tx_fail_buffer_fun.o(.data)
    start_emergency_dispatch_in_rtc          0x20000200   Data           1  ed_tx_fail_buffer_fun.o(.data)
    __stdout                                 0x20000208   Data           4  stdout.o(.data)
    real_time                                0x20000620   Data          12  stm32_rtc.o(.bss)
    gz8_RXbuffer                             0x2000062c   Data          85  mrfi.o(.bss)
    mrfiIncomingPacket                       0x20000681   Data         214  mrfi.o(.bss)
    Data_Frm_TimeInfo                        0x20000757   Data          16  mrfi.o(.bss)
    SX1276Data                               0x20000767   Data         256  sx1276-lora.o(.bss)
    gb_RxData                                0x20000867   Data         254  sx1276-lora.o(.bss)
    Buffer                                   0x20000965   Data         249  sx1280.o(.bss)
    modulationParams                         0x20000a5e   Data          13  sx1280.o(.bss)
    packetParams                             0x20000a6b   Data          24  sx1280.o(.bss)
    appFuncDomain                            0x20000a84   Data          80  swsn_proc.o(.bss)
    retreat_time_arry                        0x20000ad4   Data          10  swsn_proc.o(.bss)
    USART2_SEND_DATA                         0x20000ade   Data         256  usart2_dma_proc.o(.bss)
    USART1_SEND_DATA                         0x20000bde   Data         256  usart2_dma_proc.o(.bss)
    usart2_recv_data                         0x20000cde   Data        1030  usart2_dma_proc.o(.bss)
    usart1_recv_data                         0x200010e4   Data        1030  usart2_dma_proc.o(.bss)
    uart2_frm_rbuf                           0x200014ea   Data        1036  usart2_dma_proc.o(.bss)
    uart1_frm_rbuf                           0x200018f6   Data        1036  usart2_dma_proc.o(.bss)
    Ed_tx_fail_buffer                        0x20002aea   Data        1020  ed_tx_fail_buffer_fun.o(.bss)
    __initial_sp                             0x200076e8   Data           0  startup_stm32f10x_hd.o(STACK)



==============================================================================

Memory Map of the image

  Image Entry point : 0x08000131

  Load Region LR_IROM1 (Base: 0x08000000, Size: 0x0000df4c, Max: 0x00016000, ABSOLUTE, COMPRESSED[0x0000ddd0])

    Execution Region ER_IROM1 (Base: 0x08000000, Size: 0x0000dd3c, Max: 0x00016000, ABSOLUTE)

    Base Addr    Size         Type   Attr      Idx    E Section Name        Object

    0x08000000   0x00000130   Data   RO            3    RESET               startup_stm32f10x_hd.o
    0x08000130   0x00000000   Code   RO         1383  * .ARM.Collect$$$$00000000  mc_w.l(entry.o)
    0x08000130   0x00000004   Code   RO         1704    .ARM.Collect$$$$00000001  mc_w.l(entry2.o)
    0x08000134   0x00000004   Code   RO         1707    .ARM.Collect$$$$00000004  mc_w.l(entry5.o)
    0x08000138   0x00000000   Code   RO         1709    .ARM.Collect$$$$00000008  mc_w.l(entry7b.o)
    0x08000138   0x00000000   Code   RO         1711    .ARM.Collect$$$$0000000A  mc_w.l(entry8b.o)
    0x08000138   0x00000008   Code   RO         1712    .ARM.Collect$$$$0000000B  mc_w.l(entry9a.o)
    0x08000140   0x00000000   Code   RO         1714    .ARM.Collect$$$$0000000D  mc_w.l(entry10a.o)
    0x08000140   0x00000000   Code   RO         1716    .ARM.Collect$$$$0000000F  mc_w.l(entry11a.o)
    0x08000140   0x00000004   Code   RO         1705    .ARM.Collect$$$$00002712  mc_w.l(entry2.o)
    0x08000144   0x00000040   Code   RO           10    .emb_text           core_cm3.o
    0x08000184   0x00000024   Code   RO            4    .text               startup_stm32f10x_hd.o
    0x080001a8   0x00000280   Code   RO           24    .text               system_stm32f10x.o
    0x08000428   0x00000254   Code   RO           88    .text               stm32f10x_dma.o
    0x0800067c   0x0000011c   Code   RO          140    .text               stm32f10x_exti.o
    0x08000798   0x000005bc   Code   RO          155    .text               stm32f10x_flash.o
    0x08000d54   0x0000035c   Code   RO          170    .text               stm32f10x_gpio.o
    0x080010b0   0x00000040   Code   RO          185    .text               stm32f10x_iwdg.o
    0x080010f0   0x00000500   Code   RO          197    .text               stm32f10x_rcc.o
    0x080015f0   0x00000148   Code   RO          214    .text               stm32f10x_rtc.o
    0x08001738   0x00000354   Code   RO          226    .text               stm32f10x_spi.o
    0x08001a8c   0x00000e1a   Code   RO          241    .text               stm32f10x_tim.o
    0x080028a6   0x00000002   PAD
    0x080028a8   0x00000408   Code   RO          256    .text               stm32f10x_usart.o
    0x08002cb0   0x00000088   Code   RO          271    .text               stm32f10x_wwdg.o
    0x08002d38   0x000000c4   Code   RO          283    .text               stm32f10x_bkp.o
    0x08002dfc   0x000000dc   Code   RO          298    .text               misc.o
    0x08002ed8   0x000000cc   Code   RO          313    .text               stm32f10x_pwr.o
    0x08002fa4   0x00000494   Code   RO          328    .text               segger_rtt.o
    0x08003438   0x00000488   Code   RO          353    .text               segger_rtt_printf.o
    0x080038c0   0x000002c8   Code   RO          372    .text               bsp.o
    0x08003b88   0x00000084   Code   RO          452    .text               bsp_isr.o
    0x08003c0c   0x000000ec   Code   RO          525    .text               delay.o
    0x08003cf8   0x000000b0   Code   RO          539    .text               bsp_leds.o
    0x08003da8   0x00000048   Code   RO          563    .text               stm32_beep.o
    0x08003df0   0x00000078   Code   RO          575    .text               stm32_it_config.o
    0x08003e68   0x000002d8   Code   RO          594    .text               stm32_usart2_gtway.o
    0x08004140   0x0000004e   Code   RO          612    .text               stm32_reset.o
    0x0800418e   0x00000002   PAD
    0x08004190   0x00000140   Code   RO          624    .text               stm32_flash.o
    0x080042d0   0x000003b4   Code   RO          639    .text               stm32_rtc.o
    0x08004684   0x000001e0   Code   RO          656    .text               stm32f10x_it.o
    0x08004864   0x000000bc   Code   RO          695    .text               bsp_mac_addr.o
    0x08004920   0x00000da8   Code   RO          713    .text               mrfi.o
    0x080056c8   0x00000838   Code   RO          781    .text               sx1276-lora.o
    0x08005f00   0x00000048   Code   RO          813    .text               main_swsn_ed.o
    0x08005f48   0x0000158c   Code   RO          864    .text               sx1280.o
    0x080074d4   0x000002e4   Code   RO          889    .text               sx1280-hal.o
    0x080077b8   0x00000064   Code   RO          911    .text               sx1280-para.o
    0x0800781c   0x00000b02   Code   RO          929    .text               bui_pkg_fun.o
    0x0800831e   0x00000002   PAD
    0x08008320   0x00000444   Code   RO          946    .text               net_frm_proc.o
    0x08008764   0x000002a8   Code   RO          962    .text               net_para_fun.o
    0x08008a0c   0x00000434   Code   RO          979    .text               net_status_fun.o
    0x08008e40   0x00000334   Code   RO          996    .text               swsn_proc.o
    0x08009174   0x0000023c   Code   RO         1016    .text               uart_frm_proc.o
    0x080093b0   0x00000044   Code   RO         1035    .text               usart_share_info.o
    0x080093f4   0x00000370   Code   RO         1047    .text               ed_frm_proc.o
    0x08009764   0x0000002c   Code   RO         1069    .text               usart_isr.o
    0x08009790   0x000007a4   Code   RO         1081    .text               usart2_dma_proc.o
    0x08009f34   0x000004a4   Code   RO         1108    .text               nwk.o
    0x0800a3d8   0x00000418   Code   RO         1147    .text               nwk_api.o
    0x0800a7f0   0x0000048c   Code   RO         1163    .text               nwk_frame.o
    0x0800ac7c   0x000000c4   Code   RO         1181    .text               nwk_globals.o
    0x0800ad40   0x0000025c   Code   RO         1196    .text               nwk_qmgmt.o
    0x0800af9c   0x000000f4   Code   RO         1210    .text               nwk_token.o
    0x0800b090   0x00000008   Code   RO         1222    .text               nwk_freq.o
    0x0800b098   0x00000184   Code   RO         1234    .text               nwk_ioctl.o
    0x0800b21c   0x00000130   Code   RO         1246    .text               nwk_join.o
    0x0800b34c   0x000004fc   Code   RO         1260    .text               nwk_link.o
    0x0800b848   0x000000c0   Code   RO         1274    .text               nwk_mgmt.o
    0x0800b908   0x00000148   Code   RO         1288    .text               nwk_ping.o
    0x0800ba50   0x00000008   Code   RO         1302    .text               nwk_security.o
    0x0800ba58   0x00000468   Code   RO         1314    .text               68_frm_proc.o
    0x0800bec0   0x0000012a   Code   RO         1341    .text               69_frm_proc.o
    0x0800bfea   0x00000002   PAD
    0x0800bfec   0x000002ac   Code   RO         1353    .text               ed_tx_fail_buffer_fun.o
    0x0800c298   0x00000024   Code   RO         1386    .text               mc_w.l(rand.o)
    0x0800c2bc   0x00000040   Code   RO         1391    .text               mc_w.l(memmovea.o)
    0x0800c2fc   0x00000024   Code   RO         1393    .text               mc_w.l(memseta.o)
    0x0800c320   0x0000000e   Code   RO         1395    .text               mc_w.l(strlen.o)
    0x0800c32e   0x0000001a   Code   RO         1397    .text               mc_w.l(memcmp.o)
    0x0800c348   0x00000038   Code   RO         1663    .text               mc_w.l(__0sscanf.o)
    0x0800c380   0x0000014c   Code   RO         1665    .text               mc_w.l(_scanf_int.o)
    0x0800c4cc   0x000000e4   Code   RO         1667    .text               mf_w.l(dmul.o)
    0x0800c5b0   0x000000de   Code   RO         1669    .text               mf_w.l(ddiv.o)
    0x0800c68e   0x00000022   Code   RO         1671    .text               mf_w.l(dflti.o)
    0x0800c6b0   0x0000001a   Code   RO         1673    .text               mf_w.l(dfltui.o)
    0x0800c6ca   0x00000032   Code   RO         1675    .text               mf_w.l(dfixui.o)
    0x0800c6fc   0x00000020   Code   RO         1723    .text               mc_w.l(llushr.o)
    0x0800c71c   0x0000001c   Code   RO         1732    .text               mc_w.l(_chval.o)
    0x0800c738   0x00000028   Code   RO         1734    .text               mc_w.l(scanf_char.o)
    0x0800c760   0x00000040   Code   RO         1736    .text               mc_w.l(_sgetc.o)
    0x0800c7a0   0x00000000   Code   RO         1738    .text               mc_w.l(iusefp.o)
    0x0800c7a0   0x000000ba   Code   RO         1739    .text               mf_w.l(depilogue.o)
    0x0800c85a   0x0000014e   Code   RO         1741    .text               mf_w.l(dadd.o)
    0x0800c9a8   0x0000002e   Code   RO         1743    .text               mf_w.l(dscalb.o)
    0x0800c9d6   0x00000002   PAD
    0x0800c9d8   0x00000030   Code   RO         1747    .text               mf_w.l(cdrcmple.o)
    0x0800ca08   0x00000024   Code   RO         1749    .text               mc_w.l(init.o)
    0x0800ca2c   0x0000001e   Code   RO         1751    .text               mc_w.l(llshl.o)
    0x0800ca4a   0x00000024   Code   RO         1753    .text               mc_w.l(llsshr.o)
    0x0800ca6e   0x0000000a   Code   RO         1755    .text               mc_w.l(isspace_c.o)
    0x0800ca78   0x0000032c   Code   RO         1757    .text               mc_w.l(_scanf.o)
    0x0800cda4   0x000000a2   Code   RO         1759    .text               mf_w.l(dsqrt.o)
    0x0800ce46   0x00000002   PAD
    0x0800ce48   0x00000028   Code   RO         1763    .text               mc_w.l(ctype_c.o)
    0x0800ce70   0x00000056   Code   RO         1774    .text               mc_w.l(__dczerorl2.o)
    0x0800cec6   0x00000002   PAD
    0x0800cec8   0x00000010   Code   RO         1404    i.__0printf$bare    mc_w.l(printfb.o)
    0x0800ced8   0x00000028   Code   RO         1691    i.__ARM_fpclassify  m_ws.l(fpclassify.o)
    0x0800cf00   0x000000aa   Code   RO         1693    i.__kernel_poly     m_ws.l(poly.o)
    0x0800cfaa   0x00000002   PAD
    0x0800cfac   0x00000010   Code   RO         1677    i.__mathlib_dbl_divzero  m_ws.l(dunder.o)
    0x0800cfbc   0x00000004   Code   RO         1679    i.__mathlib_dbl_infnan2  m_ws.l(dunder.o)
    0x0800cfc0   0x0000000c   Code   RO         1680    i.__mathlib_dbl_invalid  m_ws.l(dunder.o)
    0x0800cfcc   0x0000000e   Code   RO         1681    i.__mathlib_dbl_overflow  m_ws.l(dunder.o)
    0x0800cfda   0x00000002   PAD
    0x0800cfdc   0x00000010   Code   RO         1683    i.__mathlib_dbl_underflow  m_ws.l(dunder.o)
    0x0800cfec   0x0000000e   Code   RO         1768    i.__scatterload_copy  mc_w.l(handlers.o)
    0x0800cffa   0x00000002   Code   RO         1769    i.__scatterload_null  mc_w.l(handlers.o)
    0x0800cffc   0x0000000e   Code   RO         1770    i.__scatterload_zeroinit  mc_w.l(handlers.o)
    0x0800d00a   0x00000002   PAD
    0x0800d00c   0x0000000c   Code   RO         1727    i.__set_errno       mc_w.l(errno.o)
    0x0800d018   0x00000022   Code   RO         1411    i._printf_core      mc_w.l(printfb.o)
    0x0800d03a   0x00000002   PAD
    0x0800d03c   0x000009b8   Code   RO         1374    i.pow               m_ws.l(pow.o)
    0x0800d9f4   0x0000004c   Code   RO         1697    i.sqrt              m_ws.l(sqrt.o)
    0x0800da40   0x00000010   Data   RO          354    .constdata          segger_rtt_printf.o
    0x0800da50   0x00000018   Data   RO          641    .constdata          stm32_rtc.o
    0x0800da68   0x00000014   Data   RO          715    .constdata          mrfi.o
    0x0800da7c   0x0000007a   Data   RO          783    .constdata          sx1276-lora.o
    0x0800daf6   0x00000002   PAD
    0x0800daf8   0x0000001c   Data   RO          866    .constdata          sx1280.o
    0x0800db14   0x000000fc   Data   RO          890    .constdata          sx1280-hal.o
    0x0800dc10   0x00000004   Data   RO          980    .constdata          net_status_fun.o
    0x0800dc14   0x00000003   Data   RO         1148    .constdata          nwk_api.o
    0x0800dc17   0x00000001   PAD
    0x0800dc18   0x0000001c   Data   RO         1164    .constdata          nwk_frame.o
    0x0800dc34   0x00000005   Data   RO         1182    .constdata          nwk_globals.o
    0x0800dc39   0x00000007   PAD
    0x0800dc40   0x00000088   Data   RO         1375    .constdata          m_ws.l(pow.o)
    0x0800dcc8   0x00000008   Data   RO         1695    .constdata          m_ws.l(qnan.o)
    0x0800dcd0   0x00000040   Data   RO         1764    .constdata          mc_w.l(ctype_c.o)
    0x0800dd10   0x00000009   Data   RO          330    .conststring        segger_rtt.o
    0x0800dd19   0x00000003   PAD
    0x0800dd1c   0x00000020   Data   RO         1766    Region$$Table       anon$$obj.o


    Execution Region RW_IRAM1 (Base: 0x20000000, Size: 0x000076e8, Max: 0x00010000, ABSOLUTE, COMPRESSED[0x00000094])

    Base Addr    Size         Type   Attr      Idx    E Section Name        Object

    0x20000000   0x00000014   Data   RW           25    .data               system_stm32f10x.o
    0x20000014   0x00000014   Data   RW          198    .data               stm32f10x_rcc.o
    0x20000028   0x00000079   Data   RW          331    .data               segger_rtt.o
    0x200000a1   0x00000002   Data   RW          453    .data               bsp_isr.o
    0x200000a3   0x00000001   PAD
    0x200000a4   0x00000008   Data   RW          526    .data               delay.o
    0x200000ac   0x00000008   Data   RW          625    .data               stm32_flash.o
    0x200000b4   0x0000000a   Data   RW          642    .data               stm32_rtc.o
    0x200000be   0x00000004   Data   RW          696    .data               bsp_mac_addr.o
    0x200000c2   0x00000038   Data   RW          716    .data               mrfi.o
    0x200000fa   0x00000006   Data   RW          784    .data               sx1276-lora.o
    0x20000100   0x0000000c   Data   RW          814    .data               main_swsn_ed.o
    0x2000010c   0x00000020   Data   RW          867    .data               sx1280.o
    0x2000012c   0x00000025   Data   RW          912    .data               sx1280-para.o
    0x20000151   0x00000005   Data   RW          930    .data               bui_pkg_fun.o
    0x20000156   0x00000007   Data   RW          947    .data               net_frm_proc.o
    0x2000015d   0x00000001   Data   RW          981    .data               net_status_fun.o
    0x2000015e   0x00000002   PAD
    0x20000160   0x00000010   Data   RW          998    .data               swsn_proc.o
    0x20000170   0x00000002   Data   RW         1017    .data               uart_frm_proc.o
    0x20000172   0x0000000a   Data   RW         1048    .data               ed_frm_proc.o
    0x2000017c   0x00000005   Data   RW         1083    .data               usart2_dma_proc.o
    0x20000181   0x0000002b   Data   RW         1109    .data               nwk.o
    0x200001ac   0x00000002   Data   RW         1149    .data               nwk_api.o
    0x200001ae   0x00000002   PAD
    0x200001b0   0x00000012   Data   RW         1165    .data               nwk_frame.o
    0x200001c2   0x00000011   Data   RW         1183    .data               nwk_globals.o
    0x200001d3   0x00000001   PAD
    0x200001d4   0x00000009   Data   RW         1247    .data               nwk_join.o
    0x200001dd   0x00000003   PAD
    0x200001e0   0x00000009   Data   RW         1261    .data               nwk_link.o
    0x200001e9   0x00000003   PAD
    0x200001ec   0x00000005   Data   RW         1275    .data               nwk_mgmt.o
    0x200001f1   0x00000001   Data   RW         1289    .data               nwk_ping.o
    0x200001f2   0x00000002   PAD
    0x200001f4   0x0000000a   Data   RW         1316    .data               68_frm_proc.o
    0x200001fe   0x00000004   Data   RW         1355    .data               ed_tx_fail_buffer_fun.o
    0x20000202   0x00000002   PAD
    0x20000204   0x00000004   Data   RW         1387    .data               mc_w.l(rand.o)
    0x20000208   0x00000004   Data   RW         1718    .data               mc_w.l(stdout.o)
    0x2000020c   0x00000004   Data   RW         1728    .data               mc_w.l(errno.o)
    0x20000210   0x00000410   Zero   RW          329    .bss                segger_rtt.o
    0x20000620   0x0000000c   Zero   RW          640    .bss                stm32_rtc.o
    0x2000062c   0x0000013b   Zero   RW          714    .bss                mrfi.o
    0x20000767   0x000001fe   Zero   RW          782    .bss                sx1276-lora.o
    0x20000965   0x0000011e   Zero   RW          865    .bss                sx1280.o
    0x20000a83   0x00000001   PAD
    0x20000a84   0x0000005a   Zero   RW          997    .bss                swsn_proc.o
    0x20000ade   0x00001224   Zero   RW         1082    .bss                usart2_dma_proc.o
    0x20001d02   0x000005e8   Zero   RW         1197    .bss                nwk_qmgmt.o
    0x200022ea   0x00000800   Zero   RW         1315    .bss                68_frm_proc.o
    0x20002aea   0x000003fc   Zero   RW         1354    .bss                ed_tx_fail_buffer_fun.o
    0x20002ee6   0x00000002   PAD
    0x20002ee8   0x00004800   Zero   RW            1    STACK               startup_stm32f10x_hd.o


==============================================================================

Image component sizes


      Code (inc. data)   RO Data    RW Data    ZI Data      Debug   Object Name

      1128         46          0         10       2048       6441   68_frm_proc.o
       298          0          0          0          0       2191   69_frm_proc.o
       712         18          0          0          0      19235   bsp.o
       132         24          0          2          0      11535   bsp_isr.o
       176         12          0          0          0        873   bsp_leds.o
       188          8          0          4          0       2866   bsp_mac_addr.o
      2818         32          0          5          0       8410   bui_pkg_fun.o
        64          8          0          0          0       5284   core_cm3.o
       236         10          0          8          0       1263   delay.o
       880         38          0         10          0       4489   ed_frm_proc.o
       684         20          0          4       1020       3414   ed_tx_fail_buffer_fun.o
        72         10          0         12          0       5815   main_swsn_ed.o
       220         22          0          0          0       3797   misc.o
      3496        488         20         56        315      32449   mrfi.o
      1092         74          0          7          0       5051   net_frm_proc.o
       680         18          0          0          0       3444   net_para_fun.o
      1076         16          4          1          0       5341   net_status_fun.o
      1188          8          0         43          0       7233   nwk.o
      1048         22          3          2          0       6088   nwk_api.o
      1164         46         28         18          0       5552   nwk_frame.o
         8          0          0          0          0       1315   nwk_freq.o
       196         30          5         17          0       2944   nwk_globals.o
       388          0          0          0          0       3042   nwk_ioctl.o
       304         16          0          9          0       2642   nwk_join.o
      1276         58          0          9          0       5281   nwk_link.o
       192          8          0          5          0       2160   nwk_mgmt.o
       328          6          0          1          0       2648   nwk_ping.o
       604         10          0          0       1512       4126   nwk_qmgmt.o
         8          0          0          0          0       1255   nwk_security.o
       244          4          0          0          0       2636   nwk_token.o
      1172         14          9        121       1040       5321   segger_rtt.o
      1160         16         16          0          0       5116   segger_rtt_printf.o
        36          8        304          0      18432        952   startup_stm32f10x_hd.o
        72          6          0          0          0        783   stm32_beep.o
       320         10          0          8          0       2334   stm32_flash.o
       120          0          0          0          0        641   stm32_it_config.o
        78          0          0          0          0        742   stm32_reset.o
       948         34         24         10         12       3747   stm32_rtc.o
       728         12          0          0          0       6571   stm32_usart2_gtway.o
       196          8          0          0          0       3608   stm32f10x_bkp.o
       596          8          0          0          0      27918   stm32f10x_dma.o
       284         10          0          0          0       4731   stm32f10x_exti.o
      1468         34          0          0          0      14698   stm32f10x_flash.o
       860         38          0          0          0      14333   stm32f10x_gpio.o
       480        302          0          0          0       1598   stm32f10x_it.o
        64          6          0          0          0       1325   stm32f10x_iwdg.o
       204         14          0          0          0       1979   stm32f10x_pwr.o
      1280         60          0         20          0      24870   stm32f10x_rcc.o
       328          4          0          0          0       2730   stm32f10x_rtc.o
       852         20          0          0          0      13810   stm32f10x_spi.o
      3610         88          0          0          0      42800   stm32f10x_tim.o
      1032         22          0          0          0      14736   stm32f10x_usart.o
       136         10          0          0          0       2440   stm32f10x_wwdg.o
       820        136          0         16         90       5239   swsn_proc.o
      2104         80        122          6        510      10155   sx1276-lora.o
       740         16        252          0          0       7433   sx1280-hal.o
       100         38          0         37          0       2091   sx1280-para.o
      5516        190         28         32        286      18014   sx1280.o
       640         44          0         20          0     268495   system_stm32f10x.o
       572         40          0          2          0       4269   uart_frm_proc.o
      1956         98          0          5       4644       6233   usart2_dma_proc.o
        44          4          0          0          0        590   usart_isr.o
        68          0          0          0          0       1377   usart_share_info.o

    ----------------------------------------------------------------------
     49492       2422        860        516      29912     690499   Object Totals
         0          0         32          0          0          0   (incl. Generated)
         8          0         13         16          3          0   (incl. Padding)

    ----------------------------------------------------------------------

      Code (inc. data)   RO Data    RW Data    ZI Data      Debug   Library Member Name

        62         10          0          0          0        340   dunder.o
        40          0          0          0          0         68   fpclassify.o
       170          0          0          0          0         96   poly.o
      2488        190        136          0          0        300   pow.o
         0          0          8          0          0          0   qnan.o
        76          0          0          0          0         84   sqrt.o
        56          8          0          0          0         84   __0sscanf.o
        86          0          0          0          0          0   __dczerorl2.o
        28          0          0          0          0         68   _chval.o
       812          4          0          0          0        112   _scanf.o
       332          0          0          0          0         96   _scanf_int.o
        64          0          0          0          0         84   _sgetc.o
        40          6         64          0          0         68   ctype_c.o
         0          0          0          0          0          0   entry.o
         0          0          0          0          0          0   entry10a.o
         0          0          0          0          0          0   entry11a.o
         8          4          0          0          0          0   entry2.o
         4          0          0          0          0          0   entry5.o
         0          0          0          0          0          0   entry7b.o
         0          0          0          0          0          0   entry8b.o
         8          4          0          0          0          0   entry9a.o
        12          6          0          4          0         68   errno.o
        30          0          0          0          0          0   handlers.o
        36          8          0          0          0         68   init.o
        10          0          0          0          0         68   isspace_c.o
         0          0          0          0          0          0   iusefp.o
        30          0          0          0          0         68   llshl.o
        36          0          0          0          0         68   llsshr.o
        32          0          0          0          0         68   llushr.o
        26          0          0          0          0         80   memcmp.o
        64          0          0          0          0         76   memmovea.o
        36          0          0          0          0        108   memseta.o
        50          8          0          0          0        152   printfb.o
        36         10          0          4          0        136   rand.o
        40          8          0          0          0         84   scanf_char.o
         0          0          0          4          0          0   stdout.o
        14          0          0          0          0         68   strlen.o
        48          0          0          0          0         68   cdrcmple.o
       334          0          0          0          0        148   dadd.o
       222          0          0          0          0        100   ddiv.o
       186          0          0          0          0        176   depilogue.o
        50          0          0          0          0         76   dfixui.o
        34          0          0          0          0         76   dflti.o
        26          0          0          0          0         76   dfltui.o
       228          0          0          0          0         96   dmul.o
        46          0          0          0          0         80   dscalb.o
       162          0          0          0          0        100   dsqrt.o

    ----------------------------------------------------------------------
      6076        266        208         12          0       3508   Library Totals
        14          0          0          0          0          0   (incl. Padding)

    ----------------------------------------------------------------------

      Code (inc. data)   RO Data    RW Data    ZI Data      Debug   Library Name

      2836        200        144          0          0        888   m_ws.l
      1890         66         64         12          0       1624   mc_w.l
      1336          0          0          0          0        996   mf_w.l

    ----------------------------------------------------------------------
      6076        266        208         12          0       3508   Library Totals

    ----------------------------------------------------------------------

==============================================================================


      Code (inc. data)   RO Data    RW Data    ZI Data      Debug   

     55568       2688       1068        528      29912     686023   Grand Totals
     55568       2688       1068        148      29912     686023   ELF Image Totals (compressed)
     55568       2688       1068        148          0          0   ROM Totals

==============================================================================

    Total RO  Size (Code + RO Data)                56636 (  55.31kB)
    Total RW  Size (RW Data + ZI Data)             30440 (  29.73kB)
    Total ROM Size (Code + RO Data + RW Data)      56784 (  55.45kB)

==============================================================================

