<html>
<body>
<pre>
<h1>µVision Build Log</h1>
<h2>Tool Versions:</h2>
IDE-Version: ¦ÌVision V5.14.0.0
Copyright (C) 2015 ARM Ltd and ARM Germany GmbH. All rights reserved.
License Information: 1 Microsoft, Microsoft, LIC=UJWAR-K484Y-7R1X3-A17VU-SF48H-ANI8N
 
Tool Versions:
Toolchain:       MDK-ARM Standard  Version: 5.14.0.0
Toolchain Path:  C:\Keil_v5\ARM\ARMCC\Bin
C Compiler:      Armcc.exe V5.05 update 1 (build 106)
Assembler:       Armasm.exe V5.05 update 1 (build 106)
Linker/Locator:  ArmLink.exe V5.05 update 1 (build 106)
Library Manager: ArmAr.exe V5.05 update 1 (build 106)
Hex Converter:   FromElf.exe V5.05 update 1 (build 106)
CPU DLL:         SARMCM3.DLL V5.14.0.0
Dialog DLL:      DCM.DLL V1.13.1.0
Target DLL:      STLink\ST-LINKIII-KEIL_SWO.dll V2.0.14.0_KEIL
Dialog DLL:      TCM.DLL V1.14.4.0
 
<h2>Project:</h2>
D:\´úÂë\SX1280_PROJECT\AP\Projects\si4438_gtway_hub\si4438_w5500_gtway_hub.uvprojx
Project File Date:  12/21/2017

<h2>Output:</h2>
Build target 'si4438_w5500_gtway_hub'
assembling startup_stm32f10x_hd.s...
compiling core_cm3.c...
compiling system_stm32f10x.c...
compiling stm32f10x_dma.c...
compiling stm32f10x_exti.c...
compiling stm32f10x_flash.c...
compiling stm32f10x_gpio.c...
compiling stm32f10x_iwdg.c...
compiling stm32f10x_rcc.c...
compiling stm32f10x_rtc.c...
compiling stm32f10x_spi.c...
compiling stm32f10x_tim.c...
compiling stm32f10x_usart.c...
compiling stm32f10x_wwdg.c...
compiling stm32f10x_bkp.c...
compiling misc.c...
compiling stm32f10x_pwr.c...
compiling SEGGER_RTT.c...
compiling SEGGER_RTT_printf.c...
..\..\Libraries\RTT\SEGGER_RTT_printf.c(300): warning:  #111-D: statement is unreachable
          default:  goto FilterFieldWidth;                   break;
..\..\Libraries\RTT\SEGGER_RTT_printf.c: 1 warning, 0 errors
compiling bsp.c...
compiling bsp_isr.c...
compiling delay.c...
compiling bsp_leds.c...
compiling stm32_beep.c...
compiling stm32_it_config.c...
compiling stm32_usart2_gtway.c...
compiling stm32_reset.c...
compiling stm32_flash.c...
compiling stm32_rtc.c...
compiling stm32f10x_it.c...
compiling mrfi.c...
..\..\Components\mrfi\radios/family1/mrfi_radio.c(312): warning:  #177-D: variable "bCastAddr" was declared but never referenced
        uint8_t bCastAddr[4] = {0xff,0xff,0xff,0xff};
..\..\Components\mrfi\radios/family1/mrfi_radio.c(413): warning:  #550-D: variable "statue" was set but never used
        RadioStatus_t statue;
..\..\Components\mrfi\mrfi.c: 2 warnings, 0 errors
compiling sx1276-LoRa.c...
compiling main_swsn_ap.c...
compiling sx1280.c...
..\..\Components\sx1280-driver\sx1280.c(1356): warning:  #550-D: variable "statue" was set but never used
         RadioStatus_t statue;
..\..\Components\sx1280-driver\sx1280.c(1596): warning:  #1-D: last line of file ends without a newline
  }
..\..\Components\sx1280-driver\sx1280.c: 2 warnings, 0 errors
compiling sx1280-hal.c...
compiling sx1280-para.c...
compiling nwk.c...
compiling nwk_api.c...
..\..\Components\nwk\nwk_api.c(178): warning:  #186-D: pointless comparison of unsigned integer with zero
    for (i=0; i<LINKLISTEN_POLL_COUNT; ++i)
..\..\Components\nwk\nwk_api.c(1228): warning:  #177-D: variable "edNum" was declared but never referenced
        uint16_t edNum = sPersistInfo.net_ed_num;
..\..\Components\nwk\nwk_api.c: 2 warnings, 0 errors
compiling nwk_frame.c...
compiling nwk_globals.c...
compiling nwk_QMgmt.c...
compiling nwk_freq.c...
compiling nwk_ioctl.c...
compiling nwk_join.c...
compiling nwk_joinList.c...
..\..\Components\nwk_applications\nwk_joinList.c(65): warning:  #177-D: variable "tmp" was declared but never referenced
        uint8_t tmp[10] = {0};
..\..\Components\nwk_applications\nwk_joinList.c: 1 warning, 0 errors
compiling nwk_link.c...
compiling nwk_mgmt.c...
compiling nwk_ping.c...
compiling nwk_security.c...
compiling 69_frm_proc.c...
compiling usart_isr.c...
compiling gtway_frm_proc.c...
compiling uart_frm_proc.c...
compiling usart_share_info.c...
compiling usart2_dma_proc.c...
compiling firmware_info_proc.c...
compiling usart1_dma_proc.c...
..\Applications\shared_applications\usart1_dma_proc.c(416): warning:  #177-D: variable "app_in_pkg" was declared but never referenced
        app_pkg_t *app_in_pkg;
..\Applications\shared_applications\usart1_dma_proc.c(408): warning:  #177-D: function "bui_recvdata" was declared but never referenced
  uint8_t bui_recvdata(uint8_t * buided_68_msg,uint8_t * recvdata)
..\Applications\shared_applications\usart1_dma_proc.c: 2 warnings, 0 errors
compiling 68_frm_proc.c...
compiling ap_inner_fun.c...
compiling bui_pkg_fun.c...
compiling net_freq_agility.c...
compiling net_frm_proc.c...
compiling net_list_proc.c...
compiling net_para_fun.c...
compiling net_status_fun.c...
compiling user_def_fun.c...
compiling 67_frm_proc.c...
..\Applications\extranet_applications\67_frm_proc.c(25): warning:  #188-D: enumerated type mixed with another type
  group_buffer_t   Ed_group_buffer[IP_GROUP_MAX_NUM] = {0};
..\Applications\extranet_applications\67_frm_proc.c: 1 warning, 0 errors
compiling 77_frm_proc.c...
compiling 88_frm_proc.c...
compiling 80_frm_proc.c...
compiling ed_rx_buffer_fun.c...
..\Applications\shared_applications\ed_rx_buffer_fun.c(28): warning:  #188-D: enumerated type mixed with another type
  ed_rx_buffer_t   Ed_rx_buffer[SIZE_INFRAME_Q] = {0}; 
..\Applications\shared_applications\ed_rx_buffer_fun.c(146): warning:  #177-D: variable "out_msg_usart1" was declared but never referenced
    uint8_t out_msg_usart1[255];
..\Applications\shared_applications\ed_rx_buffer_fun.c(147): warning:  #177-D: variable "out_msg_len" was declared but never referenced
        uint8_t out_msg_len;
..\Applications\shared_applications\ed_rx_buffer_fun.c: 3 warnings, 0 errors
compiling ed_tx_buffer_fun.c...
..\Applications\shared_applications\ed_tx_buffer_fun.c(80): warning:  #177-D: variable "right_frm_num" was declared but never referenced
        static uint8_t right_frm_num[1024]={0};
..\Applications\shared_applications\ed_tx_buffer_fun.c(81): warning:  #177-D: variable "frm_count" was declared but never referenced
        static uint16_t frm_count=0;
..\Applications\shared_applications\ed_tx_buffer_fun.c(244): warning:  #177-D: variable "read_id" was declared but never referenced
    uint8_t read_id = pEd_tx_buffer->ed_tx_info_read_id;
..\Applications\shared_applications\ed_tx_buffer_fun.c(334): warning:  #177-D: variable "read_id" was declared but never referenced
    uint8_t read_id;
..\Applications\shared_applications\ed_tx_buffer_fun.c(335): warning:  #177-D: variable "write_id" was declared but never referenced
    uint8_t write_id;
..\Applications\shared_applications\ed_tx_buffer_fun.c: 5 warnings, 0 errors
compiling ed_tx_fail_buffer_fun.c...
..\Applications\shared_applications\ed_tx_fail_buffer_fun.c(22): warning:  #188-D: enumerated type mixed with another type
  ed_tx_fail_buffer_t   Ed_tx_fail_buffer[SIZE_INFRAME_Q] = {0};
..\Applications\shared_applications\ed_tx_fail_buffer_fun.c(110): warning:  #177-D: variable "i" was declared but never referenced
    uint8_t i,send_frm_num;
..\Applications\shared_applications\ed_tx_fail_buffer_fun.c(110): warning:  #550-D: variable "send_frm_num" was set but never used
    uint8_t i,send_frm_num;
..\Applications\shared_applications\ed_tx_fail_buffer_fun.c(111): warning:  #550-D: variable "lid" was set but never used
        linkID_t lid;
..\Applications\shared_applications\ed_tx_fail_buffer_fun.c: 4 warnings, 0 errors
linking...
Program Size: Code=70312 RO-data=1180 RW-data=1876 ZI-data=60028  
FromELF: creating hex file...
".\Output\w5500_gateway_17_5_18.axf" - 0 Error(s), 23 Warning(s).

<h2>Collection of Component include folders:</h2>
  D:\´úÂë\SX1280_PROJECT\AP\Projects\si4438_gtway_hub\RTE
  C:\Keil_v5\ARM\PACK\Keil\STM32F1xx_DFP\1.1.0\Device\Include

<h2>Collection of Component Files used:</h2>
</pre>
</body>
</html>
