<html>
<body>
<pre>
<h1>µVision Build Log</h1>
<h2>Tool Versions:</h2>
IDE-Version: ¦ÌVision V5.14.0.0
Copyright (C) 2015 ARM Ltd and ARM Germany GmbH. All rights reserved.
License Information: Ðì ¿¡µt, thingcom, LIC=47GGK-ZFMZQ-W25LL-0NA9D-1QV6Z-7F0W6
 
Tool Versions:
Toolchain:       MDK-ARM Standard  Version: 5.14.0.0
Toolchain Path:  C:\Keil_v5\ARM\ARMCC\Bin
C Compiler:      Armcc.exe V5.05 update 1 (build 106)
Assembler:       Armasm.exe V5.05 update 1 (build 106)
Linker/Locator:  ArmLink.exe V5.05 update 1 (build 106)
Library Manager: ArmAr.exe V5.05 update 1 (build 106)
Hex Converter:   FromElf.exe V5.05 update 1 (build 106)
CPU DLL:         SARMCM3.DLL V5.14.0.0
Dialog DLL:      DCM.DLL V1.13.1.0
Target DLL:      Segger\JL2CM3.dll V2.99.13.0
Dialog DLL:      TCM.DLL V1.14.4.0
 
<h2>Project:</h2>
C:\Users\xujunyi\Desktop\My Ed&Ap\AP\Projects\si4438_gtway_hub\si4438_w5500_gtway_hub.uvprojx
Project File Date:  05/10/2017

<h2>Output:</h2>
Build target 'si4438_w5500_gtway_hub'
compiling mrfi.c...
..\..\Components\mrfi\radios/family1/mrfi_radio.c(320): warning:  #177-D: variable "bCastAddr" was declared but never referenced
        uint8_t bCastAddr[4] = {0xff,0xff,0xff,0xff};
..\..\Components\mrfi\radios/family1/mrfi_radio.c(1064): warning:  #177-D: variable "crcCurValue" was declared but never referenced
        uint16_t crcCurValue;
..\..\Components\mrfi\radios/family1/mrfi_spi.c(75): warning:  #177-D: variable "GPIO_InitStructure2" was declared but never referenced
    MRFI_SPI_INIT(); 
..\..\Components\mrfi\mrfi.c: 3 warnings, 0 errors
linking...
Program Size: Code=56952 RO-data=980 RW-data=1768 ZI-data=40984  
FromELF: creating hex file...
".\Output\w5500_gateway_17_5_11.axf" - 0 Error(s), 3 Warning(s).

<h2>Collection of Component include folders:</h2>
  C:\Users\xujunyi\Desktop\My Ed&Ap\AP\Projects\si4438_gtway_hub\RTE
  C:\Keil_v5\ARM\PACK\Keil\STM32F1xx_DFP\1.1.0\Device\Include

<h2>Collection of Component Files used:</h2>
</pre>
</body>
</html>
