<html>
<body>
<pre>
<h1>µVision Build Log</h1>
<h2>Tool Versions:</h2>
IDE-Version: ¦ÌVision V5.14.0.0
Copyright (C) 2015 ARM Ltd and ARM Germany GmbH. All rights reserved.
License Information: 1 Microsoft, Microsoft, LIC=UJWAR-K484Y-7R1X3-A17VU-SF48H-ANI8N
 
Tool Versions:
Toolchain:       MDK-ARM Standard  Version: 5.14.0.0
Toolchain Path:  C:\Keil_v5\ARM\ARMCC\Bin
C Compiler:      Armcc.exe V5.05 update 1 (build 106)
Assembler:       Armasm.exe V5.05 update 1 (build 106)
Linker/Locator:  ArmLink.exe V5.05 update 1 (build 106)
Library Manager: ArmAr.exe V5.05 update 1 (build 106)
Hex Converter:   FromElf.exe V5.05 update 1 (build 106)
CPU DLL:         SARMCM3.DLL V5.14.0.0
Dialog DLL:      DCM.DLL V1.13.1.0
Target DLL:      Segger\JL2CM3.dll V2.99.13.0
Dialog DLL:      TCM.DLL V1.14.4.0
 
<h2>Project:</h2>
C:\Users\Administrator\Desktop\SX1280_PROJECT\ED\Projects\si4438_gtway_hub\si4438_w5500_gtway_hub.uvprojx
Project File Date:  07/28/2017

<h2>Output:</h2>
Build target 'si4438_w5500_gtway_hub'
compiling system_stm32f10x.c...
compiling bsp.c...
compiling bsp_isr.c...
compiling delay.c...
compiling bsp_leds.c...
compiling stm32_it_config.c...
compiling stm32_usart2_gtway.c...
compiling stm32_flash.c...
compiling stm32_rtc.c...
compiling stm32f10x_it.c...
compiling bsp_mac_addr.c...
compiling mrfi.c...
..\..\Components\mrfi\radios/family1/mrfi_radio.c(310): warning:  #177-D: variable "bCastAddr" was declared but never referenced
        uint8_t bCastAddr[4] = {0xff,0xff,0xff,0xff};
..\..\Components\mrfi\radios/family1/mrfi_radio.c(431): warning:  #550-D: variable "statue" was set but never used
        RadioStatus_t statue;
..\..\Components\mrfi\mrfi.c: 2 warnings, 0 errors
compiling sx1276-LoRa.c...
compiling main_swsn_ed.c...
compiling bui_pkg_fun.c...
compiling net_frm_proc.c...
..\..\Components\user_applications\net_frm_proc.c(452): warning:  #940-D: missing return statement at end of non-void function "send_usartdata_to_ap"
  }
..\..\Components\user_applications\net_frm_proc.c: 1 warning, 0 errors
compiling net_para_fun.c...
compiling net_status_fun.c...
compiling swsn_proc.c...
compiling uart_frm_proc.c...
compiling ed_frm_proc.c...
compiling usart_isr.c...
compiling usart2_dma_proc.c...
compiling nwk.c...
compiling nwk_api.c...
..\..\Components\nwk\nwk_api.c(177): warning:  #1293-D: assignment in condition
      if ((locLinkID=nwk_getLocalLinkID()))
..\..\Components\nwk\nwk_api.c: 1 warning, 0 errors
compiling nwk_frame.c...
..\..\Components\nwk\nwk_frame.c(169): warning:  #1293-D: assignment in condition
    while (!(sTRACTID=MRFI_RandomByte()));
..\..\Components\nwk\nwk_frame.c(198): warning:  #1293-D: assignment in condition
    if (!(fInfoPtr=nwk_QfindSlot(OUTQ)))
..\..\Components\nwk\nwk_frame.c(254): warning:  #1293-D: assignment in condition
    if (!(fInfoPtr=nwk_buildFrame(port, msg, len, hops)))
..\..\Components\nwk\nwk_frame.c(286): warning:  #1293-D: assignment in condition
    if ((fInfoPtr=nwk_QfindSlot(INQ)))
..\..\Components\nwk\nwk_frame.c(302): warning:  #1293-D: assignment in condition
        if ((fInfoPtr=nwk_QfindSlot(INQ)))
..\..\Components\nwk\nwk_frame.c: 5 warnings, 0 errors
compiling nwk_globals.c...
compiling nwk_QMgmt.c...
compiling nwk_token.c...
compiling nwk_freq.c...
compiling nwk_ioctl.c...
..\..\Components\nwk_applications\nwk_ioctl.c(379): warning:  #1293-D: assignment in condition
        (!(pCInfo=nwk_getConnInfo(lid))))
..\..\Components\nwk_applications\nwk_ioctl.c: 1 warning, 0 errors
compiling nwk_join.c...
compiling nwk_link.c...
..\..\Components\nwk_applications\nwk_link.c(96): warning:  #1293-D: assignment in condition
    while (!(sTid = MRFI_RandomByte()))  ;
..\..\Components\nwk_applications\nwk_link.c(416): warning:  #1293-D: assignment in condition
    if (pCInfo = nwk_findPeer((addr_t *)MRFI_P_SRC_ADDR(frame), *(MRFI_P_PAYLOAD(frame)+F_APP_PAYLOAD_OS+UL_RMT_PORT_OS)))
..\..\Components\nwk_applications\nwk_link.c(432): warning:  #1293-D: assignment in condition
    if (pOutFrame = nwk_buildFrame(SMPL_PORT_LINK, msg, sizeof(msg), MAX_HOPS))
..\..\Components\nwk_applications\nwk_link.c(499): warning:  #1293-D: assignment in condition
    if (pCInfo=nwk_isLinkDuplicate(MRFI_P_SRC_ADDR(frame), remotePort))
..\..\Components\nwk_applications\nwk_link.c(520): warning:  #1293-D: assignment in condition
      if (pOutFrame = nwk_buildFrame(SMPL_PORT_LINK, msg, sizeof(msg), MAX_HOPS-(GET_FROM_FRAME(MRFI_P_PAYLOAD(frame),F_HOP_COUNT))))
..\..\Components\nwk_applications\nwk_link.c(626): warning:  #1293-D: assignment in condition
      if (pOutFrame = nwk_buildFrame(SMPL_PORT_LINK, msg, sizeof(msg), MAX_HOPS-(GET_FROM_FRAME(MRFI_P_PAYLOAD(frame),F_HOP_COUNT))))
..\..\Components\nwk_applications\nwk_link.c: 6 warnings, 0 errors
compiling nwk_mgmt.c...
compiling nwk_ping.c...
..\..\Components\nwk_applications\nwk_ping.c(226): warning:  #1293-D: assignment in condition
    if (pOutFrame = nwk_buildFrame(SMPL_PORT_PING, MRFI_P_PAYLOAD(frame)+F_APP_PAYLOAD_OS, MRFI_GET_PAYLOAD_LEN(frame)-F_APP_PAYLOAD_OS, MAX_HOPS))
..\..\Components\nwk_applications\nwk_ping.c: 1 warning, 0 errors
compiling nwk_security.c...
compiling 68_frm_proc.c...
compiling 69_frm_proc.c...
compiling ed_tx_fail_buffer_fun.c...
..\Applications\shared_applications\ed_tx_fail_buffer_fun.c(7): warning:  #188-D: enumerated type mixed with another type
  ed_tx_fail_buffer_t   Ed_tx_fail_buffer[SIZE_INFRAME_Q] = {0};
..\Applications\shared_applications\ed_tx_fail_buffer_fun.c: 1 warning, 0 errors
linking...
Program Size: Code=55568 RO-data=1068 RW-data=528 ZI-data=29912  
FromELF: creating hex file...
After Build - User command #1: C:\Keil_v5\ARM\ARMCC\bin\fromelf.exe     --bin -o .\Output\w5500_gateway_17_5_18.bin .\Output\w5500_gateway_17_5_18.axf
".\Output\w5500_gateway_17_5_18.axf" - 0 Error(s), 18 Warning(s).

<h2>Collection of Component include folders:</h2>
  C:\Users\Administrator\Desktop\SX1280_PROJECT\ED\Projects\si4438_gtway_hub\RTE
  C:\Keil_v5\ARM\PACK\Keil\STM32F1xx_DFP\1.1.0\Device\Include

<h2>Collection of Component Files used:</h2>
</pre>
</body>
</html>
