<html>
<body>
<pre>
<h1>µVision Build Log</h1>
<h2>Tool Versions:</h2>
IDE-Version: ¦ÌVision V5.14.0.0
Copyright (C) 2015 ARM Ltd and ARM Germany GmbH. All rights reserved.
License Information: Ðì ¿¡µt, thingcom, LIC=47GGK-ZFMZQ-W25LL-0NA9D-1QV6Z-7F0W6
 
Tool Versions:
Toolchain:       MDK-ARM Standard  Version: 5.14.0.0
Toolchain Path:  C:\Keil_v5\ARM\ARMCC\Bin
C Compiler:      Armcc.exe V5.05 update 1 (build 106)
Assembler:       Armasm.exe V5.05 update 1 (build 106)
Linker/Locator:  ArmLink.exe V5.05 update 1 (build 106)
Library Manager: ArmAr.exe V5.05 update 1 (build 106)
Hex Converter:   FromElf.exe V5.05 update 1 (build 106)
CPU DLL:         SARMCM3.DLL V5.14.0.0
Dialog DLL:      DCM.DLL V1.13.1.0
Target DLL:      Segger\JL2CM3.dll V2.99.13.0
Dialog DLL:      TCM.DLL V1.14.4.0
 
<h2>Project:</h2>
C:\Users\xujunyi\Desktop\My Ed&Ap\AP\Projects\si4438_gtway_hub\si4438_w5500_gtway_hub.uvprojx
Project File Date:  05/10/2017

<h2>Output:</h2>
Rebuild target 'si4438_w5500_gtway_hub'
assembling startup_stm32f10x_hd.s...
compiling core_cm3.c...
compiling system_stm32f10x.c...
compiling stm32f10x_dma.c...
compiling stm32f10x_exti.c...
compiling stm32f10x_flash.c...
compiling stm32f10x_gpio.c...
compiling stm32f10x_iwdg.c...
compiling stm32f10x_rcc.c...
compiling stm32f10x_rtc.c...
compiling stm32f10x_spi.c...
compiling stm32f10x_tim.c...
compiling stm32f10x_usart.c...
compiling stm32f10x_wwdg.c...
compiling stm32f10x_bkp.c...
compiling misc.c...
compiling stm32f10x_pwr.c...
compiling SEGGER_RTT.c...
compiling SEGGER_RTT_printf.c...
..\..\Libraries\RTT\SEGGER_RTT_printf.c(300): warning:  #111-D: statement is unreachable
          default:  goto FilterFieldWidth;                   break;
..\..\Libraries\RTT\SEGGER_RTT_printf.c: 1 warning, 0 errors
compiling bsp.c...
compiling bsp_isr.c...
compiling delay.c...
compiling bsp_leds.c...
compiling stm32_beep.c...
compiling stm32_it_config.c...
..\..\Components\bsp\stm32_it_config.c(23): warning:  #177-D: variable "EXTI_InitStructure" was declared but never referenced
        EXTI_InitTypeDef EXTI_InitStructure;
..\..\Components\bsp\stm32_it_config.c(24): warning:  #177-D: variable "GPIO_InitStructure" was declared but never referenced
        GPIO_InitTypeDef GPIO_InitStructure;  
..\..\Components\bsp\stm32_it_config.c: 2 warnings, 0 errors
compiling stm32_usart2_gtway.c...
compiling stm32_reset.c...
compiling stm32_flash.c...
compiling stm32_rtc.c...
compiling stm32f10x_it.c...
..\..\Libraries\stm32f10x_it.c(68): warning:  #177-D: variable "pInner_msg" was declared but never referenced
        uint8_t pInner_msg[4]={0x00,0x04,0x05,0x01};
..\..\Libraries\stm32f10x_it.c(87): warning:  #177-D: variable "pInner_msg" was declared but never referenced
        uint8_t pInner_msg[4]={0x00,0x04,0x05,0x02};
..\..\Libraries\stm32f10x_it.c(114): warning:  #177-D: variable "pInner_msg" was declared but never referenced
        uint8_t pInner_msg[4]={0x00,0x04,0x05,0x03};
..\..\Libraries\stm32f10x_it.c(136): warning:  #177-D: variable "pInner_msg" was declared but never referenced
        uint8_t pInner_msg[4]={0x00,0x04,0x05,0x04};
..\..\Libraries\stm32f10x_it.c(158): warning:  #177-D: variable "pInner_msg" was declared but never referenced
        uint8_t pInner_msg[4]={0x00,0x04,0x05,0x05};
..\..\Libraries\stm32f10x_it.c: 5 warnings, 0 errors
compiling mrfi.c...
..\..\Components\mrfi\radios/family1/mrfi_radio.c(324): warning:  #177-D: variable "bCastAddr" was declared but never referenced
        uint8_t bCastAddr[4] = {0xff,0xff,0xff,0xff};
..\..\Components\mrfi\radios/family1/mrfi_radio.c(1029): warning:  #177-D: variable "crcCurValue" was declared but never referenced
        uint16_t crcCurValue;
..\..\Components\mrfi\radios/family1/mrfi_radio.c(1409): warning:  #177-D: variable "test_arry" was declared but never referenced
        uint16_t test_arry[1];
..\..\Components\mrfi\mrfi.c: 3 warnings, 0 errors
compiling sx1276-LoRa.c...
..\..\Components\mrfi\sx1276-LoRa.c(287): warning:  #177-D: variable "i" was declared but never referenced
    u8 i;
..\..\Components\mrfi\sx1276-LoRa.c(342): warning:  #177-D: variable "i" was declared but never referenced
    u8 i;
..\..\Components\mrfi\sx1276-LoRa.c(376): warning:  #550-D: variable "tmp" was set but never used
        uint8_t tmp;
..\..\Components\mrfi\sx1276-LoRa.c(556): warning:  #177-D: variable "crc_value" was declared but never referenced
          uint16_t crc_value;
..\..\Components\mrfi\sx1276-LoRa.c(557): warning:  #550-D: variable "lorafifi_size" was set but never used
          uint8_t lorafifi_size[1];
..\..\Components\mrfi\sx1276-LoRa.c(932): warning:  #177-D: function "RxDATA_CalculateCrc" was declared but never referenced
  static uint16_t RxDATA_CalculateCrc(uint8_t *frame, uint8_t frame_len)
..\..\Components\mrfi\sx1276-LoRa.c: 6 warnings, 0 errors
compiling main_swsn_ap.c...
compiling nwk.c...
compiling nwk_api.c...
..\..\Components\nwk\nwk_api.c(1221): warning:  #177-D: variable "edNum" was declared but never referenced
        uint16_t edNum = sPersistInfo.net_ed_num;
..\..\Components\nwk\nwk_api.c(1245): warning:  #177-D: variable "j" was declared but never referenced
        uint8_t i = 0,j=0;
..\..\Components\nwk\nwk_api.c: 2 warnings, 0 errors
compiling nwk_frame.c...
compiling nwk_globals.c...
compiling nwk_QMgmt.c...
compiling nwk_freq.c...
compiling nwk_ioctl.c...
compiling nwk_join.c...
compiling nwk_joinList.c...
compiling nwk_link.c...
compiling nwk_mgmt.c...
compiling nwk_ping.c...
compiling nwk_security.c...
compiling 69_frm_proc.c...
compiling usart_isr.c...
compiling gtway_frm_proc.c...
compiling uart_frm_proc.c...
compiling usart_share_info.c...
compiling usart2_dma_proc.c...
compiling firmware_info_proc.c...
compiling 68_frm_proc.c...
compiling ap_inner_fun.c...
compiling bui_pkg_fun.c...
compiling net_freq_agility.c...
compiling net_frm_proc.c...
..\Applications\swsn_applications\net_frm_proc.c(338): warning:  #177-D: variable "msg" was declared but never referenced
    uint8_t msg[50];
..\Applications\swsn_applications\net_frm_proc.c(339): warning:  #177-D: variable "len" was declared but never referenced
    uint8_t len;
..\Applications\swsn_applications\net_frm_proc.c: 2 warnings, 0 errors
compiling net_list_proc.c...
compiling net_para_fun.c...
compiling net_status_fun.c...
compiling user_def_fun.c...
compiling 67_frm_proc.c...
..\Applications\extranet_applications\67_frm_proc.c(25): warning:  #188-D: enumerated type mixed with another type
  group_buffer_t   Ed_group_buffer[IP_GROUP_MAX_NUM] = {0};
..\Applications\extranet_applications\67_frm_proc.c: 1 warning, 0 errors
compiling 77_frm_proc.c...
compiling 88_frm_proc.c...
compiling ed_rx_buffer_fun.c...
..\Applications\shared_applications\ed_rx_buffer_fun.c(25): warning:  #188-D: enumerated type mixed with another type
  ed_rx_buffer_t   Ed_rx_buffer[SIZE_INFRAME_Q] = {0};
..\Applications\shared_applications\ed_rx_buffer_fun.c: 1 warning, 0 errors
compiling ed_tx_buffer_fun.c...
compiling ed_tx_fail_buffer_fun.c...
..\Applications\shared_applications\ed_tx_fail_buffer_fun.c(22): warning:  #188-D: enumerated type mixed with another type
  ed_tx_fail_buffer_t   Ed_tx_fail_buffer[SIZE_INFRAME_Q] = {0};
..\Applications\shared_applications\ed_tx_fail_buffer_fun.c: 1 warning, 0 errors
linking...
Program Size: Code=57340 RO-data=980 RW-data=1768 ZI-data=40984  
FromELF: creating hex file...
After Build - User command #1: C:\Keil_v5\ARM\ARMCC\bin\fromelf.exe     --bin -o .\Output\ledon02160525.bin .\Output\w5500_gateway_16_5_25.axf
".\Output\w5500_gateway_16_5_25.axf": Error: Q0122E: Could not open file '.\Output\w5500_gateway_16_5_25.axf': No such file or directory
Finished: 0 information, 0 warning and 1 error messages.
".\Output\w5500_gateway_17_2_25.axf" - 0 Error(s), 24 Warning(s).

<h2>Collection of Component include folders:</h2>
  C:\Users\xujunyi\Desktop\My Ed&Ap\AP\Projects\si4438_gtway_hub\RTE
  C:\Keil_v5\ARM\PACK\Keil\STM32F1xx_DFP\1.1.0\Device\Include

<h2>Collection of Component Files used:</h2>
</pre>
</body>
</html>
