Component: ARM Compiler 5.05 update 1 (build 106) Tool: armlink [4d0efa]

==============================================================================

Section Cross References

    startup_stm32f10x_hd.o(RESET) refers to startup_stm32f10x_hd.o(STACK) for __initial_sp
    startup_stm32f10x_hd.o(RESET) refers to startup_stm32f10x_hd.o(.text) for Reset_Handler
    startup_stm32f10x_hd.o(RESET) refers to stm32f10x_it.o(.text) for NMI_Handler
    startup_stm32f10x_hd.o(RESET) refers to bsp_isr.o(.text) for RTC_IRQHandler
    startup_stm32f10x_hd.o(RESET) refers to mrfi.o(.text) for EXTI1_IRQHandler
    startup_stm32f10x_hd.o(RESET) refers to usart2_dma_proc.o(.text) for TIM4_IRQHandler
    startup_stm32f10x_hd.o(RESET) refers to usart_isr.o(.text) for USART2_IRQHandler
    startup_stm32f10x_hd.o(.text) refers to system_stm32f10x.o(.text) for SystemInit
    startup_stm32f10x_hd.o(.text) refers to entry.o(.ARM.Collect$$$$00000000) for __main
    system_stm32f10x.o(.text) refers to system_stm32f10x.o(.data) for SystemCoreClock
    stm32f10x_gpio.o(.text) refers to stm32f10x_rcc.o(.text) for RCC_APB2PeriphResetCmd
    stm32f10x_rcc.o(.text) refers to stm32f10x_rcc.o(.data) for APBAHBPrescTable
    stm32f10x_spi.o(.text) refers to stm32f10x_rcc.o(.text) for RCC_APB2PeriphResetCmd
    stm32f10x_tim.o(.text) refers to stm32f10x_rcc.o(.text) for RCC_APB2PeriphResetCmd
    stm32f10x_usart.o(.text) refers to stm32f10x_rcc.o(.text) for RCC_APB2PeriphResetCmd
    stm32f10x_wwdg.o(.text) refers to stm32f10x_rcc.o(.text) for RCC_APB1PeriphResetCmd
    stm32f10x_bkp.o(.text) refers to stm32f10x_rcc.o(.text) for RCC_BackupResetCmd
    stm32f10x_pwr.o(.text) refers to stm32f10x_rcc.o(.text) for RCC_APB1PeriphResetCmd
    segger_rtt.o(.text) refers to memmovea.o(.text) for __aeabi_memcpy
    segger_rtt.o(.text) refers to segger_rtt.o(.data) for _SEGGER_RTT
    segger_rtt.o(.data) refers to segger_rtt.o(.conststring) for .conststring
    segger_rtt.o(.data) refers to segger_rtt.o(.bss) for _acUpBuffer
    segger_rtt_printf.o(.text) refers to segger_rtt.o(.text) for SEGGER_RTT_Write
    segger_rtt_printf.o(.text) refers to segger_rtt_printf.o(.constdata) for _aV2C
    bsp.o(.text) refers to misc.o(.text) for NVIC_SetVectorTable
    bsp.o(.text) refers to stm32f10x_rcc.o(.text) for RCC_APB2PeriphClockCmd
    bsp.o(.text) refers to stm32f10x_tim.o(.text) for TIM_DeInit
    bsp.o(.text) refers to stm32_it_config.o(.text) for NVIC_Configuration
    bsp.o(.text) refers to stm32f10x_gpio.o(.text) for GPIO_EXTILineConfig
    bsp.o(.text) refers to stm32f10x_exti.o(.text) for EXTI_Init
    bsp.o(.text) refers to system_stm32f10x.o(.text) for SystemInit
    bsp.o(.text) refers to stm32_beep.o(.text) for BSP_BEEP_Init
    bsp.o(.text) refers to bsp_leds.o(.text) for bsp_initleds
    bsp.o(.text) refers to delay.o(.text) for delay_init
    bsp.o(.text) refers to stm32_rtc.o(.text) for Init_RTC
    bsp.o(.text) refers to stm32f10x_iwdg.o(.text) for IWDG_ReloadCounter
    bsp_isr.o(.text) refers to stm32f10x_rtc.o(.text) for RTC_GetITStatus
    bsp_isr.o(.text) refers to bsp_leds.o(.text) for BSP_TOGGLE_LED4
    bsp_isr.o(.text) refers to delay.o(.text) for delay_ms
    bsp_isr.o(.text) refers to stm32f10x_iwdg.o(.text) for IWDG_ReloadCounter
    bsp_isr.o(.text) refers to stm32f10x_gpio.o(.text) for GPIO_ReadInputDataBit
    bsp_isr.o(.text) refers to stm32f10x_exti.o(.text) for EXTI_ClearITPendingBit
    bsp_isr.o(.text) refers to bsp_isr.o(.data) for bsp_reset_ap_config
    delay.o(.text) refers to stm32f10x_iwdg.o(.text) for IWDG_ReloadCounter
    delay.o(.text) refers to delay.o(.data) for us_value
    bsp_leds.o(.text) refers to stm32f10x_rcc.o(.text) for RCC_APB2PeriphClockCmd
    bsp_leds.o(.text) refers to stm32f10x_gpio.o(.text) for GPIO_Init
    stm32_beep.o(.text) refers to stm32f10x_rcc.o(.text) for RCC_APB2PeriphClockCmd
    stm32_beep.o(.text) refers to stm32f10x_gpio.o(.text) for GPIO_Init
    stm32_it_config.o(.text) refers to misc.o(.text) for NVIC_SetVectorTable
    stm32_usart2_gtway.o(.text) refers to stm32f10x_rcc.o(.text) for RCC_APB1PeriphClockCmd
    stm32_usart2_gtway.o(.text) refers to stm32f10x_gpio.o(.text) for GPIO_Init
    stm32_usart2_gtway.o(.text) refers to stm32f10x_usart.o(.text) for USART_DeInit
    stm32_usart2_gtway.o(.text) refers to misc.o(.text) for NVIC_SetVectorTable
    stm32_usart2_gtway.o(.text) refers to segger_rtt.o(.text) for SEGGER_RTT_WriteString
    stm32_usart2_gtway.o(.text) refers to segger_rtt_printf.o(.text) for SEGGER_RTT_put_multi_char
    stm32_reset.o(.text) refers to stm32f10x_rcc.o(.text) for RCC_APB1PeriphClockCmd
    stm32_reset.o(.text) refers to stm32f10x_wwdg.o(.text) for WWDG_SetPrescaler
    stm32_reset.o(.text) refers to stm32f10x_iwdg.o(.text) for IWDG_WriteAccessCmd
    stm32_flash.o(.text) refers to core_cm3.o(.emb_text) for OS_CPU_SR_Save
    stm32_flash.o(.text) refers to stm32f10x_flash.o(.text) for FLASH_Unlock
[...]
    TIM_OC4Init                              0x08003e63   Thumb Code   182  stm32f10x_tim.o(.text)
    TIM_SetIC4Prescaler                      0x08003f19   Thumb Code    26  stm32f10x_tim.o(.text)
    TIM_SetIC3Prescaler                      0x08003fb5   Thumb Code    18  stm32f10x_tim.o(.text)
    TIM_SetIC2Prescaler                      0x08004041   Thumb Code    26  stm32f10x_tim.o(.text)
    TIM_SetIC1Prescaler                      0x080040dd   Thumb Code    18  stm32f10x_tim.o(.text)
    TIM_ICInit                               0x0800415b   Thumb Code   150  stm32f10x_tim.o(.text)
    TIM_PWMIConfig                           0x080041f1   Thumb Code   124  stm32f10x_tim.o(.text)
    TIM_BDTRConfig                           0x0800426d   Thumb Code    32  stm32f10x_tim.o(.text)
    TIM_TimeBaseStructInit                   0x0800428d   Thumb Code    18  stm32f10x_tim.o(.text)
    TIM_OCStructInit                         0x0800429f   Thumb Code    20  stm32f10x_tim.o(.text)
    TIM_ICStructInit                         0x080042b3   Thumb Code    18  stm32f10x_tim.o(.text)
    TIM_BDTRStructInit                       0x080042c5   Thumb Code    40  stm32f10x_tim.o(.text)
    TIM_Cmd                                  0x080042ed   Thumb Code    24  stm32f10x_tim.o(.text)
    TIM_CtrlPWMOutputs                       0x08004305   Thumb Code    30  stm32f10x_tim.o(.text)
    TIM_ITConfig                             0x08004323   Thumb Code    18  stm32f10x_tim.o(.text)
    TIM_GenerateEvent                        0x08004335   Thumb Code     4  stm32f10x_tim.o(.text)
    TIM_DMAConfig                            0x08004339   Thumb Code    10  stm32f10x_tim.o(.text)
    TIM_DMACmd                               0x08004343   Thumb Code    18  stm32f10x_tim.o(.text)
    TIM_InternalClockConfig                  0x08004355   Thumb Code    12  stm32f10x_tim.o(.text)
    TIM_SelectInputTrigger                   0x08004361   Thumb Code    18  stm32f10x_tim.o(.text)
    TIM_ITRxExternalClockConfig              0x08004373   Thumb Code    24  stm32f10x_tim.o(.text)
    TIM_TIxExternalClockConfig               0x0800438b   Thumb Code    62  stm32f10x_tim.o(.text)
    TIM_ETRConfig                            0x080043c9   Thumb Code    28  stm32f10x_tim.o(.text)
    TIM_ETRClockMode1Config                  0x080043e5   Thumb Code    54  stm32f10x_tim.o(.text)
    TIM_ETRClockMode2Config                  0x0800441b   Thumb Code    32  stm32f10x_tim.o(.text)
    TIM_PrescalerConfig                      0x0800443b   Thumb Code     6  stm32f10x_tim.o(.text)
    TIM_CounterModeConfig                    0x08004441   Thumb Code    18  stm32f10x_tim.o(.text)
    TIM_EncoderInterfaceConfig               0x08004453   Thumb Code    66  stm32f10x_tim.o(.text)
    TIM_ForcedOC1Config                      0x08004495   Thumb Code    18  stm32f10x_tim.o(.text)
    TIM_ForcedOC2Config                      0x080044a7   Thumb Code    26  stm32f10x_tim.o(.text)
    TIM_ForcedOC3Config                      0x080044c1   Thumb Code    18  stm32f10x_tim.o(.text)
    TIM_ForcedOC4Config                      0x080044d3   Thumb Code    26  stm32f10x_tim.o(.text)
    TIM_ARRPreloadConfig                     0x080044ed   Thumb Code    24  stm32f10x_tim.o(.text)
    TIM_SelectCOM                            0x08004505   Thumb Code    24  stm32f10x_tim.o(.text)
    TIM_SelectCCDMA                          0x0800451d   Thumb Code    24  stm32f10x_tim.o(.text)
    TIM_CCPreloadControl                     0x08004535   Thumb Code    24  stm32f10x_tim.o(.text)
    TIM_OC1PreloadConfig                     0x0800454d   Thumb Code    18  stm32f10x_tim.o(.text)
    TIM_OC2PreloadConfig                     0x0800455f   Thumb Code    26  stm32f10x_tim.o(.text)
    TIM_OC3PreloadConfig                     0x08004579   Thumb Code    18  stm32f10x_tim.o(.text)
    TIM_OC4PreloadConfig                     0x0800458b   Thumb Code    26  stm32f10x_tim.o(.text)
    TIM_OC1FastConfig                        0x080045a5   Thumb Code    18  stm32f10x_tim.o(.text)
    TIM_OC2FastConfig                        0x080045b7   Thumb Code    26  stm32f10x_tim.o(.text)
    TIM_OC3FastConfig                        0x080045d1   Thumb Code    18  stm32f10x_tim.o(.text)
    TIM_OC4FastConfig                        0x080045e3   Thumb Code    26  stm32f10x_tim.o(.text)
    TIM_ClearOC1Ref                          0x080045fd   Thumb Code    18  stm32f10x_tim.o(.text)
    TIM_ClearOC2Ref                          0x0800460f   Thumb Code    24  stm32f10x_tim.o(.text)
    TIM_ClearOC3Ref                          0x08004627   Thumb Code    18  stm32f10x_tim.o(.text)
    TIM_ClearOC4Ref                          0x08004639   Thumb Code    24  stm32f10x_tim.o(.text)
    TIM_OC1PolarityConfig                    0x08004651   Thumb Code    18  stm32f10x_tim.o(.text)
    TIM_OC1NPolarityConfig                   0x08004663   Thumb Code    18  stm32f10x_tim.o(.text)
    TIM_OC2PolarityConfig                    0x08004675   Thumb Code    26  stm32f10x_tim.o(.text)
    TIM_OC2NPolarityConfig                   0x0800468f   Thumb Code    26  stm32f10x_tim.o(.text)
    TIM_OC3PolarityConfig                    0x080046a9   Thumb Code    26  stm32f10x_tim.o(.text)
    TIM_OC3NPolarityConfig                   0x080046c3   Thumb Code    26  stm32f10x_tim.o(.text)
    TIM_OC4PolarityConfig                    0x080046dd   Thumb Code    26  stm32f10x_tim.o(.text)
    TIM_CCxCmd                               0x080046f7   Thumb Code    30  stm32f10x_tim.o(.text)
    TIM_CCxNCmd                              0x08004715   Thumb Code    30  stm32f10x_tim.o(.text)
    TIM_SelectOCxM                           0x08004733   Thumb Code    82  stm32f10x_tim.o(.text)
    TIM_UpdateDisableConfig                  0x08004785   Thumb Code    24  stm32f10x_tim.o(.text)
    TIM_UpdateRequestConfig                  0x0800479d   Thumb Code    24  stm32f10x_tim.o(.text)
    TIM_SelectHallSensor                     0x080047b5   Thumb Code    24  stm32f10x_tim.o(.text)
    TIM_SelectOnePulseMode                   0x080047cd   Thumb Code    18  stm32f10x_tim.o(.text)
    TIM_SelectOutputTrigger                  0x080047df   Thumb Code    18  stm32f10x_tim.o(.text)
    TIM_SelectSlaveMode                      0x080047f1   Thumb Code    18  stm32f10x_tim.o(.text)
    TIM_SelectMasterSlaveMode                0x08004803   Thumb Code    18  stm32f10x_tim.o(.text)
    TIM_SetCounter                           0x08004815   Thumb Code     4  stm32f10x_tim.o(.text)
    TIM_SetAutoreload                        0x08004819   Thumb Code     4  stm32f10x_tim.o(.text)
    TIM_SetCompare1                          0x0800481d   Thumb Code     4  stm32f10x_tim.o(.text)
    TIM_SetCompare2                          0x08004821   Thumb Code     4  stm32f10x_tim.o(.text)
    TIM_SetCompare3                          0x08004825   Thumb Code     4  stm32f10x_tim.o(.text)
    TIM_SetCompare4                          0x08004829   Thumb Code     6  stm32f10x_tim.o(.text)
    TIM_SetClockDivision                     0x0800482f   Thumb Code    18  stm32f10x_tim.o(.text)
    TIM_GetCapture1                          0x08004841   Thumb Code     6  stm32f10x_tim.o(.text)
    TIM_GetCapture2                          0x08004847   Thumb Code     6  stm32f10x_tim.o(.text)
    TIM_GetCapture3                          0x0800484d   Thumb Code     6  stm32f10x_tim.o(.text)
    TIM_GetCapture4                          0x08004853   Thumb Code     8  stm32f10x_tim.o(.text)
    TIM_GetCounter                           0x0800485b   Thumb Code     6  stm32f10x_tim.o(.text)
    TIM_GetPrescaler                         0x08004861   Thumb Code     6  stm32f10x_tim.o(.text)
    TIM_GetFlagStatus                        0x08004867   Thumb Code    18  stm32f10x_tim.o(.text)
    TIM_ClearFlag                            0x08004879   Thumb Code     6  stm32f10x_tim.o(.text)
    TIM_GetITStatus                          0x0800487f   Thumb Code    34  stm32f10x_tim.o(.text)
    TIM_ClearITPendingBit                    0x080048a1   Thumb Code     6  stm32f10x_tim.o(.text)
    USART_DeInit                             0x080048a9   Thumb Code   134  stm32f10x_usart.o(.text)
    USART_Init                               0x0800492f   Thumb Code   210  stm32f10x_usart.o(.text)
    USART_StructInit                         0x08004a01   Thumb Code    24  stm32f10x_usart.o(.text)
    USART_ClockInit                          0x08004a19   Thumb Code    34  stm32f10x_usart.o(.text)
    USART_ClockStructInit                    0x08004a3b   Thumb Code    12  stm32f10x_usart.o(.text)
    USART_Cmd                                0x08004a47   Thumb Code    24  stm32f10x_usart.o(.text)
    USART_ITConfig                           0x08004a5f   Thumb Code    74  stm32f10x_usart.o(.text)
    USART_DMACmd                             0x08004aa9   Thumb Code    18  stm32f10x_usart.o(.text)
    USART_SetAddress                         0x08004abb   Thumb Code    18  stm32f10x_usart.o(.text)
    USART_WakeUpConfig                       0x08004acd   Thumb Code    18  stm32f10x_usart.o(.text)
    USART_ReceiverWakeUpCmd                  0x08004adf   Thumb Code    24  stm32f10x_usart.o(.text)
    USART_LINBreakDetectLengthConfig         0x08004af7   Thumb Code    18  stm32f10x_usart.o(.text)
    USART_LINCmd                             0x08004b09   Thumb Code    24  stm32f10x_usart.o(.text)
    USART_SendData                           0x08004b21   Thumb Code     8  stm32f10x_usart.o(.text)
    USART_ReceiveData                        0x08004b29   Thumb Code    10  stm32f10x_usart.o(.text)
    USART_SendBreak                          0x08004b33   Thumb Code    10  stm32f10x_usart.o(.text)
    USART_SetGuardTime                       0x08004b3d   Thumb Code    16  stm32f10x_usart.o(.text)
    USART_SetPrescaler                       0x08004b4d   Thumb Code    16  stm32f10x_usart.o(.text)
    USART_SmartCardCmd                       0x08004b5d   Thumb Code    24  stm32f10x_usart.o(.text)
    USART_SmartCardNACKCmd                   0x08004b75   Thumb Code    24  stm32f10x_usart.o(.text)
    USART_HalfDuplexCmd                      0x08004b8d   Thumb Code    24  stm32f10x_usart.o(.text)
    USART_OverSampling8Cmd                   0x08004ba5   Thumb Code    22  stm32f10x_usart.o(.text)
    USART_OneBitMethodCmd                    0x08004bbb   Thumb Code    24  stm32f10x_usart.o(.text)
    USART_IrDAConfig                         0x08004bd3   Thumb Code    18  stm32f10x_usart.o(.text)
    USART_IrDACmd                            0x08004be5   Thumb Code    24  stm32f10x_usart.o(.text)
    USART_GetFlagStatus                      0x08004bfd   Thumb Code    26  stm32f10x_usart.o(.text)
    USART_ClearFlag                          0x08004c17   Thumb Code    18  stm32f10x_usart.o(.text)
    USART_GetITStatus                        0x08004c29   Thumb Code    84  stm32f10x_usart.o(.text)
    USART_ClearITPendingBit                  0x08004c7d   Thumb Code    52  stm32f10x_usart.o(.text)
    WWDG_DeInit                              0x08004cb1   Thumb Code    22  stm32f10x_wwdg.o(.text)
    WWDG_SetPrescaler                        0x08004cc7   Thumb Code    18  stm32f10x_wwdg.o(.text)
    WWDG_SetWindowValue                      0x08004cd9   Thumb Code    34  stm32f10x_wwdg.o(.text)
    WWDG_EnableIT                            0x08004cfb   Thumb Code     8  stm32f10x_wwdg.o(.text)
    WWDG_SetCounter                          0x08004d03   Thumb Code    12  stm32f10x_wwdg.o(.text)
    WWDG_Enable                              0x08004d0f   Thumb Code    12  stm32f10x_wwdg.o(.text)
    WWDG_GetFlagStatus                       0x08004d1b   Thumb Code    10  stm32f10x_wwdg.o(.text)
    WWDG_ClearFlag                           0x08004d25   Thumb Code    10  stm32f10x_wwdg.o(.text)
    BKP_DeInit                               0x08004d39   Thumb Code    16  stm32f10x_bkp.o(.text)
    BKP_TamperPinLevelConfig                 0x08004d49   Thumb Code     6  stm32f10x_bkp.o(.text)
    BKP_TamperPinCmd                         0x08004d4f   Thumb Code     8  stm32f10x_bkp.o(.text)
    BKP_ITConfig                             0x08004d57   Thumb Code     8  stm32f10x_bkp.o(.text)
    BKP_RTCOutputConfig                      0x08004d5f   Thumb Code    22  stm32f10x_bkp.o(.text)
    BKP_SetRTCCalibrationValue               0x08004d75   Thumb Code    22  stm32f10x_bkp.o(.text)
    BKP_WriteBackupRegister                  0x08004d8b   Thumb Code    24  stm32f10x_bkp.o(.text)
    BKP_ReadBackupRegister                   0x08004da3   Thumb Code    26  stm32f10x_bkp.o(.text)
    BKP_GetFlagStatus                        0x08004dbd   Thumb Code    10  stm32f10x_bkp.o(.text)
    BKP_ClearFlag                            0x08004dc7   Thumb Code    18  stm32f10x_bkp.o(.text)
    BKP_GetITStatus                          0x08004dd9   Thumb Code    10  stm32f10x_bkp.o(.text)
    BKP_ClearITPendingBit                    0x08004de3   Thumb Code    18  stm32f10x_bkp.o(.text)
    NVIC_PriorityGroupConfig                 0x08004dfd   Thumb Code    10  misc.o(.text)
    NVIC_Init                                0x08004e07   Thumb Code   100  misc.o(.text)
    NVIC_SetVectorTable                      0x08004e6b   Thumb Code    14  misc.o(.text)
    NVIC_SystemLPConfig                      0x08004e79   Thumb Code    34  misc.o(.text)
    SysTick_CLKSourceConfig                  0x08004e9b   Thumb Code    40  misc.o(.text)
    PWR_DeInit                               0x08004ed9   Thumb Code    22  stm32f10x_pwr.o(.text)
    PWR_BackupAccessCmd                      0x08004eef   Thumb Code     6  stm32f10x_pwr.o(.text)
    PWR_PVDCmd                               0x08004ef5   Thumb Code     6  stm32f10x_pwr.o(.text)
    PWR_PVDLevelConfig                       0x08004efb   Thumb Code    18  stm32f10x_pwr.o(.text)
    PWR_WakeUpPinCmd                         0x08004f0d   Thumb Code     8  stm32f10x_pwr.o(.text)
    PWR_EnterSTOPMode                        0x08004f15   Thumb Code    54  stm32f10x_pwr.o(.text)
    PWR_EnterSTANDBYMode                     0x08004f4b   Thumb Code    42  stm32f10x_pwr.o(.text)
    PWR_GetFlagStatus                        0x08004f75   Thumb Code    20  stm32f10x_pwr.o(.text)
    PWR_ClearFlag                            0x08004f89   Thumb Code    14  stm32f10x_pwr.o(.text)
    SEGGER_RTT_Read                          0x08004fc5   Thumb Code   196  segger_rtt.o(.text)
    SEGGER_RTT_Write                         0x08005089   Thumb Code   404  segger_rtt.o(.text)
    SEGGER_RTT_WriteString                   0x0800521d   Thumb Code    26  segger_rtt.o(.text)
    SEGGER_RTT_GetKey                        0x08005237   Thumb Code    30  segger_rtt.o(.text)
    SEGGER_RTT_WaitKey                       0x08005255   Thumb Code    14  segger_rtt.o(.text)
    SEGGER_RTT_HasKey                        0x08005263   Thumb Code    26  segger_rtt.o(.text)
    SEGGER_RTT_ConfigUpBuffer                0x0800527d   Thumb Code   126  segger_rtt.o(.text)
    SEGGER_RTT_ConfigDownBuffer              0x080052fb   Thumb Code   116  segger_rtt.o(.text)
    SEGGER_RTT_Init                          0x0800536f   Thumb Code     8  segger_rtt.o(.text)
    SEGGER_RTT_SetTerminal                   0x08005377   Thumb Code    70  segger_rtt.o(.text)
    SEGGER_RTT_TerminalOut                   0x080053bd   Thumb Code   118  segger_rtt.o(.text)
    SEGGER_RTT_vprintf                       0x08005657   Thumb Code   504  segger_rtt_printf.o(.text)
    SEGGER_RTT_printf                        0x0800584f   Thumb Code    26  segger_rtt_printf.o(.text)
    SEGGER_RTT_put_multi_char                0x08005869   Thumb Code    40  segger_rtt_printf.o(.text)
    SEGGER_RTT_put_multi_char_no_word_wrap   0x08005891   Thumb Code    32  segger_rtt_printf.o(.text)
    TIM1_NVIC_Configuration                  0x080058c1   Thumb Code    44  bsp.o(.text)
    TIM1_Configuration                       0x080058ed   Thumb Code    90  bsp.o(.text)
    TIM2_NVIC_Configuration                  0x08005947   Thumb Code    52  bsp.o(.text)
    TIM2_Configuration                       0x0800597b   Thumb Code    82  bsp.o(.text)
    EXIT_PC10_Config                         0x080059cd   Thumb Code    54  bsp.o(.text)
    TIM6_NVIC_Configuration                  0x08005a03   Thumb Code    44  bsp.o(.text)
    TIM6_Configuration                       0x08005a2f   Thumb Code    86  bsp.o(.text)
    RCC_Configuration                        0x08005a85   Thumb Code     8  bsp.o(.text)
    BSP_InitBoard                            0x08005a8d   Thumb Code    46  bsp.o(.text)
    BSP_Init                                 0x08005abb   Thumb Code    68  bsp.o(.text)
    BSP_Delay                                0x08005aff   Thumb Code    98  bsp.o(.text)
    RTC_IRQHandler                           0x08005b6d   Thumb Code    34  bsp_isr.o(.text)
    EXTI9_5_IRQHandler                       0x08005b8f   Thumb Code    74  bsp_isr.o(.text)
    delay_init                               0x08005be1   Thumb Code    44  delay.o(.text)
    delay_ms                                 0x08005c0d   Thumb Code    82  delay.o(.text)
    delay_s                                  0x08005c5f   Thumb Code    28  delay.o(.text)
    delay_us                                 0x08005c7b   Thumb Code    72  delay.o(.text)
    Sx1278_GPIO_Inital                       0x08005ccd   Thumb Code   164  bsp_leds.o(.text)
    bsp_initleds                             0x08005d71   Thumb Code     2  bsp_leds.o(.text)
    BSP_TURN_ON_LED1                         0x08005d73   Thumb Code    14  bsp_leds.o(.text)
    BSP_TURN_OFF_LED1                        0x08005d81   Thumb Code    14  bsp_leds.o(.text)
    BSP_TOGGLE_LED1                          0x08005d8f   Thumb Code    14  bsp_leds.o(.text)
    BSP_TURN_ON_LED2                         0x08005d9d   Thumb Code    14  bsp_leds.o(.text)
    BSP_TURN_OFF_LED2                        0x08005dab   Thumb Code    14  bsp_leds.o(.text)
    BSP_TOGGLE_LED2                          0x08005db9   Thumb Code    14  bsp_leds.o(.text)
    BSP_TURN_ON_LED4                         0x08005dc7   Thumb Code    14  bsp_leds.o(.text)
    BSP_TURN_OFF_LED4                        0x08005dd5   Thumb Code    14  bsp_leds.o(.text)
    BSP_TOGGLE_LED4                          0x08005de3   Thumb Code    14  bsp_leds.o(.text)
    BSP_BEEP_Init                            0x08005df9   Thumb Code    38  stm32_beep.o(.text)
    BSP_TURN_ON_BEEP                         0x08005e1f   Thumb Code    14  stm32_beep.o(.text)
    BSP_TURN_OFF_BEEP                        0x08005e2d   Thumb Code    14  stm32_beep.o(.text)
    NVIC_Configuration                       0x08005e41   Thumb Code    82  stm32_it_config.o(.text)
    Usart2_Configuration                     0x08005e95   Thumb Code   138  stm32_usart2_gtway.o(.text)
    USART2_NVIC_Configuration                0x08005f1f   Thumb Code    44  stm32_usart2_gtway.o(.text)
    put_string_uart2                         0x08005f4b   Thumb Code    38  stm32_usart2_gtway.o(.text)
    put_char_uart2                           0x08005f71   Thumb Code   138  stm32_usart2_gtway.o(.text)
    put_multi_char_uart2                     0x08005ffb   Thumb Code    28  stm32_usart2_gtway.o(.text)
    put_hex_uart2                            0x08006017   Thumb Code    28  stm32_usart2_gtway.o(.text)
    put_multi_hex_uart2                      0x08006033   Thumb Code    44  stm32_usart2_gtway.o(.text)
    fputc                                    0x0800605f   Thumb Code    32  stm32_usart2_gtway.o(.text)
    BSP_RESET_BOARD                          0x080060a5   Thumb Code    30  stm32_reset.o(.text)
    IWDG_Config                              0x080060c3   Thumb Code    48  stm32_reset.o(.text)
    FLASH_WriteByte                          0x080060f5   Thumb Code   152  stm32_flash.o(.text)
    FLASH_ReadByte                           0x0800618d   Thumb Code    24  stm32_flash.o(.text)
    FLASH_EraseOnePage                       0x080061a5   Thumb Code    26  stm32_flash.o(.text)
    Set_BootLoader_State                     0x080061bf   Thumb Code    90  stm32_flash.o(.text)
    Read_BootLoader_State                    0x08006219   Thumb Code    18  stm32_flash.o(.text)
    RTC_Get_Week                             0x08006235   Thumb Code   116  stm32_rtc.o(.text)
    Is_Leap_Year                             0x080062a9   Thumb Code    58  stm32_rtc.o(.text)
    Time_Get                                 0x080062e3   Thumb Code   230  stm32_rtc.o(.text)
    Time_Update                              0x080063c9   Thumb Code   196  stm32_rtc.o(.text)
    get_week                                 0x0800648d   Thumb Code    30  stm32_rtc.o(.text)
    Time_Set                                 0x080064ab   Thumb Code   106  stm32_rtc.o(.text)
    Init_RTC                                 0x08006515   Thumb Code   152  stm32_rtc.o(.text)
    get_time_s                               0x080065ad   Thumb Code     8  stm32_rtc.o(.text)
    set_week                                 0x080065b5   Thumb Code    18  stm32_rtc.o(.text)
    NMI_Handler                              0x080065e9   Thumb Code    22  stm32f10x_it.o(.text)
    HardFault_Handler                        0x080065ff   Thumb Code    36  stm32f10x_it.o(.text)
    MemManage_Handler                        0x08006623   Thumb Code    24  stm32f10x_it.o(.text)
    BusFault_Handler                         0x0800663b   Thumb Code    24  stm32f10x_it.o(.text)
    UsageFault_Handler                       0x08006653   Thumb Code    24  stm32f10x_it.o(.text)
    SVC_Handler                              0x0800666b   Thumb Code    16  stm32f10x_it.o(.text)
    DebugMon_Handler                         0x0800667b   Thumb Code    16  stm32f10x_it.o(.text)
    PendSV_Handler                           0x0800668b   Thumb Code    16  stm32f10x_it.o(.text)
    SysTick_Handler                          0x0800669b   Thumb Code    16  stm32f10x_it.o(.text)
    TIM2_IRQHandler                          0x080066ab   Thumb Code    22  stm32f10x_it.o(.text)
    MRFI_Ready                               0x080067fd   Thumb Code    38  mrfi.o(.text)
    Mrfi_GetCurrentState                     0x08006823   Thumb Code    16  mrfi.o(.text)
    RE_ON                                    0x08006833   Thumb Code    24  mrfi.o(.text)
    MRFI_RxOn                                0x0800684b   Thumb Code    48  mrfi.o(.text)
    SX1276_Parameters_Select                 0x0800687b   Thumb Code   108  mrfi.o(.text)
    KeyRead                                  0x080068e7   Thumb Code    84  mrfi.o(.text)
    mrfiSpiInit                              0x0800693b   Thumb Code   186  mrfi.o(.text)
    MRFI_Init                                0x080069f5   Thumb Code   192  mrfi.o(.text)
    MRFI_RandomByte                          0x08006aeb   Thumb Code    20  mrfi.o(.text)
    TX_func                                  0x08006b21   Thumb Code   128  mrfi.o(.text)
    Lora_Rssiv_judge                         0x08006ba1   Thumb Code   250  mrfi.o(.text)
    Lora_RSSI_VALID_WAIT                     0x08006c9b   Thumb Code    46  mrfi.o(.text)
    MRFI_Transmit                            0x08006cc9   Thumb Code   334  mrfi.o(.text)
    MRFI_Receive                             0x08006e17   Thumb Code    16  mrfi.o(.text)
    MRFI_RxAddrIsFiltered                    0x08006e27   Thumb Code    72  mrfi.o(.text)
    Mrfi_RXConfi                             0x08006e6f   Thumb Code    68  mrfi.o(.text)
    MRFI_Sleep                               0x08006ed1   Thumb Code    34  mrfi.o(.text)
    MRFI_WakeUp                              0x08006ef3   Thumb Code    14  mrfi.o(.text)
    MRFI_GpioIsr                             0x08006f01   Thumb Code    52  mrfi.o(.text)
    Mrfi_SpiGetResponse                      0x08006fab   Thumb Code   114  mrfi.o(.text)
    Mrfi_SpiSendCommand                      0x08007037   Thumb Code    48  mrfi.o(.text)
    Mrfi_SpiSendCmdGetResp                   0x08007067   Thumb Code    40  mrfi.o(.text)
    Mrfi_IsRssiExceededThreshold             0x0800708f   Thumb Code    30  mrfi.o(.text)
    Mrfi_GetCurrentRSSI                      0x08007173   Thumb Code    22  mrfi.o(.text)
    MRFI_Rssi                                0x08007189   Thumb Code    16  mrfi.o(.text)
    MRFI_DelayMs                             0x080071e7   Thumb Code    24  mrfi.o(.text)
    MRFI_ReplyDelay                          0x080071ff   Thumb Code    84  mrfi.o(.text)
    MRFI_PostKillSem                         0x08007253   Thumb Code    14  mrfi.o(.text)
    MRFI_GetRadioState                       0x08007261   Thumb Code     6  mrfi.o(.text)
    Mrfi_StartTx                             0x080072f3   Thumb Code    50  mrfi.o(.text)
    Mrfi_SpiWriteData                        0x08007325   Thumb Code    56  mrfi.o(.text)
    Mrfi_WriteTxFifo                         0x0800735d   Thumb Code    18  mrfi.o(.text)
    Mrfi_ResetTxFifo                         0x0800736f   Thumb Code    22  mrfi.o(.text)
    Mrfi_ClearAllInterruptFlags              0x08007385   Thumb Code    36  mrfi.o(.text)
    Mrfi_ChangeToReadyState                  0x080073a9   Thumb Code    22  mrfi.o(.text)
    Mrfi_SpiReadData                         0x080073ff   Thumb Code    56  mrfi.o(.text)
    Mrfi_GetPacketHandlerStatus              0x08007437   Thumb Code    18  mrfi.o(.text)
    Mrfi_GetPartInfo                         0x08007477   Thumb Code    20  mrfi.o(.text)
    MRFI_TestSPI                             0x0800748b   Thumb Code    50  mrfi.o(.text)
    MRFI_getFrameTransmissionCount           0x080074bd   Thumb Code     6  mrfi.o(.text)
    MRFI_getFrameReceiveCount                0x080074c3   Thumb Code     6  mrfi.o(.text)
    MRFI_SetChannelNum                       0x080074c9   Thumb Code     6  mrfi.o(.text)
    MRFI_GetChannelNum                       0x080074cf   Thumb Code     6  mrfi.o(.text)
    Mrfi_ConfigurationInit                   0x080074d5   Thumb Code    70  mrfi.o(.text)
    Mrfi_SpiWaitforCTS                       0x080075a3   Thumb Code   138  mrfi.o(.text)
    Mrfi_ResetSi4438                         0x0800762d   Thumb Code    86  mrfi.o(.text)
    Mrfi_ResetRxFifo                         0x08007683   Thumb Code    22  mrfi.o(.text)
    Mrfi_GetRxFifoCount                      0x08007699   Thumb Code    26  mrfi.o(.text)
    Mrfi_GetTxFifoSpace                      0x080076b3   Thumb Code    26  mrfi.o(.text)
    Mrfi_ReadRxFifo                          0x080076cd   Thumb Code    18  mrfi.o(.text)
    Mrfi_StartRx                             0x080076df   Thumb Code    58  mrfi.o(.text)
    Mrfi_ClearAllPacketHandlerFlags          0x08007719   Thumb Code    28  mrfi.o(.text)
    Mrfi_SetProperty                         0x08007735   Thumb Code    70  mrfi.o(.text)
    Mrfi_SetPaPower                          0x0800777b   Thumb Code    40  mrfi.o(.text)
    Mrfi_GetLatchedRSSI                      0x080077a3   Thumb Code    18  mrfi.o(.text)
    Mrfi_GetProperty                         0x080077b5   Thumb Code    42  mrfi.o(.text)
    MRFI_SetLogicalChannel                   0x080077df   Thumb Code    44  mrfi.o(.text)
    MRFI_SetRFPwr                            0x0800780b   Thumb Code    46  mrfi.o(.text)
    MRFI_SetRxAddrFilter                     0x08007839   Thumb Code    24  mrfi.o(.text)
    MRFI_EnableRxAddrFilter                  0x08007851   Thumb Code     8  mrfi.o(.text)
    MRFI_DisableRxAddrFilter                 0x08007859   Thumb Code     8  mrfi.o(.text)
    EXTI1_IRQHandler                         0x08007861   Thumb Code    10  mrfi.o(.text)
    EXTI15_10_IRQHandler                     0x0800786b   Thumb Code   186  mrfi.o(.text)
    delayms                                  0x08007985   Thumb Code    24  sx1276-lora.o(.text)
    RF_IRQ_DS                                0x0800799d   Thumb Code     2  sx1276-lora.o(.text)
    RF_IRQ_EN                                0x0800799f   Thumb Code     2  sx1276-lora.o(.text)
    SW_Swith_RX                              0x080079a1   Thumb Code    14  sx1276-lora.o(.text)
    SW_Swith_TX                              0x080079af   Thumb Code    14  sx1276-lora.o(.text)
    SPICmd8bit                               0x080079bd   Thumb Code   116  sx1276-lora.o(.text)
    SPIRead8bit                              0x08007a31   Thumb Code    98  sx1276-lora.o(.text)
    SPIRead                                  0x08007a93   Thumb Code    30  sx1276-lora.o(.text)
    SPIWrite                                 0x08007ab1   Thumb Code   132  sx1276-lora.o(.text)
    SPIBurstRead                             0x08007b35   Thumb Code    76  sx1276-lora.o(.text)
    BurstWrite                               0x08007b81   Thumb Code    78  sx1276-lora.o(.text)
    SX1276_Standby                           0x08007bcf   Thumb Code    12  sx1276-lora.o(.text)
    SX1276_Sleep                             0x08007bdb   Thumb Code    12  sx1276-lora.o(.text)
    SX1276_EntryLoRa                         0x08007be7   Thumb Code    12  sx1276-lora.o(.text)
    SX1276_LoRaClearIrq                      0x08007bf3   Thumb Code    12  sx1276-lora.o(.text)
    SX1276_Config                            0x08007bff   Thumb Code   310  sx1276-lora.o(.text)
    SX1276_LoRaEntryRx                       0x08007d35   Thumb Code   160  sx1276-lora.o(.text)
    SX1276_LoRaRxWaitStable                  0x08007dd5   Thumb Code    14  sx1276-lora.o(.text)
    SX1276_LoRaRxPacket                      0x08007de3   Thumb Code   176  sx1276-lora.o(.text)
    SX1276_LoRaEntryTx                       0x08007e93   Thumb Code   116  sx1276-lora.o(.text)
    SX1276_LoRaTxPacket                      0x08007f07   Thumb Code    64  sx1276-lora.o(.text)
    SX1276_FskConfig                         0x08007f47   Thumb Code   122  sx1276-lora.o(.text)
    SX1276_FskClearFIFO                      0x08007fc1   Thumb Code    20  sx1276-lora.o(.text)
    SX1276_FskEntryRx                        0x08007fd5   Thumb Code    60  sx1276-lora.o(.text)
    SX1276_FskRxPacket                       0x08008011   Thumb Code     4  sx1276-lora.o(.text)
    SX1276_FskEntryTx                        0x08008015   Thumb Code    60  sx1276-lora.o(.text)
    SX1276_FskTxPacket                       0x08008051   Thumb Code    28  sx1276-lora.o(.text)
    SX1276_LoRaRx_On                         0x0800806d   Thumb Code    90  sx1276-lora.o(.text)
    Get_Radio_fre                            0x0800810b   Thumb Code    18  sx1276-lora.o(.text)
    Get_Radio_Rate                           0x0800811d   Thumb Code     2  sx1276-lora.o(.text)
    Get_Radio_mode                           0x0800811f   Thumb Code    18  sx1276-lora.o(.text)
    Get_Radio_Txpower                        0x08008131   Thumb Code    34  sx1276-lora.o(.text)
    main                                     0x080081f1   Thumb Code   186  main_swsn_ap.o(.text)
    nwk_nwkInit                              0x080082fd   Thumb Code   142  nwk.o(.text)
    nwk_getNextConnection                    0x080083f7   Thumb Code    80  nwk.o(.text)
    nwk_freeConnection                       0x08008447   Thumb Code     8  nwk.o(.text)
    nwk_getConnInfo                          0x0800844f   Thumb Code    62  nwk.o(.text)
    nwk_isLinkDuplicate                      0x0800848d   Thumb Code    60  nwk.o(.text)
    nwk_findAddressMatch                     0x080084c9   Thumb Code    48  nwk.o(.text)
    nwk_getLinkIdByAddress                   0x080084f9   Thumb Code    48  nwk.o(.text)
    nwk_getAddressByLinkId                   0x08008529   Thumb Code    16  nwk.o(.text)
    nwk_getSFInfoPtr                         0x08008539   Thumb Code     6  nwk.o(.text)
    nwk_saveJoinedDevice                     0x0800853f   Thumb Code    78  nwk.o(.text)
    nwk_findAlreadyJoined                    0x0800858d   Thumb Code    54  nwk.o(.text)
    nwk_checkConnInfo                        0x080085c3   Thumb Code    34  nwk.o(.text)
    nwk_isConnectionValid                    0x080085e5   Thumb Code   138  nwk.o(.text)
    nwk_allocateLocalRxPort                  0x0800866f   Thumb Code   224  nwk.o(.text)
    nwk_isValidReply                         0x0800874f   Thumb Code    72  nwk.o(.text)
    nwk_findPeer                             0x08008797   Thumb Code    60  nwk.o(.text)
    nwk_checkAppMsgTID                       0x080087d3   Thumb Code    36  nwk.o(.text)
    nwk_getNumObjectFromMsg                  0x080087f7   Thumb Code    44  nwk.o(.text)
    nwk_putNumObjectIntoMsg                  0x08008823   Thumb Code    64  nwk.o(.text)
    nwk_NVObj                                0x08008863   Thumb Code     6  nwk.o(.text)
    nwk_resetUnlinkedED                      0x08008869   Thumb Code    76  nwk.o(.text)
    nwk_resetlinkedED                        0x080088b5   Thumb Code    56  nwk.o(.text)
    nwk_getEDState                           0x080088ed   Thumb Code    64  nwk.o(.text)
    nwk_getEDbasicInfo                       0x0800892d   Thumb Code   186  nwk.o(.text)
    SMPL_Init                                0x080089ed   Thumb Code    52  nwk_api.o(.text)
    SMPL_LinkListen                          0x08008a21   Thumb Code   102  nwk_api.o(.text)
    SMPL_SendOpt                             0x08008a87   Thumb Code   260  nwk_api.o(.text)
    SMPL_Send                                0x08008b8b   Thumb Code    22  nwk_api.o(.text)
    SMPL_Receive                             0x08008ba1   Thumb Code    72  nwk_api.o(.text)
    SMPL_Link                                0x08008be9   Thumb Code    12  nwk_api.o(.text)
    SMPL_Unlink                              0x08008bf5   Thumb Code    12  nwk_api.o(.text)
    SMPL_Ping                                0x08008c01   Thumb Code    12  nwk_api.o(.text)
    SMPL_Commission                          0x08008c0d   Thumb Code    98  nwk_api.o(.text)
    SMPL_Ioctl                               0x08008c89   Thumb Code   318  nwk_api.o(.text)
    nwk_getEDRssi                            0x08008dc7   Thumb Code    42  nwk_api.o(.text)
    nwk_getRemoterRssi                       0x08008df1   Thumb Code    24  nwk_api.o(.text)
    recv_user_msg                            0x08008e09   Thumb Code    34  nwk_api.o(.text)
    recv_bcast_msg                           0x08008e2b   Thumb Code    28  nwk_api.o(.text)
    send_user_msg                            0x08008e47   Thumb Code    36  nwk_api.o(.text)
    send_bcast_msg                           0x08008e6b   Thumb Code    30  nwk_api.o(.text)
    SWSN_DELAY                               0x08008e89   Thumb Code    12  nwk_api.o(.text)
    SWSN_init                                0x08008e95   Thumb Code    12  nwk_api.o(.text)
    sysinfo_to_flash                         0x08008ea1   Thumb Code   720  nwk_api.o(.text)
    refresh_info_in_sysinfo                  0x08009171   Thumb Code   120  nwk_api.o(.text)
    sysinfo_from_flash                       0x080091e9   Thumb Code   600  nwk_api.o(.text)
    SEGGER_RTT_print_sysinfo                 0x08009441   Thumb Code   120  nwk_api.o(.text)
    SWSN_LinkListen                          0x080094b9   Thumb Code    22  nwk_api.o(.text)
    SWSN_DeleteEDByLid                       0x080094cf   Thumb Code    18  nwk_api.o(.text)
    SWSN_DeleteEDByMAC                       0x080094e1   Thumb Code    70  nwk_api.o(.text)
    nwk_frameInit                            0x080095b1   Thumb Code    48  nwk_frame.o(.text)
    nwk_buildFrame                           0x080095e1   Thumb Code   188  nwk_frame.o(.text)
    nwk_buildAckReqFrame                     0x0800969d   Thumb Code    60  nwk_frame.o(.text)
    isDupSandFFrame                          0x080096d9   Thumb Code   114  nwk_frame.o(.text)
    nwk_replayRmoterFrame                    0x0800974b   Thumb Code    34  nwk_frame.o(.text)
    MRFI_RxCompleteISR                       0x080098fd   Thumb Code    84  nwk_frame.o(.text)
    nwk_retrieveFrame                        0x08009951   Thumb Code   218  nwk_frame.o(.text)
    nwk_sendFrame                            0x08009a2b   Thumb Code    48  nwk_frame.o(.text)
    nwk_getMyRxType                          0x08009a5b   Thumb Code     6  nwk_frame.o(.text)
    nwk_sendAckReply                         0x08009a61   Thumb Code   206  nwk_frame.o(.text)
    nwk_replayFrame                          0x08009b2f   Thumb Code    56  nwk_frame.o(.text)
    nwk_getSandFFrame                        0x08009b67   Thumb Code   102  nwk_frame.o(.text)
    nwk_SendEmptyPollRspFrame                0x08009bcd   Thumb Code   214  nwk_frame.o(.text)
    nwk_getFrameReceiveCount                 0x08009ca3   Thumb Code     6  nwk_frame.o(.text)
    nwk_globalsInit                          0x08009cbd   Thumb Code    70  nwk_globals.o(.text)
    nwk_getMyAddress                         0x08009d03   Thumb Code    14  nwk_globals.o(.text)
    nwk_getMyType                            0x08009d11   Thumb Code    14  nwk_globals.o(.text)
    nwk_getFWVersion                         0x08009d1f   Thumb Code     4  nwk_globals.o(.text)
    nwk_getProtocolVersion                   0x08009d23   Thumb Code     8  nwk_globals.o(.text)
    nwk_setMyAddress                         0x08009d2b   Thumb Code    26  nwk_globals.o(.text)
    nwk_setMyType                            0x08009d45   Thumb Code    26  nwk_globals.o(.text)
    nwk_setAPAddress                         0x08009d5f   Thumb Code     8  nwk_globals.o(.text)
    nwk_getAPAddress                         0x08009d67   Thumb Code    26  nwk_globals.o(.text)
    nwk_getBCastAddress                      0x08009d81   Thumb Code     4  nwk_globals.o(.text)
    nwk_getRemoterAddress                    0x08009d85   Thumb Code     4  nwk_globals.o(.text)
    nwk_getMyIPAddress                       0x08009d89   Thumb Code     4  nwk_globals.o(.text)
    nwk_setMyIPAddress                       0x08009d8d   Thumb Code    12  nwk_globals.o(.text)
    nwk_QInit                                0x08009dc5   Thumb Code    22  nwk_qmgmt.o(.text)
    nwk_QadjustOrder                         0x08009ddb   Thumb Code    74  nwk_qmgmt.o(.text)
    nwk_QfindSlot                            0x08009e25   Thumb Code   164  nwk_qmgmt.o(.text)
    nwk_QfindOldest                          0x08009ec9   Thumb Code   322  nwk_qmgmt.o(.text)
    nwk_getQ                                 0x0800a00b   Thumb Code    14  nwk_qmgmt.o(.text)
    nwk_QfindAppFrame                        0x0800a019   Thumb Code    48  nwk_qmgmt.o(.text)
    nwk_freqInit                             0x0800a051   Thumb Code     2  nwk_freq.o(.text)
    nwk_processFreq                          0x0800a053   Thumb Code     6  nwk_freq.o(.text)
    nwk_rawSend                              0x0800a059   Thumb Code    72  nwk_ioctl.o(.text)
    nwk_rawReceive                           0x0800a0a1   Thumb Code    36  nwk_ioctl.o(.text)
    nwk_radioControl                         0x0800a0c5   Thumb Code   154  nwk_ioctl.o(.text)
    nwk_joinContext                          0x0800a15f   Thumb Code    24  nwk_ioctl.o(.text)
    nwk_deviceAddress                        0x0800a177   Thumb Code    40  nwk_ioctl.o(.text)
    nwk_deviceType                           0x0800a19f   Thumb Code    40  nwk_ioctl.o(.text)
    nwk_deviceIPAddress                      0x0800a1c7   Thumb Code    40  nwk_ioctl.o(.text)
    nwk_connectionControl                    0x0800a1ef   Thumb Code   132  nwk_ioctl.o(.text)
    nwk_joinInit                             0x0800a27d   Thumb Code    58  nwk_join.o(.text)
    nwk_setJoinToken                         0x0800a2b7   Thumb Code     8  nwk_join.o(.text)
    nwk_getJoinToken                         0x0800a2bf   Thumb Code    10  nwk_join.o(.text)
    nwk_isSandFClient                        0x0800a2c9   Thumb Code    58  nwk_join.o(.text)
    nwk_join                                 0x0800a3e3   Thumb Code     4  nwk_join.o(.text)
    nwk_setJoinContext                       0x0800a3e7   Thumb Code    16  nwk_join.o(.text)
    nwk_processJoin                          0x0800a41b   Thumb Code    60  nwk_join.o(.text)
    nwk_joinList_init                        0x0800a475   Thumb Code   130  nwk_joinlist.o(.text)
    nwk_joinList_deInit                      0x0800a4f7   Thumb Code    28  nwk_joinlist.o(.text)
    nwk_joinList_IPConflict                  0x0800a513   Thumb Code    48  nwk_joinlist.o(.text)
    nwk_joinList_assignIP                    0x0800a543   Thumb Code    92  nwk_joinlist.o(.text)
    nwk_joinList_add                         0x0800a5cd   Thumb Code   106  nwk_joinlist.o(.text)
    nwk_joinList_del                         0x0800a637   Thumb Code    84  nwk_joinlist.o(.text)
    nwk_joinList_save                        0x0800a68b   Thumb Code   166  nwk_joinlist.o(.text)
    nwk_joinList_isFound                     0x0800a731   Thumb Code    22  nwk_joinlist.o(.text)
    nwk_joinList_get                         0x0800a747   Thumb Code     4  nwk_joinlist.o(.text)
    nwk_joinList_searchIP                    0x0800a74b   Thumb Code    66  nwk_joinlist.o(.text)
    nwk_getAPandTotalEDInfor                 0x0800a78d   Thumb Code   170  nwk_joinlist.o(.text)
    nwk_linkInit                             0x0800a861   Thumb Code    36  nwk_link.o(.text)
    nwk_setLinkToken                         0x0800a885   Thumb Code     8  nwk_link.o(.text)
    nwk_getLinkToken                         0x0800a88d   Thumb Code    10  nwk_link.o(.text)
    nwk_unlink                               0x0800a897   Thumb Code   204  nwk_link.o(.text)
    nwk_link                                 0x0800a963   Thumb Code   310  nwk_link.o(.text)
    nwk_setDuplicateLinkFlag                 0x0800aae5   Thumb Code     8  nwk_link.o(.text)
    nwk_setDuplicateLinkLid                  0x0800aaed   Thumb Code     6  nwk_link.o(.text)
    nwk_processLink                          0x0800ad0f   Thumb Code    58  nwk_link.o(.text)
    nwk_setListenContext                     0x0800ad49   Thumb Code    14  nwk_link.o(.text)
    nwk_getLocalLinkID                       0x0800ad57   Thumb Code    82  nwk_link.o(.text)
    nwk_getDuplicateLinkLid                  0x0800ada9   Thumb Code     6  nwk_link.o(.text)
    nwk_clearDuplicateLinkFlag               0x0800adaf   Thumb Code     8  nwk_link.o(.text)
    nwk_isExistDuplicateLinkED               0x0800adb7   Thumb Code     6  nwk_link.o(.text)
    nwk_mgmtInit                             0x0800adf1   Thumb Code    20  nwk_mgmt.o(.text)
    nwk_processMgmt                          0x0800ae9b   Thumb Code    76  nwk_mgmt.o(.text)
    nwk_resetSFMarker                        0x0800aee7   Thumb Code     8  nwk_mgmt.o(.text)
    nwk_pingInit                             0x0800aef9   Thumb Code    12  nwk_ping.o(.text)
    nwk_ping                                 0x0800af05   Thumb Code   192  nwk_ping.o(.text)
    nwk_processPing                          0x0800b011   Thumb Code    50  nwk_ping.o(.text)
    nwk_securityInit                         0x0800b049   Thumb Code     2  nwk_security.o(.text)
    nwk_processSecurity                      0x0800b04b   Thumb Code     6  nwk_security.o(.text)
    proc_69_data_frm                         0x0800b0cf   Thumb Code   326  69_frm_proc.o(.text)
    USART2_IRQHandler                        0x0800b219   Thumb Code    20  usart_isr.o(.text)
    bui_gtway_pkg                            0x0800b231   Thumb Code   118  gtway_frm_proc.o(.text)
    Reverse_trans_direction                  0x0800b2a7   Thumb Code    82  gtway_frm_proc.o(.text)
    bui_outnet_frm                           0x0800b2f9   Thumb Code   158  gtway_frm_proc.o(.text)
    bui_gtway_ack                            0x0800b397   Thumb Code    38  gtway_frm_proc.o(.text)
    Bui_bcast_gtway_msg_from_inner_msg       0x0800b3bd   Thumb Code   138  gtway_frm_proc.o(.text)
    bui_gtway_alarm                          0x0800b447   Thumb Code   122  gtway_frm_proc.o(.text)
    Send_gtway_msg_to_uart                   0x0800b4c1   Thumb Code    74  gtway_frm_proc.o(.text)
    pro_gtway_data_ack                       0x0800b50b   Thumb Code   198  gtway_frm_proc.o(.text)
    Bui_exception_msg                        0x0800b5d1   Thumb Code   238  gtway_frm_proc.o(.text)
    Bui_send_to_cloudserver_msg              0x0800b6bf   Thumb Code   150  gtway_frm_proc.o(.text)
    reserve_server_ip                        0x0800b755   Thumb Code    10  uart_frm_proc.o(.text)
    gtway_info_check                         0x0800b75f   Thumb Code    96  uart_frm_proc.o(.text)
    uart_frm_proc                            0x0800b7bf   Thumb Code   170  uart_frm_proc.o(.text)
    check_crc                                0x0800b86d   Thumb Code    42  usart_share_info.o(.text)
    DMA_ResetCurrDataCounter                 0x0800b897   Thumb Code    26  usart_share_info.o(.text)
    NVIC_ClearPendingFlag                    0x0800b8b1   Thumb Code    18  usart2_dma_proc.o(.text)
    Usart2_DMA_Configuration                 0x0800b8c3   Thumb Code   174  usart2_dma_proc.o(.text)
    usart2_err_proc                          0x0800b971   Thumb Code    48  usart2_dma_proc.o(.text)
    check_usart2_frame_end_and_crc           0x0800b9a1   Thumb Code    90  usart2_dma_proc.o(.text)
    check_usart2_frame_head                  0x0800b9fb   Thumb Code    42  usart2_dma_proc.o(.text)
    read_Usart2_DMA_FIFO                     0x0800ba25   Thumb Code   526  usart2_dma_proc.o(.text)
    TIM4_Configuration                       0x0800bc33   Thumb Code   252  usart2_dma_proc.o(.text)
    TIM4_IRQHandler                          0x0800bd2f   Thumb Code    66  usart2_dma_proc.o(.text)
    usart_getFrameReceiveCount               0x0800bd71   Thumb Code     6  usart2_dma_proc.o(.text)
    Iterates_usart2_buffer                   0x0800bd77   Thumb Code    72  usart2_dma_proc.o(.text)
    WriteCodeVersionInfoToFlash              0x0800bdd9   Thumb Code    50  firmware_info_proc.o(.text)
    initCodeVersionInfo                      0x0800be0b   Thumb Code    32  firmware_info_proc.o(.text)
    LoadMyAddressFromFlash                   0x0800be2b   Thumb Code    64  firmware_info_proc.o(.text)
    MyAddressInFlashIsValid                  0x0800be6b   Thumb Code    38  firmware_info_proc.o(.text)
    init_ap_addr                             0x0800be91   Thumb Code    14  firmware_info_proc.o(.text)
    init_gtway_addr                          0x0800be9f   Thumb Code   224  firmware_info_proc.o(.text)
    initFirmwareInfo                         0x0800bf7f   Thumb Code    18  firmware_info_proc.o(.text)
    WritePerEDToFlash                        0x0800bf91   Thumb Code   106  firmware_info_proc.o(.text)
    initpermissoned                          0x0800bffb   Thumb Code    78  firmware_info_proc.o(.text)
    get_gtawy_addr                           0x0800c049   Thumb Code     4  firmware_info_proc.o(.text)
    get_gtawy_code_version                   0x0800c04d   Thumb Code     6  firmware_info_proc.o(.text)
    WriteMyAddressToFlash                    0x0800c053   Thumb Code   176  firmware_info_proc.o(.text)
    restoreFactorySettings                   0x0800c103   Thumb Code    62  firmware_info_proc.o(.text)
    readSystemResetTimes                     0x0800c141   Thumb Code     6  firmware_info_proc.o(.text)
    setSystemResetTimes                      0x0800c147   Thumb Code    56  firmware_info_proc.o(.text)
    Form_Verion_frame                        0x0800c17f   Thumb Code    76  firmware_info_proc.o(.text)
    send_bcast_pkg                           0x0800c249   Thumb Code    44  68_frm_proc.o(.text)
    proc_68_frm                              0x0800c453   Thumb Code    80  68_frm_proc.o(.text)
    send_net_pkg                             0x0800c4a3   Thumb Code   130  68_frm_proc.o(.text)
    ap_inner_proc                            0x0800c54d   Thumb Code    48  ap_inner_fun.o(.text)
    bui_app_pkg                              0x0800c57d   Thumb Code   100  bui_pkg_fun.o(.text)
    gen_crc                                  0x0800c5e1   Thumb Code    28  bui_pkg_fun.o(.text)
    Debui_app_pkg                            0x0800c5fd   Thumb Code   104  bui_pkg_fun.o(.text)
    bui_77_app_pkg                           0x0800c665   Thumb Code   106  bui_pkg_fun.o(.text)
    bui_rep_pkg_command                      0x0800c6cf   Thumb Code   152  bui_pkg_fun.o(.text)
    bui_rep_77_command                       0x0800c767   Thumb Code   160  bui_pkg_fun.o(.text)
    bui_rep_88_command                       0x0800c807   Thumb Code   152  bui_pkg_fun.o(.text)
    bui_pkg_ack                              0x0800c89f   Thumb Code    76  bui_pkg_fun.o(.text)
    bui_77_pkg_ack                           0x0800c8eb   Thumb Code    78  bui_pkg_fun.o(.text)
    bui_pkg_alarm                            0x0800c939   Thumb Code   234  bui_pkg_fun.o(.text)
    bui_check_link_pkg                       0x0800ca23   Thumb Code   108  bui_pkg_fun.o(.text)
    bui_time_sync_pkg                        0x0800ca8f   Thumb Code   146  bui_pkg_fun.o(.text)
    sCB                                      0x0800cb2d   Thumb Code    58  net_frm_proc.o(.text)
    net_ed_link                              0x0800cb67   Thumb Code   142  net_frm_proc.o(.text)
    proc_net_msg                             0x0800cbf5   Thumb Code   144  net_frm_proc.o(.text)
    net_frm_proc                             0x0800cc85   Thumb Code   142  net_frm_proc.o(.text)
    proc_bcast_frm                           0x0800cd13   Thumb Code    68  net_frm_proc.o(.text)
    send_broad_time_sync                     0x0800cd57   Thumb Code   184  net_frm_proc.o(.text)
    SEGGER_RTT_print_all_ed_info             0x0800ce51   Thumb Code    90  net_list_proc.o(.text)
    flash_to_head_list                       0x0800cefd   Thumb Code   238  net_list_proc.o(.text)
    head_list_to_flash                       0x0800cfeb   Thumb Code   246  net_list_proc.o(.text)
    init_list                                0x0800d0e1   Thumb Code   236  net_list_proc.o(.text)
    ip_comp                                  0x0800d1cd   Thumb Code    56  net_list_proc.o(.text)
    mac_comp                                 0x0800d205   Thumb Code   152  net_list_proc.o(.text)
    psearch_mac                              0x0800d29d   Thumb Code    38  net_list_proc.o(.text)
    add_net_list                             0x0800d2c3   Thumb Code   234  net_list_proc.o(.text)
    pdel_mac                                 0x0800d3ad   Thumb Code   158  net_list_proc.o(.text)
    pdel_listNode                            0x0800d44b   Thumb Code    54  net_list_proc.o(.text)
    print_all_ed_info                        0x0800d481   Thumb Code    10  net_list_proc.o(.text)
    psearch_ip                               0x0800d48b   Thumb Code    38  net_list_proc.o(.text)
    psearch_id                               0x0800d4b1   Thumb Code    32  net_list_proc.o(.text)
    Modify_IP_by_MAC                         0x0800d4d1   Thumb Code    82  net_list_proc.o(.text)
    channr_num_to_flash                      0x0800d523   Thumb Code    50  net_list_proc.o(.text)
    channr_num_from_flash                    0x0800d555   Thumb Code     6  net_list_proc.o(.text)
    SWSN_deleteInnetED                       0x0800d55b   Thumb Code    52  net_list_proc.o(.text)
    SWSN_checkDuplicateLinkEdIPList          0x0800d5cd   Thumb Code   208  net_list_proc.o(.text)
    no_para_fun                              0x0800d69d   Thumb Code     8  net_para_fun.o(.text)
    set_my_device_address                    0x0800d6a5   Thumb Code   130  net_para_fun.o(.text)
    end_firmware_update                      0x0800d727   Thumb Code   140  net_para_fun.o(.text)
    begin_firmware_update                    0x0800d7b3   Thumb Code   122  net_para_fun.o(.text)
    change_to_rate                           0x0800d82d   Thumb Code   190  net_para_fun.o(.text)
    rate_to_arry                             0x0800d8eb   Thumb Code   114  net_para_fun.o(.text)
    bandrate_proc                            0x0800d95d   Thumb Code   100  net_para_fun.o(.text)
    read_rssi                                0x0800d9c1   Thumb Code   136  net_para_fun.o(.text)
    txpw_proc                                0x0800da49   Thumb Code    88  net_para_fun.o(.text)
    modformat_proc                           0x0800daa1   Thumb Code   156  net_para_fun.o(.text)
    chanspc_proc                             0x0800db3d   Thumb Code   100  net_para_fun.o(.text)
    chan_proc                                0x0800dba1   Thumb Code    78  net_para_fun.o(.text)
    freq_proc                                0x0800dbef   Thumb Code   108  net_para_fun.o(.text)
    net_para_proc                            0x0800dc5b   Thumb Code   352  net_para_fun.o(.text)
    rate_proc                                0x0800ddbb   Thumb Code   126  net_para_fun.o(.text)
    manchter_proc                            0x0800de39   Thumb Code    94  net_para_fun.o(.text)
    deviatn_proc                             0x0800de97   Thumb Code   108  net_para_fun.o(.text)
    whiting_proc                             0x0800df03   Thumb Code   146  net_para_fun.o(.text)
    read_partnum                             0x0800df95   Thumb Code    68  net_para_fun.o(.text)
    read_version                             0x0800dfd9   Thumb Code    58  net_para_fun.o(.text)
    no_status_fun                            0x0800e015   Thumb Code     8  net_status_fun.o(.text)
    read_temoter_press_num                   0x0800e01d   Thumb Code    88  net_status_fun.o(.text)
    delete_ed_connect                        0x0800e075   Thumb Code   148  net_status_fun.o(.text)
    modify_ip_addr                           0x0800e109   Thumb Code   184  net_status_fun.o(.text)
    get_ed_mac_and_ip                        0x0800e1c1   Thumb Code   110  net_status_fun.o(.text)
    reset_ap                                 0x0800e22f   Thumb Code    50  net_status_fun.o(.text)
    get_ap_mac                               0x0800e261   Thumb Code    78  net_status_fun.o(.text)
    set_join_ed                              0x0800e2af   Thumb Code   170  net_status_fun.o(.text)
    get_ed_info                              0x0800e359   Thumb Code   120  net_status_fun.o(.text)
    get_net_info                             0x0800e3d1   Thumb Code    72  net_status_fun.o(.text)
    get_join_link_token                      0x0800e419   Thumb Code    60  net_status_fun.o(.text)
    reset_system                             0x0800e455   Thumb Code    50  net_status_fun.o(.text)
    net_status_proc                          0x0800e487   Thumb Code   370  net_status_fun.o(.text)
    no_user_fun                              0x0800e605   Thumb Code     8  user_def_fun.o(.text)
    time_proc                                0x0800e60d   Thumb Code   144  user_def_fun.o(.text)
    user_def_proc                            0x0800e69d   Thumb Code   100  user_def_fun.o(.text)
    write_group_buffer                       0x0800e705   Thumb Code   226  67_frm_proc.o(.text)
    proc_67_frm                              0x0800e7e7   Thumb Code    82  67_frm_proc.o(.text)
    Change_67frm_to_68frm                    0x0800e839   Thumb Code    96  67_frm_proc.o(.text)
    Change_67frm_to_69frm                    0x0800e899   Thumb Code    88  67_frm_proc.o(.text)
    write_67frm_to_ed_tx_buffer              0x0800e8f1   Thumb Code   258  67_frm_proc.o(.text)
    proc_77_alarm_frm                        0x0800ea19   Thumb Code     2  77_frm_proc.o(.text)
    proc_77_ack_frm                          0x0800ea1b   Thumb Code     2  77_frm_proc.o(.text)
    get_gtway_type_mac_77                    0x0800ea1d   Thumb Code    82  77_frm_proc.o(.text)
    get_ap_ed_mac_ip                         0x0800ea6f   Thumb Code    52  77_frm_proc.o(.text)
    proc_77_command_frm                      0x0800eaa3   Thumb Code    60  77_frm_proc.o(.text)
    proc_77_data_frm                         0x0800eadf   Thumb Code     2  77_frm_proc.o(.text)
    proc_77_frm                              0x0800eae1   Thumb Code    80  77_frm_proc.o(.text)
    proc_88_alarm_frm                        0x0800eb31   Thumb Code     2  88_frm_proc.o(.text)
    proc_88_ack_frm                          0x0800eb33   Thumb Code     2  88_frm_proc.o(.text)
    sw_gtway_88_proc                         0x0800eb35   Thumb Code     6  88_frm_proc.o(.text)
    check_wifi_heart_frm                     0x0800eb3b   Thumb Code    86  88_frm_proc.o(.text)
    server_end_firmware_update               0x0800eb91   Thumb Code   140  88_frm_proc.o(.text)
    server_begin_firmware_update             0x0800ec1d   Thumb Code   122  88_frm_proc.o(.text)
    server_get_gtway_code_version            0x0800ec97   Thumb Code    62  88_frm_proc.o(.text)
    sync_gtway_time                          0x0800ecd5   Thumb Code    60  88_frm_proc.o(.text)
    get_gtway_type_mac                       0x0800ed11   Thumb Code    88  88_frm_proc.o(.text)
    check_heart_beat                         0x0800ed69   Thumb Code    32  88_frm_proc.o(.text)
    server_frm_proc                          0x0800ed89   Thumb Code   158  88_frm_proc.o(.text)
    com_gtway_88_proc                        0x0800ee27   Thumb Code    46  88_frm_proc.o(.text)
    proc_88_command_frm                      0x0800ee55   Thumb Code    56  88_frm_proc.o(.text)
    proc_88_data_frm                         0x0800ee8d   Thumb Code   552  88_frm_proc.o(.text)
    proc_88_frm                              0x0800f0b5   Thumb Code    80  88_frm_proc.o(.text)
    Write_rx_ed_buffer                       0x0800f121   Thumb Code   366  ed_rx_buffer_fun.o(.text)
    Iterates_rx_ed_buffer                    0x0800f28f   Thumb Code   128  ed_rx_buffer_fun.o(.text)
    Find_ed_info_in_rx_buffer                0x0800f30f   Thumb Code    64  ed_rx_buffer_fun.o(.text)
    Write_tx_ed_buffer                       0x0800f4b7   Thumb Code   232  ed_tx_buffer_fun.o(.text)
    Iterates_tx_ed_buffer                    0x0800f755   Thumb Code   230  ed_tx_buffer_fun.o(.text)
    Modify_ip_in_tx_ed_buffer                0x0800f83b   Thumb Code   106  ed_tx_buffer_fun.o(.text)
    Free_tx_ed_buffer                        0x0800f8a5   Thumb Code   220  ed_tx_buffer_fun.o(.text)
    isReadyToWriteGroupFrm                   0x0800f981   Thumb Code    50  ed_tx_buffer_fun.o(.text)
    Write_tx_fail_ed_buffer                  0x0800f9c5   Thumb Code   214  ed_tx_fail_buffer_fun.o(.text)
    Iterates_tx_fail_ed_buffer               0x0800fa9b   Thumb Code   234  ed_tx_fail_buffer_fun.o(.text)
    Find_ed_info_in_tx_fail_buffer           0x0800fb85   Thumb Code    62  ed_tx_fail_buffer_fun.o(.text)
    ___aeabi_memcpy8$move                    0x0800fbd5   Thumb Code     0  memmovea.o(.text)
    __aeabi_memcpy                           0x0800fbd5   Thumb Code    64  memmovea.o(.text)
    __aeabi_memcpy4                          0x0800fbd5   Thumb Code     0  memmovea.o(.text)
    __aeabi_memmove                          0x0800fbd5   Thumb Code     0  memmovea.o(.text)
    __aeabi_memmove4                         0x0800fbd5   Thumb Code     0  memmovea.o(.text)
    __aeabi_memmove8                         0x0800fbd5   Thumb Code     0  memmovea.o(.text)
    __aeabi_memset                           0x0800fc15   Thumb Code    14  memseta.o(.text)
    __aeabi_memset4                          0x0800fc15   Thumb Code     0  memseta.o(.text)
    __aeabi_memset8                          0x0800fc15   Thumb Code     0  memseta.o(.text)
    __aeabi_memclr                           0x0800fc23   Thumb Code     4  memseta.o(.text)
    __aeabi_memclr4                          0x0800fc23   Thumb Code     0  memseta.o(.text)
    __aeabi_memclr8                          0x0800fc23   Thumb Code     0  memseta.o(.text)
    _memset$wrapper                          0x0800fc27   Thumb Code    18  memseta.o(.text)
    memcmp                                   0x0800fc39   Thumb Code    26  memcmp.o(.text)
    __scatterload                            0x0800fc55   Thumb Code    28  init.o(.text)
    __scatterload_rt2                        0x0800fc55   Thumb Code     0  init.o(.text)
    __decompress                             0x0800fc79   Thumb Code     0  __dczerorl2.o(.text)
    __decompress1                            0x0800fc79   Thumb Code    86  __dczerorl2.o(.text)
    __scatterload_copy                       0x0800fccf   Thumb Code    14  handlers.o(i.__scatterload_copy)
    __scatterload_null                       0x0800fcdd   Thumb Code     2  handlers.o(i.__scatterload_null)
    __scatterload_zeroinit                   0x0800fcdf   Thumb Code    14  handlers.o(i.__scatterload_zeroinit)
    free                                     0x0800fced   Thumb Code    76  malloc.o(i.free)
    malloc                                   0x0800fd3d   Thumb Code    92  malloc.o(i.malloc)
    table_week                               0x0800fdb8   Data          12  stm32_rtc.o(.constdata)
    mon_table                                0x0800fdc4   Data          12  stm32_rtc.o(.constdata)
    mrfiBroadcastAddr                        0x0800fdd0   Data           4  mrfi.o(.constdata)
    mrfiRemoterAddr                          0x0800fdd4   Data           4  mrfi.o(.constdata)
    SX1276FreqTbl                            0x0800ff50   Data          30  sx1276-lora.o(.constdata)
    SX1276PowerTbl                           0x0800ff6e   Data          12  sx1276-lora.o(.constdata)
    SX1276LoRaBwTbl                          0x0800ff7a   Data          10  sx1276-lora.o(.constdata)
    SX1276SpreadFactorTbl                    0x0800ff84   Data           7  sx1276-lora.o(.constdata)
    SX1276ConfigTbl                          0x0800ff8c   Data          32  sx1276-lora.o(.constdata)
    SX1276FSKRateTbl                         0x0800ffac   Data          16  sx1276-lora.o(.constdata)
    SX1276RxTable                            0x0800ffbc   Data           8  sx1276-lora.o(.constdata)
    SX1276TxTable                            0x0800ffc4   Data           6  sx1276-lora.o(.constdata)
    Region$$Table$$Base                      0x0801002c   Number         0  anon$$obj.o(Region$$Table)
    Region$$Table$$Limit                     0x0801004c   Number         0  anon$$obj.o(Region$$Table)
    SystemCoreClock                          0x20000000   Data           4  system_stm32f10x.o(.data)
    AHBPrescTable                            0x20000004   Data          16  system_stm32f10x.o(.data)
    bsp_reset_ap_config                      0x200000a1   Data           1  bsp_isr.o(.data)
    bootloader_state                         0x200000ac   Data           8  stm32_flash.o(.data)
    init_time                                0x200000b4   Data           7  stm32_rtc.o(.data)
    D_value                                  0x200000be   Data           5  mrfi.o(.data)
    Tx_Rx_Choice_Bak                         0x200000c3   Data           1  mrfi.o(.data)
    Tx_phase                                 0x200000c4   Data           1  mrfi.o(.data)
    Contbak                                  0x200000c5   Data           1  mrfi.o(.data)
    Sx1276Statue                             0x200000c6   Data           1  mrfi.o(.data)
    SX1276_GetStatue_Cout                    0x200000c7   Data           1  mrfi.o(.data)
    ContBak                                  0x200000c8   Data           1  mrfi.o(.data)
    Sx1276VerNO                              0x200000c9   Data           1  mrfi.o(.data)
    TxTimeCout                               0x200000ca   Data           1  mrfi.o(.data)
    Trg                                      0x200000cb   Data           1  mrfi.o(.data)
    Cont                                     0x200000cc   Data           1  mrfi.o(.data)
    KeyScanCnt                               0x200000cd   Data           1  mrfi.o(.data)
    Chargcout                                0x200000ce   Data           1  mrfi.o(.data)
    Tx_TimeCout                              0x200000cf   Data           1  mrfi.o(.data)
    Rx_phase                                 0x200000d0   Data           1  mrfi.o(.data)
    RxPakCout                                0x200000d1   Data           1  mrfi.o(.data)
    PER_phase                                0x200000d2   Data           1  mrfi.o(.data)
    PER                                      0x200000d3   Data           1  mrfi.o(.data)
    RxPacketCout                             0x200000d4   Data           1  mrfi.o(.data)
    Flg_RxFinish                             0x200000d5   Data           1  mrfi.o(.data)
    g_CurrentDispPage                        0x200000d6   Data           2  mrfi.o(.data)
    g_TotalDispPage                          0x200000d8   Data           2  mrfi.o(.data)
    g_IDH                                    0x200000da   Data           2  mrfi.o(.data)
    g_IDL                                    0x200000dc   Data           2  mrfi.o(.data)
    RF_CH                                    0x200000de   Data           2  mrfi.o(.data)
    Page_time_flash                          0x200000e0   Data           2  mrfi.o(.data)
    cca_failed_count                         0x200000e2   Data           1  mrfi.o(.data)
    rssi_v                                   0x200000e3   Data           1  mrfi.o(.data)
    parsetmit                                0x200000e4   Data           1  mrfi.o(.data)
    Time_info                                0x200000e5   Data           8  mrfi.o(.data)
    IRQ_INT_FLAG                             0x200000f8   Data           1  mrfi.o(.data)
    frameHasSendFlag                         0x200000f9   Data           1  mrfi.o(.data)
    broadInterval                            0x200000fa   Data           1  mrfi.o(.data)
    bcastRndDelay                            0x200000fb   Data           1  mrfi.o(.data)
    gb_SF                                    0x20000102   Data           1  sx1276-lora.o(.data)
    gb_BW                                    0x20000103   Data           1  sx1276-lora.o(.data)
    CR                                       0x20000104   Data           1  sx1276-lora.o(.data)
    gtmp                                     0x20000105   Data           1  sx1276-lora.o(.data)
    TxPacketCout                             0x20000106   Data           2  sx1276-lora.o(.data)
    globalFlag                               0x20000108   Data           2  main_swsn_ap.o(.data)
    band_rate                                0x2000010c   Data           4  main_swsn_ap.o(.data)
    ResetTimes                               0x20000110   Data           4  main_swsn_ap.o(.data)
    sPersistInfo                             0x20000114   Data        1336  nwk.o(.data)
    isNotForAp                               0x20000660   Data           1  nwk_frame.o(.data)
    join_token_wrong_count                   0x20000689   Data           1  nwk_join.o(.data)
    sGtwayServerIP                           0x2000069a   Data           4  gtway_frm_proc.o(.data)
    uart2_frm_data_cnt                       0x200006a0   Data           2  usart2_dma_proc.o(.data)
    Verison_69Frame_len                      0x200006aa   Data           2  firmware_info_proc.o(.data)
    net_frm_cur_num                          0x200006ae   Data           1  net_frm_proc.o(.data)
    net_ed_add_sem                           0x200006af   Data           1  net_frm_proc.o(.data)
    bro_cast_sem                             0x200006b0   Data           1  net_frm_proc.o(.data)
    net_frm_back                             0x200006b1   Data           2  net_frm_proc.o(.data)
    net_ed_num                               0x200006b3   Data           1  net_frm_proc.o(.data)
    remoter_frame_flag                       0x200006b4   Data           1  net_frm_proc.o(.data)
    sendBroadFlag                            0x200006b5   Data           1  net_frm_proc.o(.data)
    list_ind_data                            0x200006b8   Data           2  net_list_proc.o(.data)
    flash_ed_num                             0x200006ba   Data           2  net_list_proc.o(.data)
    head_list                                0x200006bc   Data           4  net_list_proc.o(.data)
    tail_list                                0x200006c0   Data           4  net_list_proc.o(.data)
    RefreshFirewareFlag                      0x200006c4   Data           1  net_para_fun.o(.data)
    reset_system_flag                        0x200006c5   Data           1  net_status_fun.o(.data)
    remoter_press_num                        0x200006c8   Data           4  user_def_fun.o(.data)
    app_frm_num                              0x200006da   Data           1  ed_rx_buffer_fun.o(.data)
    tx_fail_frm_num                          0x200006dc   Data           1  ed_tx_fail_buffer_fun.o(.data)
    emergency_dispatch_flag                  0x200006dd   Data           1  ed_tx_fail_buffer_fun.o(.data)
    start_emergency_dispatch_in_rtc          0x200006de   Data           1  ed_tx_fail_buffer_fun.o(.data)
    __microlib_freelist                      0x200006e0   Data           4  mvars.o(.data)
    __microlib_freelist_initialised          0x200006e4   Data           4  mvars.o(.data)
    real_time                                0x20000af8   Data          12  stm32_rtc.o(.bss)
    gz8_RXbuffer                             0x20000b04   Data          85  mrfi.o(.bss)
    mrfiIncomingPacket                       0x20000b59   Data          66  mrfi.o(.bss)
    Si446xCmd                                0x20000b9c   Data          16  mrfi.o(.bss)
    SX1276Data                               0x20000bac   Data         256  sx1276-lora.o(.bss)
    gb_RxData                                0x20000cac   Data         254  sx1276-lora.o(.bss)
    USART2_SEND_DATA                         0x20001832   Data         100  usart2_dma_proc.o(.bss)
    usart2_recv_data                         0x20001896   Data        1030  usart2_dma_proc.o(.bss)
    uart2_frm_rbuf                           0x20001c9c   Data        1036  usart2_dma_proc.o(.bss)
    Verison_69Frame                          0x200020a8   Data          64  firmware_info_proc.o(.bss)
    Ed_group_buffer                          0x200020e8   Data         440  67_frm_proc.o(.bss)
    Ed_rx_buffer                             0x20002aa0   Data        1100  ed_rx_buffer_fun.o(.bss)
    Ed_tx_fail_buffer                        0x2000429c   Data        1120  ed_tx_fail_buffer_fun.o(.bss)
    __heap_base                              0x20004700   Data           0  startup_stm32f10x_hd.o(HEAP)
    __heap_limit                             0x20005f00   Data           0  startup_stm32f10x_hd.o(HEAP)
    __initial_sp                             0x2000a700   Data           0  startup_stm32f10x_hd.o(STACK)



==============================================================================

Memory Map of the image

  Image Entry point : 0x08002131

  Load Region LR_IROM1 (Base: 0x08002000, Size: 0x0000e734, Max: 0x00016000, ABSOLUTE, COMPRESSED[0x0000e0b0])

    Execution Region ER_IROM1 (Base: 0x08002000, Size: 0x0000e04c, Max: 0x00016000, ABSOLUTE)

    Base Addr    Size         Type   Attr      Idx    E Section Name        Object

    0x08002000   0x00000130   Data   RO            3    RESET               startup_stm32f10x_hd.o
    0x08002130   0x00000000   Code   RO         1428  * .ARM.Collect$$$$00000000  mc_w.l(entry.o)
    0x08002130   0x00000004   Code   RO         1471    .ARM.Collect$$$$00000001  mc_w.l(entry2.o)
    0x08002134   0x00000004   Code   RO         1474    .ARM.Collect$$$$00000004  mc_w.l(entry5.o)
    0x08002138   0x00000000   Code   RO         1476    .ARM.Collect$$$$00000008  mc_w.l(entry7b.o)
    0x08002138   0x00000000   Code   RO         1478    .ARM.Collect$$$$0000000A  mc_w.l(entry8b.o)
    0x08002138   0x00000008   Code   RO         1479    .ARM.Collect$$$$0000000B  mc_w.l(entry9a.o)
    0x08002140   0x00000000   Code   RO         1481    .ARM.Collect$$$$0000000D  mc_w.l(entry10a.o)
    0x08002140   0x00000000   Code   RO         1483    .ARM.Collect$$$$0000000F  mc_w.l(entry11a.o)
    0x08002140   0x00000004   Code   RO         1472    .ARM.Collect$$$$00002712  mc_w.l(entry2.o)
    0x08002144   0x00000040   Code   RO           10    .emb_text           core_cm3.o
    0x08002184   0x00000024   Code   RO            4    .text               startup_stm32f10x_hd.o
    0x080021a8   0x00000280   Code   RO           24    .text               system_stm32f10x.o
    0x08002428   0x00000254   Code   RO           88    .text               stm32f10x_dma.o
    0x0800267c   0x0000011c   Code   RO          140    .text               stm32f10x_exti.o
    0x08002798   0x000005bc   Code   RO          155    .text               stm32f10x_flash.o
    0x08002d54   0x0000035c   Code   RO          170    .text               stm32f10x_gpio.o
    0x080030b0   0x00000040   Code   RO          185    .text               stm32f10x_iwdg.o
    0x080030f0   0x00000500   Code   RO          197    .text               stm32f10x_rcc.o
    0x080035f0   0x00000148   Code   RO          214    .text               stm32f10x_rtc.o
    0x08003738   0x00000354   Code   RO          226    .text               stm32f10x_spi.o
    0x08003a8c   0x00000e1a   Code   RO          241    .text               stm32f10x_tim.o
    0x080048a6   0x00000002   PAD
    0x080048a8   0x00000408   Code   RO          256    .text               stm32f10x_usart.o
    0x08004cb0   0x00000088   Code   RO          271    .text               stm32f10x_wwdg.o
    0x08004d38   0x000000c4   Code   RO          283    .text               stm32f10x_bkp.o
    0x08004dfc   0x000000dc   Code   RO          298    .text               misc.o
    0x08004ed8   0x000000cc   Code   RO          313    .text               stm32f10x_pwr.o
    0x08004fa4   0x00000494   Code   RO          328    .text               segger_rtt.o
    0x08005438   0x00000488   Code   RO          353    .text               segger_rtt_printf.o
    0x080058c0   0x000002ac   Code   RO          372    .text               bsp.o
    0x08005b6c   0x00000074   Code   RO          443    .text               bsp_isr.o
    0x08005be0   0x000000ec   Code   RO          467    .text               delay.o
    0x08005ccc   0x0000012c   Code   RO          481    .text               bsp_leds.o
    0x08005df8   0x00000048   Code   RO          499    .text               stm32_beep.o
    0x08005e40   0x00000052   Code   RO          511    .text               stm32_it_config.o
    0x08005e92   0x00000002   PAD
    0x08005e94   0x00000210   Code   RO          530    .text               stm32_usart2_gtway.o
    0x080060a4   0x0000004e   Code   RO          548    .text               stm32_reset.o
    0x080060f2   0x00000002   PAD
    0x080060f4   0x00000140   Code   RO          560    .text               stm32_flash.o
    0x08006234   0x000003b4   Code   RO          575    .text               stm32_rtc.o
    0x080065e8   0x00000214   Code   RO          592    .text               stm32f10x_it.o
    0x080067fc   0x00001188   Code   RO          641    .text               mrfi.o
    0x08007984   0x0000086c   Code   RO          705    .text               sx1276-lora.o
    0x080081f0   0x0000010c   Code   RO          730    .text               main_swsn_ap.o
    0x080082fc   0x000006f0   Code   RO          798    .text               nwk.o
    0x080089ec   0x00000bc4   Code   RO          855    .text               nwk_api.o
    0x080095b0   0x0000070c   Code   RO          874    .text               nwk_frame.o
    0x08009cbc   0x00000108   Code   RO          893    .text               nwk_globals.o
    0x08009dc4   0x0000028c   Code   RO          908    .text               nwk_qmgmt.o
    0x0800a050   0x00000008   Code   RO          922    .text               nwk_freq.o
    0x0800a058   0x00000220   Code   RO          934    .text               nwk_ioctl.o
    0x0800a278   0x000001fc   Code   RO          947    .text               nwk_join.o
    0x0800a474   0x000003ec   Code   RO          962    .text               nwk_joinlist.o
    0x0800a860   0x00000590   Code   RO          981    .text               nwk_link.o
    0x0800adf0   0x00000108   Code   RO          996    .text               nwk_mgmt.o
    0x0800aef8   0x00000150   Code   RO         1010    .text               nwk_ping.o
    0x0800b048   0x00000008   Code   RO         1024    .text               nwk_security.o
    0x0800b050   0x000001c8   Code   RO         1036    .text               69_frm_proc.o
    0x0800b218   0x00000018   Code   RO         1061    .text               usart_isr.o
    0x0800b230   0x00000524   Code   RO         1073    .text               gtway_frm_proc.o
    0x0800b754   0x00000118   Code   RO         1088    .text               uart_frm_proc.o
    0x0800b86c   0x00000044   Code   RO         1101    .text               usart_share_info.o
    0x0800b8b0   0x00000528   Code   RO         1113    .text               usart2_dma_proc.o
    0x0800bdd8   0x00000470   Code   RO         1133    .text               firmware_info_proc.o
    0x0800c248   0x00000304   Code   RO         1151    .text               68_frm_proc.o
    0x0800c54c   0x00000030   Code   RO         1174    .text               ap_inner_fun.o
    0x0800c57c   0x000005b0   Code   RO         1186    .text               bui_pkg_fun.o
    0x0800cb2c   0x00000324   Code   RO         1219    .text               net_frm_proc.o
    0x0800ce50   0x0000084c   Code   RO         1245    .text               net_list_proc.o
    0x0800d69c   0x00000976   Code   RO         1268    .text               net_para_fun.o
    0x0800e012   0x00000002   PAD
    0x0800e014   0x000005f0   Code   RO         1292    .text               net_status_fun.o
    0x0800e604   0x00000100   Code   RO         1311    .text               user_def_fun.o
    0x0800e704   0x00000314   Code   RO         1327    .text               67_frm_proc.o
    0x0800ea18   0x00000118   Code   RO         1343    .text               77_frm_proc.o
    0x0800eb30   0x000005f0   Code   RO         1356    .text               88_frm_proc.o
    0x0800f120   0x00000270   Code   RO         1371    .text               ed_rx_buffer_fun.o
    0x0800f390   0x00000634   Code   RO         1391    .text               ed_tx_buffer_fun.o
    0x0800f9c4   0x00000210   Code   RO         1409    .text               ed_tx_fail_buffer_fun.o
    0x0800fbd4   0x00000040   Code   RO         1433    .text               mc_w.l(memmovea.o)
    0x0800fc14   0x00000024   Code   RO         1435    .text               mc_w.l(memseta.o)
    0x0800fc38   0x0000001a   Code   RO         1437    .text               mc_w.l(memcmp.o)
    0x0800fc52   0x00000002   PAD
    0x0800fc54   0x00000024   Code   RO         1487    .text               mc_w.l(init.o)
    0x0800fc78   0x00000056   Code   RO         1497    .text               mc_w.l(__dczerorl2.o)
    0x0800fcce   0x0000000e   Code   RO         1491    i.__scatterload_copy  mc_w.l(handlers.o)
    0x0800fcdc   0x00000002   Code   RO         1492    i.__scatterload_null  mc_w.l(handlers.o)
    0x0800fcde   0x0000000e   Code   RO         1493    i.__scatterload_zeroinit  mc_w.l(handlers.o)
    0x0800fcec   0x00000050   Code   RO         1443    i.free              mc_w.l(malloc.o)
    0x0800fd3c   0x0000006c   Code   RO         1444    i.malloc            mc_w.l(malloc.o)
    0x0800fda8   0x00000010   Data   RO          354    .constdata          segger_rtt_printf.o
    0x0800fdb8   0x00000018   Data   RO          577    .constdata          stm32_rtc.o
    0x0800fdd0   0x00000180   Data   RO          643    .constdata          mrfi.o
    0x0800ff50   0x0000007a   Data   RO          707    .constdata          sx1276-lora.o
    0x0800ffca   0x00000002   PAD
    0x0800ffcc   0x00000003   Data   RO          856    .constdata          nwk_api.o
    0x0800ffcf   0x00000001   PAD
    0x0800ffd0   0x00000018   Data   RO          875    .constdata          nwk_frame.o
    0x0800ffe8   0x0000000b   Data   RO          894    .constdata          nwk_globals.o
    0x0800fff3   0x00000001   PAD
    0x0800fff4   0x00000004   Data   RO          964    .constdata          nwk_joinlist.o
    0x0800fff8   0x00000010   Data   RO         1135    .constdata          firmware_info_proc.o
    0x08010008   0x00000018   Data   RO         1269    .constdata          net_para_fun.o
    0x08010020   0x00000009   Data   RO          330    .conststring        segger_rtt.o
    0x08010029   0x00000003   PAD
    0x0801002c   0x00000020   Data   RO         1489    Region$$Table       anon$$obj.o


    Execution Region RW_IRAM1 (Base: 0x20000000, Size: 0x0000a700, Max: 0x00010000, ABSOLUTE, COMPRESSED[0x00000064])

    Base Addr    Size         Type   Attr      Idx    E Section Name        Object

    0x20000000   0x00000014   Data   RW           25    .data               system_stm32f10x.o
    0x20000014   0x00000014   Data   RW          198    .data               stm32f10x_rcc.o
    0x20000028   0x00000079   Data   RW          331    .data               segger_rtt.o
    0x200000a1   0x00000001   Data   RW          444    .data               bsp_isr.o
    0x200000a2   0x00000002   PAD
    0x200000a4   0x00000008   Data   RW          468    .data               delay.o
    0x200000ac   0x00000008   Data   RW          561    .data               stm32_flash.o
    0x200000b4   0x0000000a   Data   RW          578    .data               stm32_rtc.o
    0x200000be   0x00000044   Data   RW          644    .data               mrfi.o
    0x20000102   0x00000006   Data   RW          708    .data               sx1276-lora.o
    0x20000108   0x0000000c   Data   RW          731    .data               main_swsn_ap.o
    0x20000114   0x00000538   Data   RW          799    .data               nwk.o
    0x2000064c   0x00000001   Data   RW          857    .data               nwk_api.o
    0x2000064d   0x00000003   PAD
    0x20000650   0x00000017   Data   RW          876    .data               nwk_frame.o
    0x20000667   0x00000010   Data   RW          895    .data               nwk_globals.o
    0x20000677   0x00000001   PAD
    0x20000678   0x00000012   Data   RW          948    .data               nwk_join.o
    0x2000068a   0x00000001   Data   RW          965    .data               nwk_joinlist.o
    0x2000068b   0x00000001   PAD
    0x2000068c   0x00000009   Data   RW          983    .data               nwk_link.o
    0x20000695   0x00000004   Data   RW          997    .data               nwk_mgmt.o
    0x20000699   0x00000001   Data   RW         1011    .data               nwk_ping.o
    0x2000069a   0x00000005   Data   RW         1074    .data               gtway_frm_proc.o
    0x2000069f   0x00000001   PAD
    0x200006a0   0x00000003   Data   RW         1115    .data               usart2_dma_proc.o
    0x200006a3   0x00000001   PAD
    0x200006a4   0x00000008   Data   RW         1136    .data               firmware_info_proc.o
    0x200006ac   0x00000002   Data   RW         1187    .data               bui_pkg_fun.o
    0x200006ae   0x0000000a   Data   RW         1220    .data               net_frm_proc.o
    0x200006b8   0x0000000c   Data   RW         1246    .data               net_list_proc.o
    0x200006c4   0x00000001   Data   RW         1270    .data               net_para_fun.o
    0x200006c5   0x00000001   Data   RW         1293    .data               net_status_fun.o
    0x200006c6   0x00000002   PAD
    0x200006c8   0x00000004   Data   RW         1312    .data               user_def_fun.o
    0x200006cc   0x00000001   Data   RW         1329    .data               67_frm_proc.o
    0x200006cd   0x00000003   PAD
    0x200006d0   0x0000000a   Data   RW         1358    .data               88_frm_proc.o
    0x200006da   0x00000001   Data   RW         1373    .data               ed_rx_buffer_fun.o
    0x200006db   0x00000001   Data   RW         1393    .data               ed_tx_buffer_fun.o
    0x200006dc   0x00000003   Data   RW         1411    .data               ed_tx_fail_buffer_fun.o
    0x200006df   0x00000001   PAD
    0x200006e0   0x00000004   Data   RW         1485    .data               mc_w.l(mvars.o)
    0x200006e4   0x00000004   Data   RW         1486    .data               mc_w.l(mvars.o)
    0x200006e8   0x00000410   Zero   RW          329    .bss                segger_rtt.o
    0x20000af8   0x0000000c   Zero   RW          576    .bss                stm32_rtc.o
    0x20000b04   0x000000a8   Zero   RW          642    .bss                mrfi.o
    0x20000bac   0x000001fe   Zero   RW          706    .bss                sx1276-lora.o
    0x20000daa   0x000005d8   Zero   RW          909    .bss                nwk_qmgmt.o
    0x20001382   0x0000044c   Zero   RW          963    .bss                nwk_joinlist.o
    0x200017ce   0x00000064   Zero   RW          982    .bss                nwk_link.o
    0x20001832   0x00000876   Zero   RW         1114    .bss                usart2_dma_proc.o
    0x200020a8   0x00000040   Zero   RW         1134    .bss                firmware_info_proc.o
    0x200020e8   0x000001b8   Zero   RW         1328    .bss                67_frm_proc.o
    0x200022a0   0x00000800   Zero   RW         1357    .bss                88_frm_proc.o
    0x20002aa0   0x0000044c   Zero   RW         1372    .bss                ed_rx_buffer_fun.o
    0x20002eec   0x000013b0   Zero   RW         1392    .bss                ed_tx_buffer_fun.o
    0x2000429c   0x00000460   Zero   RW         1410    .bss                ed_tx_fail_buffer_fun.o
    0x200046fc   0x00000004   PAD
    0x20004700   0x00001800   Zero   RW            2    HEAP                startup_stm32f10x_hd.o
    0x20005f00   0x00004800   Zero   RW            1    STACK               startup_stm32f10x_hd.o


==============================================================================

Image component sizes


      Code (inc. data)   RO Data    RW Data    ZI Data      Debug   Object Name

       788         38          0          1        440       3379   67_frm_proc.o
       772         40          0          0          0       4385   68_frm_proc.o
       456          4          0          0          0       2323   69_frm_proc.o
       280          0          0          0          0       3064   77_frm_proc.o
      1520         66          0         10       2048       7224   88_frm_proc.o
        48          0          0          0          0       1176   ap_inner_fun.o
       684         12          0          0          0      19103   bsp.o
       116          8          0          1          0       1366   bsp_isr.o
       300          8          0          0          0       1743   bsp_leds.o
      1456         12          0          2          0       5667   bui_pkg_fun.o
        64          8          0          0          0       5272   core_cm3.o
       236         10          0          8          0       1239   delay.o
       624         66          0          1       1100       3172   ed_rx_buffer_fun.o
      1588         30          0          1       5040       7202   ed_tx_buffer_fun.o
       528         18          0          3       1120       3268   ed_tx_fail_buffer_fun.o
      1136        126         16          8         64       5683   firmware_info_proc.o
      1316         10          0          5          0       5497   gtway_frm_proc.o
       268         82          0         12          0       7500   main_swsn_ap.o
       220         22          0          0          0       3761   misc.o
      4488        526        384         68        168      37722   mrfi.o
       804         66          0         10          0       4343   net_frm_proc.o
      2124        132          0         12          0       8308   net_list_proc.o
      2422         38         24          1          0      10922   net_para_fun.o
      1520         20          0          1          0       8115   net_status_fun.o
      1776         10          0       1336          0      16196   nwk.o
      3012        178          3          1          0       9635   nwk_api.o
      1804         80         24         23          0       6788   nwk_frame.o
         8          0          0          0          0       1291   nwk_freq.o
       264         44         11         16          0       3470   nwk_globals.o
       544          6          0          0          0       3692   nwk_ioctl.o
       508         30          0         18          0       3960   nwk_join.o
      1004         42          4          1       1100       5211   nwk_joinlist.o
      1424         86          0          9        100       6144   nwk_link.o
       264         10          0          4          0       2377   nwk_mgmt.o
       336          6          0          1          0       2628   nwk_ping.o
       652          8          0          0       1496       4262   nwk_qmgmt.o
         8          0          0          0          0       1231   nwk_security.o
      1172         14          9        121       1040       5285   segger_rtt.o
      1160         16         16          0          0       5092   segger_rtt_printf.o
        36          8        304          0      24576        940   startup_stm32f10x_hd.o
        72          6          0          0          0        771   stm32_beep.o
       320         10          0          8          0       2298   stm32_flash.o
        82          0          0          0          0        653   stm32_it_config.o
        78          0          0          0          0        730   stm32_reset.o
       948         34         24         10         12       3711   stm32_rtc.o
       528         38          0          0          0       5490   stm32_usart2_gtway.o
       196          8          0          0          0       3584   stm32f10x_bkp.o
       596          8          0          0          0      27870   stm32f10x_dma.o
       284         10          0          0          0       4695   stm32f10x_exti.o
      1468         34          0          0          0      14662   stm32f10x_flash.o
       860         38          0          0          0      14297   stm32f10x_gpio.o
       532        316          0          0          0       4814   stm32f10x_it.o
        64          6          0          0          0       1313   stm32f10x_iwdg.o
       204         14          0          0          0       1967   stm32f10x_pwr.o
      1280         60          0         20          0      24822   stm32f10x_rcc.o
       328          4          0          0          0       2718   stm32f10x_rtc.o
       852         20          0          0          0      13774   stm32f10x_spi.o
      3610         88          0          0          0      42764   stm32f10x_tim.o
      1032         22          0          0          0      14700   stm32f10x_usart.o
       136         10          0          0          0       2416   stm32f10x_wwdg.o
      2156        194        122          6        510       9040   sx1276-lora.o
       640         44          0         20          0     268375   system_stm32f10x.o
       280         24          0          0          0       2208   uart_frm_proc.o
      1320         82          0          3       2166       4765   usart2_dma_proc.o
        24          4          0          0          0        512   usart_isr.o
        68          0          0          0          0       1353   usart_share_info.o
       256          4          0          4          0       2680   user_def_fun.o

    ----------------------------------------------------------------------
     55952       2958        980       1760      40984     716618   Object Totals
         0          0         32          0          0          0   (incl. Generated)
         8          0          7         15          4          0   (incl. Padding)

    ----------------------------------------------------------------------

      Code (inc. data)   RO Data    RW Data    ZI Data      Debug   Library Member Name

        86          0          0          0          0          0   __dczerorl2.o
         0          0          0          0          0          0   entry.o
         0          0          0          0          0          0   entry10a.o
         0          0          0          0          0          0   entry11a.o
         8          4          0          0          0          0   entry2.o
         4          0          0          0          0          0   entry5.o
         0          0          0          0          0          0   entry7b.o
         0          0          0          0          0          0   entry8b.o
         8          4          0          0          0          0   entry9a.o
        30          0          0          0          0          0   handlers.o
        36          8          0          0          0         68   init.o
       188         20          0          0          0        160   malloc.o
        26          0          0          0          0         80   memcmp.o
        64          0          0          0          0         76   memmovea.o
        36          0          0          0          0        108   memseta.o
         0          0          0          8          0          0   mvars.o

    ----------------------------------------------------------------------
       488         36          0          8          0        492   Library Totals
         2          0          0          0          0          0   (incl. Padding)

    ----------------------------------------------------------------------

      Code (inc. data)   RO Data    RW Data    ZI Data      Debug   Library Name

       486         36          0          8          0        492   mc_w.l

    ----------------------------------------------------------------------
       488         36          0          8          0        492   Library Totals

    ----------------------------------------------------------------------

==============================================================================


      Code (inc. data)   RO Data    RW Data    ZI Data      Debug   

     56440       2994        980       1768      40984     710426   Grand Totals
     56440       2994        980        100      40984     710426   ELF Image Totals (compressed)
     56440       2994        980        100          0          0   ROM Totals

==============================================================================

    Total RO  Size (Code + RO Data)                57420 (  56.07kB)
    Total RW  Size (RW Data + ZI Data)             42752 (  41.75kB)
    Total ROM Size (Code + RO Data + RW Data)      57520 (  56.17kB)

==============================================================================

