Component: ARM Compiler 5.05 update 1 (build 106) Tool: armlink [4d0efa]

==============================================================================

Section Cross References

    startup_stm32f10x_hd.o(RESET) refers to startup_stm32f10x_hd.o(STACK) for __initial_sp
    startup_stm32f10x_hd.o(RESET) refers to startup_stm32f10x_hd.o(.text) for Reset_Handler
    startup_stm32f10x_hd.o(RESET) refers to stm32f10x_it.o(.text) for NMI_Handler
    startup_stm32f10x_hd.o(RESET) refers to bsp_isr.o(.text) for RTC_IRQHandler
    startup_stm32f10x_hd.o(RESET) refers to usart1_dma_proc.o(.text) for TIM2_IRQHandler
    startup_stm32f10x_hd.o(RESET) refers to usart2_dma_proc.o(.text) for TIM4_IRQHandler
    startup_stm32f10x_hd.o(RESET) refers to usart_isr.o(.text) for USART1_IRQHandler
    startup_stm32f10x_hd.o(RESET) refers to mrfi.o(.text) for EXTI15_10_IRQHandler
    startup_stm32f10x_hd.o(.text) refers to system_stm32f10x.o(.text) for SystemInit
    startup_stm32f10x_hd.o(.text) refers to entry.o(.ARM.Collect$$$$00000000) for __main
    system_stm32f10x.o(.text) refers to system_stm32f10x.o(.data) for SystemCoreClock
    stm32f10x_gpio.o(.text) refers to stm32f10x_rcc.o(.text) for RCC_APB2PeriphResetCmd
    stm32f10x_rcc.o(.text) refers to stm32f10x_rcc.o(.data) for APBAHBPrescTable
    stm32f10x_spi.o(.text) refers to stm32f10x_rcc.o(.text) for RCC_APB2PeriphResetCmd
    stm32f10x_tim.o(.text) refers to stm32f10x_rcc.o(.text) for RCC_APB2PeriphResetCmd
    stm32f10x_usart.o(.text) refers to stm32f10x_rcc.o(.text) for RCC_APB2PeriphResetCmd
    stm32f10x_wwdg.o(.text) refers to stm32f10x_rcc.o(.text) for RCC_APB1PeriphResetCmd
    stm32f10x_bkp.o(.text) refers to stm32f10x_rcc.o(.text) for RCC_BackupResetCmd
    stm32f10x_pwr.o(.text) refers to stm32f10x_rcc.o(.text) for RCC_APB1PeriphResetCmd
    segger_rtt.o(.text) refers to memmovea.o(.text) for __aeabi_memcpy
    segger_rtt.o(.text) refers to segger_rtt.o(.data) for _SEGGER_RTT
    segger_rtt.o(.data) refers to segger_rtt.o(.conststring) for .conststring
    segger_rtt.o(.data) refers to segger_rtt.o(.bss) for _acUpBuffer
    segger_rtt_printf.o(.text) refers to segger_rtt.o(.text) for SEGGER_RTT_Write
    segger_rtt_printf.o(.text) refers to segger_rtt_printf.o(.constdata) for _aV2C
    bsp.o(.text) refers to misc.o(.text) for NVIC_SetVectorTable
    bsp.o(.text) refers to stm32f10x_rcc.o(.text) for RCC_APB2PeriphClockCmd
    bsp.o(.text) refers to stm32f10x_tim.o(.text) for TIM_DeInit
    bsp.o(.text) refers to stm32_it_config.o(.text) for NVIC_Configuration
    bsp.o(.text) refers to stm32f10x_gpio.o(.text) for GPIO_EXTILineConfig
    bsp.o(.text) refers to stm32f10x_exti.o(.text) for EXTI_Init
    bsp.o(.text) refers to system_stm32f10x.o(.text) for SystemInit
    bsp.o(.text) refers to delay.o(.text) for delay_init
    bsp.o(.text) refers to stm32_rtc.o(.text) for Init_RTC
    bsp.o(.text) refers to usart1_dma_proc.o(.text) for Usart1_Configuration
    bsp.o(.text) refers to bsp_leds.o(.text) for Sx1280_GPIO_Inital
    bsp_isr.o(.text) refers to stm32f10x_rtc.o(.text) for RTC_GetITStatus
    bsp_isr.o(.text) refers to delay.o(.text) for delay_ms
    bsp_isr.o(.text) refers to stm32f10x_gpio.o(.text) for GPIO_ReadInputDataBit
    bsp_isr.o(.text) refers to stm32f10x_exti.o(.text) for EXTI_ClearITPendingBit
    bsp_isr.o(.text) refers to bsp_isr.o(.data) for bsp_reset_ap_config
    delay.o(.text) refers to delay.o(.data) for us_value
    bsp_leds.o(.text) refers to stm32f10x_rcc.o(.text) for RCC_APB2PeriphClockCmd
    bsp_leds.o(.text) refers to stm32f10x_gpio.o(.text) for GPIO_Init
    stm32_beep.o(.text) refers to stm32f10x_rcc.o(.text) for RCC_APB2PeriphClockCmd
    stm32_beep.o(.text) refers to stm32f10x_gpio.o(.text) for GPIO_Init
    stm32_it_config.o(.text) refers to misc.o(.text) for NVIC_PriorityGroupConfig
    stm32_usart2_gtway.o(.text) refers to stm32f10x_rcc.o(.text) for RCC_APB1PeriphClockCmd
    stm32_usart2_gtway.o(.text) refers to stm32f10x_gpio.o(.text) for GPIO_Init
    stm32_usart2_gtway.o(.text) refers to stm32f10x_usart.o(.text) for USART_DeInit
    stm32_usart2_gtway.o(.text) refers to misc.o(.text) for NVIC_SetVectorTable
    stm32_usart2_gtway.o(.text) refers to segger_rtt.o(.text) for SEGGER_RTT_WriteString
    stm32_usart2_gtway.o(.text) refers to segger_rtt_printf.o(.text) for SEGGER_RTT_put_multi_char
    stm32_reset.o(.text) refers to stm32f10x_rcc.o(.text) for RCC_APB1PeriphClockCmd
    stm32_reset.o(.text) refers to stm32f10x_wwdg.o(.text) for WWDG_SetPrescaler
    stm32_reset.o(.text) refers to stm32f10x_iwdg.o(.text) for IWDG_WriteAccessCmd
    stm32_flash.o(.text) refers to core_cm3.o(.emb_text) for OS_CPU_SR_Save
    stm32_flash.o(.text) refers to stm32f10x_flash.o(.text) for FLASH_Unlock
    stm32_flash.o(.text) refers to stm32_flash.o(.data) for bootloader_state
    stm32_rtc.o(.text) refers to stm32f10x_rtc.o(.text) for RTC_GetCounter
    stm32_rtc.o(.text) refers to core_cm3.o(.emb_text) for OS_CPU_SR_Save
[...]
    MRFI_SetLogicalChannel                   0x08005293   Thumb Code    44  mrfi.o(.text)
    MRFI_SetRFPwr                            0x080052bf   Thumb Code    46  mrfi.o(.text)
    MRFI_SetRxAddrFilter                     0x080052ed   Thumb Code    24  mrfi.o(.text)
    MRFI_EnableRxAddrFilter                  0x08005305   Thumb Code     8  mrfi.o(.text)
    MRFI_DisableRxAddrFilter                 0x0800530d   Thumb Code     8  mrfi.o(.text)
    MRFI_RxAddrIsFiltered                    0x08005315   Thumb Code    72  mrfi.o(.text)
    EXTI15_10_IRQHandler                     0x0800535d   Thumb Code   104  mrfi.o(.text)
    delayms                                  0x08005411   Thumb Code    24  sx1276-lora.o(.text)
    SPICmd8bit                               0x08005429   Thumb Code   116  sx1276-lora.o(.text)
    Sx1278_Reset                             0x0800549d   Thumb Code    12  sx1276-lora.o(.text)
    SPIRead8bit                              0x080054a9   Thumb Code    98  sx1276-lora.o(.text)
    write1byte_to_sx1278                     0x0800550b   Thumb Code    36  sx1276-lora.o(.text)
    ReadOneByte                              0x0800552f   Thumb Code    58  sx1276-lora.o(.text)
    SPIRead                                  0x08005569   Thumb Code    16  sx1276-lora.o(.text)
    SPIWrite                                 0x08005579   Thumb Code    84  sx1276-lora.o(.text)
    SX1276ReadFifo                           0x080055cd   Thumb Code    74  sx1276-lora.o(.text)
    SPIBurstRead                             0x08005617   Thumb Code    28  sx1276-lora.o(.text)
    SX1276WriteFifo                          0x08005633   Thumb Code    72  sx1276-lora.o(.text)
    BurstWrite                               0x0800567b   Thumb Code    28  sx1276-lora.o(.text)
    SX1276_Standby                           0x08005697   Thumb Code    12  sx1276-lora.o(.text)
    SX1276_Sleep                             0x080056a3   Thumb Code    12  sx1276-lora.o(.text)
    SX1276_EntryLoRa                         0x080056af   Thumb Code    12  sx1276-lora.o(.text)
    SX1276_LoRaClearIrq                      0x080056bb   Thumb Code    12  sx1276-lora.o(.text)
    SX1276_Config                            0x080056c7   Thumb Code   370  sx1276-lora.o(.text)
    SX1276_LoRaEntryRx                       0x08005839   Thumb Code   138  sx1276-lora.o(.text)
    SX1276_LoRaRxWaitStable                  0x080058c3   Thumb Code    14  sx1276-lora.o(.text)
    Mrfi_ReadRxFifoData                      0x080058d1   Thumb Code    46  sx1276-lora.o(.text)
    SX1276_LoRaEntryTx                       0x080058ff   Thumb Code   132  sx1276-lora.o(.text)
    SX1276_LoRaTxPacket                      0x08005983   Thumb Code    64  sx1276-lora.o(.text)
    SX1276_LoRaCAD_Init                      0x080059c3   Thumb Code    36  sx1276-lora.o(.text)
    SX1276_LoRa_CAD                          0x080059e7   Thumb Code    12  sx1276-lora.o(.text)
    SX1276_FskConfig                         0x080059f3   Thumb Code   122  sx1276-lora.o(.text)
    SX1276_FskClearFIFO                      0x08005a6d   Thumb Code    20  sx1276-lora.o(.text)
    SX1276_FskEntryRx                        0x08005a81   Thumb Code    60  sx1276-lora.o(.text)
    SX1276_FskRxPacket                       0x08005abd   Thumb Code     4  sx1276-lora.o(.text)
    SX1276_FskEntryTx                        0x08005ac1   Thumb Code    60  sx1276-lora.o(.text)
    SX1276_FskTxPacket                       0x08005afd   Thumb Code    28  sx1276-lora.o(.text)
    SX1276_LoRaRx_On                         0x08005b19   Thumb Code    90  sx1276-lora.o(.text)
    Mrfi_ReadRxFifo                          0x08005b73   Thumb Code    34  sx1276-lora.o(.text)
    Get_Radio_fre                            0x08005b95   Thumb Code    18  sx1276-lora.o(.text)
    Get_Radio_Rate                           0x08005ba7   Thumb Code    38  sx1276-lora.o(.text)
    Get_Radio_mode                           0x08005bcd   Thumb Code    18  sx1276-lora.o(.text)
    Get_Radio_Txpower                        0x08005bdf   Thumb Code    34  sx1276-lora.o(.text)
    Set_Radio_Txpower                        0x08005c01   Thumb Code    72  sx1276-lora.o(.text)
    main                                     0x08005c49   Thumb Code   172  main_swsn_ap.o(.text)
    SX1280Init                               0x08005d5f   Thumb Code    16  sx1280.o(.text)
    SX1280SetRegistersDefault                0x08005d6f   Thumb Code    34  sx1280.o(.text)
    SX1280GetFirmwareVersion                 0x08005d91   Thumb Code    22  sx1280.o(.text)
    SX1280GetStatus                          0x08005da7   Thumb Code    30  sx1280.o(.text)
    SX1280GetOpMode                          0x08005dc5   Thumb Code     6  sx1280.o(.text)
    SX1280SetSleep                           0x08005dcb   Thumb Code    66  sx1280.o(.text)
    SX1280SetStandby                         0x08005e0d   Thumb Code    34  sx1280.o(.text)
    SX1280SetFs                              0x08005e2f   Thumb Code    20  sx1280.o(.text)
    SX1280SetRangingRole                     0x08005e43   Thumb Code    18  sx1280.o(.text)
    SX1280GetPacketType                      0x08005e55   Thumb Code     6  sx1280.o(.text)
    SX1280ClearIrqStatus                     0x08005e5b   Thumb Code    28  sx1280.o(.text)
    SX1280SetTx                              0x08005e77   Thumb Code    72  sx1280.o(.text)
    SX1280SetRx                              0x08005ebf   Thumb Code    72  sx1280.o(.text)
    SX1280SetRxDutyCycle                     0x08005f07   Thumb Code    54  sx1280.o(.text)
    SX1280SetCad                             0x08005f3d   Thumb Code    20  sx1280.o(.text)
    SX1280SetTxContinuousWave                0x08005f51   Thumb Code    14  sx1280.o(.text)
    SX1280SetTxContinuousPreamble            0x08005f5f   Thumb Code    14  sx1280.o(.text)
    SX1280SetPacketType                      0x08005f6d   Thumb Code    22  sx1280.o(.text)
    SX1280SetRfFrequency                     0x08005f83   Thumb Code   104  sx1280.o(.text)
    SX1280SetTxParams                        0x08005feb   Thumb Code    32  sx1280.o(.text)
    SX1280SetCadParams                       0x0800600b   Thumb Code    20  sx1280.o(.text)
    SX1280SetBufferBaseAddresses             0x0800601f   Thumb Code    26  sx1280.o(.text)
    SX1280SetModulationParams                0x08006039   Thumb Code   168  sx1280.o(.text)
    SX1280SetPacketParams                    0x080060e1   Thumb Code   302  sx1280.o(.text)
    SX1280GetRxBufferStatus                  0x0800620f   Thumb Code    66  sx1280.o(.text)
    SX1280GetPacketStatus                    0x08006251   Thumb Code   776  sx1280.o(.text)
    SX1280GetRssiInst                        0x08006559   Thumb Code    32  sx1280.o(.text)
    SX1280SetDioIrqParams                    0x08006579   Thumb Code    74  sx1280.o(.text)
    SX1280GetIrqStatus                       0x080065c3   Thumb Code    26  sx1280.o(.text)
    SX1280Calibrate                          0x080065dd   Thumb Code    86  sx1280.o(.text)
    SX1280SetRegulatorMode                   0x08006633   Thumb Code    14  sx1280.o(.text)
    SX1280SetSaveContext                     0x08006641   Thumb Code    14  sx1280.o(.text)
    SX1280SetAutoTx                          0x0800664f   Thumb Code    34  sx1280.o(.text)
    SX1280SetAutoFS                          0x08006671   Thumb Code    14  sx1280.o(.text)
    SX1280SetLongPreamble                    0x0800667f   Thumb Code    14  sx1280.o(.text)
    SX1280SetPayload                         0x0800668d   Thumb Code    18  sx1280.o(.text)
    SX1280GetPayload                         0x0800669f   Thumb Code    42  sx1280.o(.text)
    SX1280SendPayload                        0x080066c9   Thumb Code    22  sx1280.o(.text)
    SX1280SetSyncWord                        0x080066df   Thumb Code   152  sx1280.o(.text)
    SX1280SetSyncWordErrorTolerance          0x08006777   Thumb Code    36  sx1280.o(.text)
    SX1280SetCrcSeed                         0x0800679b   Thumb Code    50  sx1280.o(.text)
    SX1280SetCrcPolynomial                   0x080067cd   Thumb Code    50  sx1280.o(.text)
    SX1280SetWhiteningSeed                   0x080067ff   Thumb Code    42  sx1280.o(.text)
    SX1280SetRangingIdLength                 0x08006829   Thumb Code    48  sx1280.o(.text)
    SX1280SetDeviceRangingAddress            0x08006859   Thumb Code    60  sx1280.o(.text)
    SX1280SetRangingRequestAddress           0x08006895   Thumb Code    60  sx1280.o(.text)
    SX1280GetLoRaBandwidth                   0x080068d1   Thumb Code    46  sx1280.o(.text)
    SX1280GetRangingResult                   0x080068ff   Thumb Code   266  sx1280.o(.text)
    SX1280SetRangingCalibration              0x08006a09   Thumb Code    40  sx1280.o(.text)
    SX1280RangingClearFilterResult           0x08006a31   Thumb Code    38  sx1280.o(.text)
    SX1280RangingSetFilterNumSamples         0x08006a57   Thumb Code    26  sx1280.o(.text)
    SX1280GetHexFileLineFields               0x08006a71   Thumb Code   246  sx1280.o(.text)
    SX1280ParseHexFileLine                   0x08006b67   Thumb Code    56  sx1280.o(.text)
    SX1280GetFrequencyError                  0x08006b9f   Thumb Code   216  sx1280.o(.text)
    SX1280SetPollingMode                     0x08006c77   Thumb Code     8  sx1280.o(.text)
    SX1280SetInterruptMode                   0x08006c7f   Thumb Code     8  sx1280.o(.text)
    SX1280ProcessIrqs                        0x08006c87   Thumb Code  1132  sx1280.o(.text)
    SX1280OnDioIrq                           0x080070f3   Thumb Code    38  sx1280.o(.text)
    GpioWrite                                0x08007119   Thumb Code    34  sx1280.o(.text)
    SX1280_ParaCofig                         0x0800713b   Thumb Code    48  sx1280.o(.text)
    SX1280_Init                              0x0800716b   Thumb Code   172  sx1280.o(.text)
    SX1280_SendPacket                        0x08007217   Thumb Code    42  sx1280.o(.text)
    Mrfi_GetCurrentState                     0x08007241   Thumb Code    20  sx1280.o(.text)
    Mrfi_GetCurrentRSSI                      0x08007255   Thumb Code    30  sx1280.o(.text)
    SX1280_Standby                           0x08007273   Thumb Code    12  sx1280.o(.text)
    Mrfi_SetPaPower                          0x0800727f   Thumb Code    16  sx1280.o(.text)
    Mrfi_GetRxFifoByteNum                    0x0800728f   Thumb Code    20  sx1280.o(.text)
    SX1280HalWaitOnBusy                      0x080072d9   Thumb Code    18  sx1280-hal.o(.text)
    SX1280HalReset                           0x080072eb   Thumb Code    38  sx1280-hal.o(.text)
    SX1280HalInit                            0x08007311   Thumb Code    10  sx1280-hal.o(.text)
    SX1280HalIoIrqInit                       0x0800731b   Thumb Code    10  sx1280-hal.o(.text)
    SpiInOut                                 0x08007325   Thumb Code    38  sx1280-hal.o(.text)
    SX1280HalClearInstructionRam             0x0800734b   Thumb Code    68  sx1280-hal.o(.text)
    SX120HalWakeup                           0x0800738f   Thumb Code    40  sx1280-hal.o(.text)
    SX1280HalWriteCommand                    0x080073b7   Thumb Code    66  sx1280-hal.o(.text)
    SX1280HalReadCommand                     0x080073f9   Thumb Code    70  sx1280-hal.o(.text)
    SX1280HalWriteRegisters                  0x0800743f   Thumb Code    74  sx1280-hal.o(.text)
    SX1280HalWriteRegister                   0x08007489   Thumb Code    16  sx1280-hal.o(.text)
    SX1280HalReadRegisters                   0x08007499   Thumb Code    82  sx1280-hal.o(.text)
    SX1280HalReadRegister                    0x080074eb   Thumb Code    20  sx1280-hal.o(.text)
    SX1280HalWriteBuffer                     0x080074ff   Thumb Code    68  sx1280-hal.o(.text)
    SX1280HalReadBuffer                      0x08007543   Thumb Code    76  sx1280-hal.o(.text)
    SX1280HalGetDioStatus                    0x0800758f   Thumb Code    30  sx1280-hal.o(.text)
    OnTxDone                                 0x080075bd   Thumb Code     8  sx1280-para.o(.text)
    OnRxDone                                 0x080075c5   Thumb Code     8  sx1280-para.o(.text)
    OnTxTimeout                              0x080075cd   Thumb Code    16  sx1280-para.o(.text)
    OnRxTimeout                              0x080075dd   Thumb Code     8  sx1280-para.o(.text)
    OnRxError                                0x080075e5   Thumb Code    18  sx1280-para.o(.text)
    OnRangingDone                            0x080075f7   Thumb Code     2  sx1280-para.o(.text)
    OnCadDone                                0x080075f9   Thumb Code     2  sx1280-para.o(.text)
    nwk_nwkInit                              0x08007621   Thumb Code   142  nwk.o(.text)
    nwk_getNextConnection                    0x0800771b   Thumb Code    80  nwk.o(.text)
    nwk_freeConnection                       0x0800776b   Thumb Code     8  nwk.o(.text)
    nwk_getConnInfo                          0x08007773   Thumb Code    62  nwk.o(.text)
    nwk_isLinkDuplicate                      0x080077b1   Thumb Code    60  nwk.o(.text)
    nwk_findAddressMatch                     0x080077ed   Thumb Code    48  nwk.o(.text)
    nwk_getLinkIdByAddress                   0x0800781d   Thumb Code    48  nwk.o(.text)
    nwk_getAddressByLinkId                   0x0800784d   Thumb Code    16  nwk.o(.text)
    nwk_getSFInfoPtr                         0x0800785d   Thumb Code     6  nwk.o(.text)
    nwk_saveJoinedDevice                     0x08007863   Thumb Code    78  nwk.o(.text)
    nwk_findAlreadyJoined                    0x080078b1   Thumb Code    54  nwk.o(.text)
    nwk_checkConnInfo                        0x080078e7   Thumb Code    34  nwk.o(.text)
    nwk_isConnectionValid                    0x08007909   Thumb Code   138  nwk.o(.text)
    nwk_allocateLocalRxPort                  0x08007993   Thumb Code   224  nwk.o(.text)
    nwk_isValidReply                         0x08007a73   Thumb Code    72  nwk.o(.text)
    nwk_findPeer                             0x08007abb   Thumb Code    60  nwk.o(.text)
    nwk_checkAppMsgTID                       0x08007af7   Thumb Code    36  nwk.o(.text)
    nwk_getNumObjectFromMsg                  0x08007b1b   Thumb Code    44  nwk.o(.text)
    nwk_putNumObjectIntoMsg                  0x08007b47   Thumb Code    64  nwk.o(.text)
    nwk_NVObj                                0x08007b87   Thumb Code     6  nwk.o(.text)
    nwk_resetUnlinkedED                      0x08007b8d   Thumb Code    76  nwk.o(.text)
    nwk_resetlinkedED                        0x08007bd9   Thumb Code    56  nwk.o(.text)
    nwk_getEDState                           0x08007c11   Thumb Code    64  nwk.o(.text)
    nwk_getEDbasicInfo                       0x08007c51   Thumb Code   186  nwk.o(.text)
    SMPL_Init                                0x08007d11   Thumb Code    52  nwk_api.o(.text)
    SMPL_LinkListen                          0x08007d45   Thumb Code   102  nwk_api.o(.text)
    SMPL_SendOpt                             0x08007dab   Thumb Code   260  nwk_api.o(.text)
    SMPL_Send                                0x08007eaf   Thumb Code    22  nwk_api.o(.text)
    SMPL_Receive                             0x08007ec5   Thumb Code    72  nwk_api.o(.text)
    SMPL_Link                                0x08007f0d   Thumb Code    12  nwk_api.o(.text)
    SMPL_Unlink                              0x08007f19   Thumb Code    12  nwk_api.o(.text)
    SMPL_Ping                                0x08007f25   Thumb Code    12  nwk_api.o(.text)
    SMPL_Commission                          0x08007f31   Thumb Code    98  nwk_api.o(.text)
    SMPL_Ioctl                               0x08007fad   Thumb Code   318  nwk_api.o(.text)
    nwk_getEDRssi                            0x080080eb   Thumb Code    42  nwk_api.o(.text)
    nwk_getRemoterRssi                       0x08008115   Thumb Code    24  nwk_api.o(.text)
    recv_user_msg                            0x0800812d   Thumb Code    34  nwk_api.o(.text)
    recv_bcast_msg                           0x0800814f   Thumb Code    28  nwk_api.o(.text)
    send_user_msg                            0x0800816b   Thumb Code    60  nwk_api.o(.text)
    send_bcast_msg                           0x080081a7   Thumb Code    30  nwk_api.o(.text)
    SWSN_DELAY                               0x080081c5   Thumb Code    12  nwk_api.o(.text)
    SWSN_init                                0x080081d1   Thumb Code    12  nwk_api.o(.text)
    sysinfo_to_flash                         0x080081dd   Thumb Code   708  nwk_api.o(.text)
    refresh_info_in_sysinfo                  0x080084a1   Thumb Code   120  nwk_api.o(.text)
    sysinfo_from_flash                       0x08008519   Thumb Code   600  nwk_api.o(.text)
    SEGGER_RTT_print_sysinfo                 0x08008771   Thumb Code     2  nwk_api.o(.text)
    SWSN_LinkListen                          0x08008773   Thumb Code    22  nwk_api.o(.text)
    SWSN_DeleteEDByLid                       0x08008789   Thumb Code    18  nwk_api.o(.text)
    SWSN_DeleteEDByMAC                       0x0800879b   Thumb Code    70  nwk_api.o(.text)
    nwk_frameInit                            0x080087ed   Thumb Code    48  nwk_frame.o(.text)
    nwk_buildFrame                           0x0800881d   Thumb Code   188  nwk_frame.o(.text)
    nwk_buildAckReqFrame                     0x080088d9   Thumb Code    60  nwk_frame.o(.text)
    isDupSandFFrame                          0x08008915   Thumb Code   114  nwk_frame.o(.text)
    nwk_replayRmoterFrame                    0x08008987   Thumb Code    34  nwk_frame.o(.text)
    MRFI_RxCompleteISR                       0x08008b39   Thumb Code    84  nwk_frame.o(.text)
    nwk_retrieveFrame                        0x08008b8d   Thumb Code   196  nwk_frame.o(.text)
    nwk_sendFrame                            0x08008c51   Thumb Code    48  nwk_frame.o(.text)
    nwk_getMyRxType                          0x08008c81   Thumb Code     6  nwk_frame.o(.text)
    nwk_sendAckReply                         0x08008c87   Thumb Code   206  nwk_frame.o(.text)
    nwk_replayFrame                          0x08008d55   Thumb Code    56  nwk_frame.o(.text)
    nwk_getSandFFrame                        0x08008d8d   Thumb Code   102  nwk_frame.o(.text)
    nwk_SendEmptyPollRspFrame                0x08008df3   Thumb Code   214  nwk_frame.o(.text)
    nwk_getFrameReceiveCount                 0x08008ec9   Thumb Code     6  nwk_frame.o(.text)
    nwk_globalsInit                          0x08008ee5   Thumb Code    70  nwk_globals.o(.text)
    nwk_getMyAddress                         0x08008f2b   Thumb Code    14  nwk_globals.o(.text)
    nwk_getMyType                            0x08008f39   Thumb Code    14  nwk_globals.o(.text)
    nwk_getFWVersion                         0x08008f47   Thumb Code     4  nwk_globals.o(.text)
    nwk_getProtocolVersion                   0x08008f4b   Thumb Code     8  nwk_globals.o(.text)
    nwk_setMyAddress                         0x08008f53   Thumb Code    26  nwk_globals.o(.text)
    nwk_setMyType                            0x08008f6d   Thumb Code    26  nwk_globals.o(.text)
    nwk_setAPAddress                         0x08008f87   Thumb Code     8  nwk_globals.o(.text)
    nwk_getAPAddress                         0x08008f8f   Thumb Code    26  nwk_globals.o(.text)
    nwk_getBCastAddress                      0x08008fa9   Thumb Code     4  nwk_globals.o(.text)
    nwk_getRemoterAddress                    0x08008fad   Thumb Code     4  nwk_globals.o(.text)
    nwk_getMyIPAddress                       0x08008fb1   Thumb Code     4  nwk_globals.o(.text)
    nwk_setMyIPAddress                       0x08008fb5   Thumb Code    12  nwk_globals.o(.text)
    nwk_QInit                                0x08008fed   Thumb Code    24  nwk_qmgmt.o(.text)
    nwk_QadjustOrder                         0x08009005   Thumb Code    74  nwk_qmgmt.o(.text)
    nwk_QfindSlot                            0x0800904f   Thumb Code   164  nwk_qmgmt.o(.text)
    nwk_QfindOldest                          0x080090f3   Thumb Code   322  nwk_qmgmt.o(.text)
    nwk_getQ                                 0x08009235   Thumb Code    14  nwk_qmgmt.o(.text)
    nwk_QfindAppFrame                        0x08009243   Thumb Code    48  nwk_qmgmt.o(.text)
    nwk_freqInit                             0x0800927d   Thumb Code     2  nwk_freq.o(.text)
    nwk_processFreq                          0x0800927f   Thumb Code     6  nwk_freq.o(.text)
    nwk_rawSend                              0x08009285   Thumb Code    72  nwk_ioctl.o(.text)
    nwk_rawReceive                           0x080092cd   Thumb Code    36  nwk_ioctl.o(.text)
    nwk_radioControl                         0x080092f1   Thumb Code   154  nwk_ioctl.o(.text)
    nwk_joinContext                          0x0800938b   Thumb Code    24  nwk_ioctl.o(.text)
    nwk_deviceAddress                        0x080093a3   Thumb Code    40  nwk_ioctl.o(.text)
    nwk_deviceType                           0x080093cb   Thumb Code    40  nwk_ioctl.o(.text)
    nwk_deviceIPAddress                      0x080093f3   Thumb Code    40  nwk_ioctl.o(.text)
    nwk_connectionControl                    0x0800941b   Thumb Code   132  nwk_ioctl.o(.text)
    nwk_joinInit                             0x080094a9   Thumb Code    58  nwk_join.o(.text)
    nwk_setJoinToken                         0x080094e3   Thumb Code     8  nwk_join.o(.text)
    nwk_getJoinToken                         0x080094eb   Thumb Code    10  nwk_join.o(.text)
    nwk_isSandFClient                        0x080094f5   Thumb Code    58  nwk_join.o(.text)
    nwk_join                                 0x08009617   Thumb Code     4  nwk_join.o(.text)
    nwk_setJoinContext                       0x0800961b   Thumb Code    16  nwk_join.o(.text)
    nwk_processJoin                          0x0800964f   Thumb Code    60  nwk_join.o(.text)
    nwk_joinList_init                        0x080096a9   Thumb Code   102  nwk_joinlist.o(.text)
    nwk_joinList_deInit                      0x0800970f   Thumb Code    28  nwk_joinlist.o(.text)
    nwk_joinList_IPConflict                  0x0800972b   Thumb Code    48  nwk_joinlist.o(.text)
    nwk_joinList_assignIP                    0x0800975b   Thumb Code    92  nwk_joinlist.o(.text)
    nwk_joinList_add                         0x080097e5   Thumb Code   106  nwk_joinlist.o(.text)
    nwk_joinList_del                         0x0800984f   Thumb Code    84  nwk_joinlist.o(.text)
    nwk_joinList_save                        0x080098a3   Thumb Code   166  nwk_joinlist.o(.text)
    nwk_joinList_isFound                     0x08009949   Thumb Code    22  nwk_joinlist.o(.text)
    nwk_joinList_get                         0x0800995f   Thumb Code     4  nwk_joinlist.o(.text)
    nwk_joinList_searchIP                    0x08009963   Thumb Code    66  nwk_joinlist.o(.text)
    nwk_getAPandTotalEDInfor                 0x080099a5   Thumb Code   170  nwk_joinlist.o(.text)
    nwk_linkInit                             0x08009a79   Thumb Code    36  nwk_link.o(.text)
    nwk_setLinkToken                         0x08009a9d   Thumb Code     8  nwk_link.o(.text)
    nwk_getLinkToken                         0x08009aa5   Thumb Code    10  nwk_link.o(.text)
    nwk_unlink                               0x08009aaf   Thumb Code   204  nwk_link.o(.text)
    nwk_link                                 0x08009b7b   Thumb Code   310  nwk_link.o(.text)
    nwk_setDuplicateLinkFlag                 0x08009cfd   Thumb Code     8  nwk_link.o(.text)
    nwk_setDuplicateLinkLid                  0x08009d05   Thumb Code     6  nwk_link.o(.text)
    nwk_processLink                          0x08009f27   Thumb Code    58  nwk_link.o(.text)
    nwk_setListenContext                     0x08009f61   Thumb Code    14  nwk_link.o(.text)
    nwk_getLocalLinkID                       0x08009f6f   Thumb Code    82  nwk_link.o(.text)
    nwk_getDuplicateLinkLid                  0x08009fc1   Thumb Code     6  nwk_link.o(.text)
    nwk_clearDuplicateLinkFlag               0x08009fc7   Thumb Code     8  nwk_link.o(.text)
    nwk_isExistDuplicateLinkED               0x08009fcf   Thumb Code     6  nwk_link.o(.text)
    nwk_mgmtInit                             0x0800a009   Thumb Code    20  nwk_mgmt.o(.text)
    nwk_processMgmt                          0x0800a0b3   Thumb Code    76  nwk_mgmt.o(.text)
    nwk_resetSFMarker                        0x0800a0ff   Thumb Code     8  nwk_mgmt.o(.text)
    nwk_pingInit                             0x0800a111   Thumb Code    12  nwk_ping.o(.text)
    nwk_ping                                 0x0800a11d   Thumb Code   192  nwk_ping.o(.text)
    nwk_processPing                          0x0800a229   Thumb Code    50  nwk_ping.o(.text)
    nwk_securityInit                         0x0800a261   Thumb Code     2  nwk_security.o(.text)
    nwk_processSecurity                      0x0800a263   Thumb Code     6  nwk_security.o(.text)
    proc_69_data_frm                         0x0800a2e7   Thumb Code   326  69_frm_proc.o(.text)
    USART2_IRQHandler                        0x0800a431   Thumb Code    20  usart_isr.o(.text)
    USART1_IRQHandler                        0x0800a445   Thumb Code    20  usart_isr.o(.text)
    bui_gtway_pkg                            0x0800a45d   Thumb Code   118  gtway_frm_proc.o(.text)
    Reverse_trans_direction                  0x0800a4d3   Thumb Code    82  gtway_frm_proc.o(.text)
    bui_outnet_frm                           0x0800a525   Thumb Code   158  gtway_frm_proc.o(.text)
    bui_gtway_ack                            0x0800a5c3   Thumb Code    38  gtway_frm_proc.o(.text)
    Bui_bcast_gtway_msg_from_inner_msg       0x0800a5e9   Thumb Code   138  gtway_frm_proc.o(.text)
    bui_gtway_alarm                          0x0800a673   Thumb Code   122  gtway_frm_proc.o(.text)
    Send_gtway_msg_to_uart                   0x0800a6ed   Thumb Code    90  gtway_frm_proc.o(.text)
    pro_gtway_data_ack                       0x0800a747   Thumb Code   198  gtway_frm_proc.o(.text)
    Bui_exception_msg                        0x0800a80d   Thumb Code   238  gtway_frm_proc.o(.text)
    Bui_send_to_cloudserver_msg              0x0800a8fb   Thumb Code   148  gtway_frm_proc.o(.text)
    reserve_server_ip                        0x0800a991   Thumb Code    10  uart_frm_proc.o(.text)
    gtway_info_check                         0x0800a99b   Thumb Code    96  uart_frm_proc.o(.text)
    uart_frm_proc                            0x0800a9fb   Thumb Code   172  uart_frm_proc.o(.text)
    check_crc                                0x0800aaad   Thumb Code    42  usart_share_info.o(.text)
    DMA_ResetCurrDataCounter                 0x0800aad7   Thumb Code    26  usart_share_info.o(.text)
    NVIC_ClearPendingFlag                    0x0800aaf1   Thumb Code    18  usart2_dma_proc.o(.text)
    Usart2_DMA_Configuration                 0x0800ab03   Thumb Code   174  usart2_dma_proc.o(.text)
    usart2_err_proc                          0x0800abb1   Thumb Code    56  usart2_dma_proc.o(.text)
    check_usart2_frame_end_and_crc           0x0800abe9   Thumb Code    90  usart2_dma_proc.o(.text)
    check_usart2_frame_head                  0x0800ac43   Thumb Code    42  usart2_dma_proc.o(.text)
    read_Usart2_DMA_FIFO                     0x0800ac6d   Thumb Code   530  usart2_dma_proc.o(.text)
    TIM4_Configuration                       0x0800ae7f   Thumb Code   254  usart2_dma_proc.o(.text)
    TIM4_IRQHandler                          0x0800af7d   Thumb Code    66  usart2_dma_proc.o(.text)
    usart_getFrameReceiveCount               0x0800afbf   Thumb Code     6  usart2_dma_proc.o(.text)
    Iterates_usart2_buffer                   0x0800afc5   Thumb Code    72  usart2_dma_proc.o(.text)
    WriteCodeVersionInfoToFlash              0x0800b025   Thumb Code    50  firmware_info_proc.o(.text)
    initCodeVersionInfo                      0x0800b057   Thumb Code    32  firmware_info_proc.o(.text)
    LoadMyAddressFromFlash                   0x0800b077   Thumb Code    64  firmware_info_proc.o(.text)
    MyAddressInFlashIsValid                  0x0800b0b7   Thumb Code    38  firmware_info_proc.o(.text)
    init_ap_addr                             0x0800b0dd   Thumb Code    14  firmware_info_proc.o(.text)
    init_gtway_addr                          0x0800b0eb   Thumb Code   224  firmware_info_proc.o(.text)
    initFirmwareInfo                         0x0800b1cb   Thumb Code    18  firmware_info_proc.o(.text)
    WritePerEDToFlash                        0x0800b1dd   Thumb Code   106  firmware_info_proc.o(.text)
    initpermissoned                          0x0800b247   Thumb Code    78  firmware_info_proc.o(.text)
    get_gtawy_addr                           0x0800b295   Thumb Code     4  firmware_info_proc.o(.text)
    get_gtawy_code_version                   0x0800b299   Thumb Code     6  firmware_info_proc.o(.text)
    WriteMyAddressToFlash                    0x0800b29f   Thumb Code   176  firmware_info_proc.o(.text)
    restoreFactorySettings                   0x0800b34f   Thumb Code    58  firmware_info_proc.o(.text)
    readSystemResetTimes                     0x0800b389   Thumb Code     6  firmware_info_proc.o(.text)
    setSystemResetTimes                      0x0800b38f   Thumb Code    52  firmware_info_proc.o(.text)
    Form_Verion_frame                        0x0800b3c3   Thumb Code    76  firmware_info_proc.o(.text)
    NVIC_USART1_ClearPendingFlag             0x0800b48d   Thumb Code    18  usart1_dma_proc.o(.text)
    Usart1_Configuration                     0x0800b49f   Thumb Code   142  usart1_dma_proc.o(.text)
    USART1_NVIC_Configuration                0x0800b52d   Thumb Code    42  usart1_dma_proc.o(.text)
    Usart1_DMA_Configuration                 0x0800b557   Thumb Code   174  usart1_dma_proc.o(.text)
    TIM2_Configuration                       0x0800b605   Thumb Code   214  usart1_dma_proc.o(.text)
    TIM2_IRQHandler                          0x0800b6db   Thumb Code    72  usart1_dma_proc.o(.text)
    usart1_err_proc                          0x0800b723   Thumb Code    56  usart1_dma_proc.o(.text)
    check_usart1_frame_end_and_crc           0x0800b75b   Thumb Code    90  usart1_dma_proc.o(.text)
    check_usart1_frame_head                  0x0800b7b5   Thumb Code    42  usart1_dma_proc.o(.text)
    read_Usart1_DMA_FIFO                     0x0800b7df   Thumb Code   574  usart1_dma_proc.o(.text)
    Iterates_usart1_buffer                   0x0800ba1d   Thumb Code    72  usart1_dma_proc.o(.text)
    bui_usart1_outnet_frm                    0x0800bb49   Thumb Code   162  usart1_dma_proc.o(.text)
    send_bcast_pkg                           0x0800bc05   Thumb Code    44  68_frm_proc.o(.text)
    proc_68_frm                              0x0800be1b   Thumb Code    80  68_frm_proc.o(.text)
    send_net_pkg                             0x0800c03b   Thumb Code   156  68_frm_proc.o(.text)
    ap_inner_proc                            0x0800c145   Thumb Code    62  ap_inner_fun.o(.text)
    bui_app_pkg                              0x0800c185   Thumb Code   100  bui_pkg_fun.o(.text)
    gen_crc                                  0x0800c1e9   Thumb Code    28  bui_pkg_fun.o(.text)
    Debui_app_pkg                            0x0800c205   Thumb Code   104  bui_pkg_fun.o(.text)
    bui_77_app_pkg                           0x0800c26d   Thumb Code   106  bui_pkg_fun.o(.text)
    bui_rep_pkg_command                      0x0800c2d7   Thumb Code   152  bui_pkg_fun.o(.text)
    bui_rssi_rep_pkg_command                 0x0800c36f   Thumb Code   152  bui_pkg_fun.o(.text)
    bui_rep_77_command                       0x0800c407   Thumb Code   160  bui_pkg_fun.o(.text)
    bui_rep_88_command                       0x0800c4a7   Thumb Code   152  bui_pkg_fun.o(.text)
    bui_pkg_ack                              0x0800c53f   Thumb Code    76  bui_pkg_fun.o(.text)
    bui_77_pkg_ack                           0x0800c58b   Thumb Code    78  bui_pkg_fun.o(.text)
    bui_pkg_alarm                            0x0800c5d9   Thumb Code   234  bui_pkg_fun.o(.text)
    bui_check_link_pkg                       0x0800c6c3   Thumb Code   108  bui_pkg_fun.o(.text)
    bui_time_sync_pkg                        0x0800c72f   Thumb Code   146  bui_pkg_fun.o(.text)
    sCB                                      0x0800c7cd   Thumb Code    60  net_frm_proc.o(.text)
    net_ed_link                              0x0800c809   Thumb Code   142  net_frm_proc.o(.text)
    proc_net_msg                             0x0800c897   Thumb Code   170  net_frm_proc.o(.text)
    net_frm_proc                             0x0800c941   Thumb Code   142  net_frm_proc.o(.text)
    proc_bcast_frm                           0x0800c9cf   Thumb Code    68  net_frm_proc.o(.text)
    send_broad_time_sync                     0x0800ca13   Thumb Code   352  net_frm_proc.o(.text)
    flash_to_head_list                       0x0800cc0b   Thumb Code   238  net_list_proc.o(.text)
    head_list_to_flash                       0x0800ccf9   Thumb Code   238  net_list_proc.o(.text)
    init_list                                0x0800cde7   Thumb Code   224  net_list_proc.o(.text)
    ip_comp                                  0x0800cec7   Thumb Code    56  net_list_proc.o(.text)
    mac_comp                                 0x0800ceff   Thumb Code    44  net_list_proc.o(.text)
    psearch_mac                              0x0800cf2b   Thumb Code    38  net_list_proc.o(.text)
    add_net_list                             0x0800cf51   Thumb Code   256  net_list_proc.o(.text)
    pdel_mac                                 0x0800d051   Thumb Code   158  net_list_proc.o(.text)
    pdel_listNode                            0x0800d0ef   Thumb Code    54  net_list_proc.o(.text)
    print_all_ed_info                        0x0800d125   Thumb Code    10  net_list_proc.o(.text)
    SEGGER_RTT_print_all_ed_info             0x0800d12f   Thumb Code     2  net_list_proc.o(.text)
    psearch_ip                               0x0800d131   Thumb Code    38  net_list_proc.o(.text)
    psearch_id                               0x0800d157   Thumb Code    32  net_list_proc.o(.text)
    Modify_IP_by_MAC                         0x0800d177   Thumb Code    82  net_list_proc.o(.text)
    channr_num_to_flash                      0x0800d1c9   Thumb Code    50  net_list_proc.o(.text)
    channr_num_from_flash                    0x0800d1fb   Thumb Code     6  net_list_proc.o(.text)
    SWSN_deleteInnetED                       0x0800d201   Thumb Code    52  net_list_proc.o(.text)
    SWSN_checkDuplicateLinkEdIPList          0x0800d273   Thumb Code   184  net_list_proc.o(.text)
    no_para_fun                              0x0800d345   Thumb Code     8  net_para_fun.o(.text)
    set_my_device_address                    0x0800d34d   Thumb Code   130  net_para_fun.o(.text)
    end_firmware_update                      0x0800d3cf   Thumb Code   140  net_para_fun.o(.text)
    begin_firmware_update                    0x0800d45b   Thumb Code   122  net_para_fun.o(.text)
    device_type_proc                         0x0800d4d5   Thumb Code    62  net_para_fun.o(.text)
    add_ap_rssi                              0x0800d513   Thumb Code   144  net_para_fun.o(.text)
    change_to_rate                           0x0800d5a3   Thumb Code   190  net_para_fun.o(.text)
    rate_to_arry                             0x0800d661   Thumb Code   114  net_para_fun.o(.text)
    bandrate_proc                            0x0800d6d3   Thumb Code   100  net_para_fun.o(.text)
    read_rssi                                0x0800d737   Thumb Code   172  net_para_fun.o(.text)
    txpw_proc                                0x0800d7e3   Thumb Code    88  net_para_fun.o(.text)
    modformat_proc                           0x0800d83b   Thumb Code    54  net_para_fun.o(.text)
    rate_proc                                0x0800d871   Thumb Code    54  net_para_fun.o(.text)
    chanspc_proc                             0x0800d8a7   Thumb Code    58  net_para_fun.o(.text)
    chan_proc                                0x0800d8e1   Thumb Code    78  net_para_fun.o(.text)
    freq_proc                                0x0800d92f   Thumb Code    96  net_para_fun.o(.text)
    net_para_proc                            0x0800d98f   Thumb Code   402  net_para_fun.o(.text)
    deviatn_proc                             0x0800db21   Thumb Code    84  net_para_fun.o(.text)
    no_status_fun                            0x0800db75   Thumb Code     8  net_status_fun.o(.text)
    read_temoter_press_num                   0x0800db7d   Thumb Code    88  net_status_fun.o(.text)
    delete_ed_connect                        0x0800dbd5   Thumb Code   148  net_status_fun.o(.text)
    modify_ip_addr                           0x0800dc69   Thumb Code   184  net_status_fun.o(.text)
    get_ed_mac_and_ip                        0x0800dd21   Thumb Code   110  net_status_fun.o(.text)
    reset_ap                                 0x0800dd8f   Thumb Code    50  net_status_fun.o(.text)
    get_ap_mac                               0x0800ddc1   Thumb Code    78  net_status_fun.o(.text)
    set_join_ed                              0x0800de0f   Thumb Code   170  net_status_fun.o(.text)
    get_ed_info                              0x0800deb9   Thumb Code   120  net_status_fun.o(.text)
    get_net_info                             0x0800df31   Thumb Code    72  net_status_fun.o(.text)
    get_join_link_token                      0x0800df79   Thumb Code    60  net_status_fun.o(.text)
    reset_system                             0x0800dfb5   Thumb Code    50  net_status_fun.o(.text)
    net_status_proc                          0x0800dfe7   Thumb Code   370  net_status_fun.o(.text)
    no_user_fun                              0x0800e165   Thumb Code     8  user_def_fun.o(.text)
    time_proc                                0x0800e16d   Thumb Code   144  user_def_fun.o(.text)
    user_def_proc                            0x0800e1fd   Thumb Code   100  user_def_fun.o(.text)
    write_group_buffer                       0x0800e265   Thumb Code   226  67_frm_proc.o(.text)
    proc_67_frm                              0x0800e347   Thumb Code   104  67_frm_proc.o(.text)
    Change_67frm_to_68frm                    0x0800e3af   Thumb Code    96  67_frm_proc.o(.text)
    Change_67frm_to_69frm                    0x0800e40f   Thumb Code    88  67_frm_proc.o(.text)
    write_67frm_to_ed_tx_buffer              0x0800e467   Thumb Code   258  67_frm_proc.o(.text)
    proc_77_alarm_frm                        0x0800e58d   Thumb Code     2  77_frm_proc.o(.text)
    proc_77_ack_frm                          0x0800e58f   Thumb Code     2  77_frm_proc.o(.text)
    get_gtway_type_mac_77                    0x0800e591   Thumb Code    82  77_frm_proc.o(.text)
    get_ap_ed_mac_ip                         0x0800e5e3   Thumb Code    52  77_frm_proc.o(.text)
    proc_77_command_frm                      0x0800e617   Thumb Code    60  77_frm_proc.o(.text)
    proc_77_data_frm                         0x0800e653   Thumb Code     2  77_frm_proc.o(.text)
    proc_77_frm                              0x0800e655   Thumb Code    80  77_frm_proc.o(.text)
    proc_88_alarm_frm                        0x0800e6a5   Thumb Code     2  88_frm_proc.o(.text)
    proc_88_ack_frm                          0x0800e6a7   Thumb Code     2  88_frm_proc.o(.text)
    sw_gtway_88_proc                         0x0800e6a9   Thumb Code     6  88_frm_proc.o(.text)
    check_wifi_heart_frm                     0x0800e6af   Thumb Code    86  88_frm_proc.o(.text)
    server_end_firmware_update               0x0800e705   Thumb Code   140  88_frm_proc.o(.text)
    server_begin_firmware_update             0x0800e791   Thumb Code   122  88_frm_proc.o(.text)
    server_get_gtway_code_version            0x0800e80b   Thumb Code    62  88_frm_proc.o(.text)
    sync_gtway_time                          0x0800e849   Thumb Code    60  88_frm_proc.o(.text)
    get_gtway_type_mac                       0x0800e885   Thumb Code    88  88_frm_proc.o(.text)
    check_heart_beat                         0x0800e8dd   Thumb Code    32  88_frm_proc.o(.text)
    server_frm_proc                          0x0800e8fd   Thumb Code   158  88_frm_proc.o(.text)
    com_gtway_88_proc                        0x0800e99b   Thumb Code    46  88_frm_proc.o(.text)
    proc_88_command_frm                      0x0800e9c9   Thumb Code    56  88_frm_proc.o(.text)
    proc_88_data_frm                         0x0800ea01   Thumb Code   552  88_frm_proc.o(.text)
    proc_88_frm                              0x0800ec29   Thumb Code    80  88_frm_proc.o(.text)
    Write_rx_ed_buffer                       0x0800ec95   Thumb Code   484  ed_rx_buffer_fun.o(.text)
    Iterates_rx_ed_buffer                    0x0800ee79   Thumb Code   108  ed_rx_buffer_fun.o(.text)
    Find_ed_info_in_rx_buffer                0x0800eee5   Thumb Code    60  ed_rx_buffer_fun.o(.text)
    Write_tx_ed_buffer                       0x0800f0ab   Thumb Code   254  ed_tx_buffer_fun.o(.text)
    Iterates_tx_ed_buffer                    0x0800f363   Thumb Code   194  ed_tx_buffer_fun.o(.text)
    Modify_ip_in_tx_ed_buffer                0x0800f425   Thumb Code    98  ed_tx_buffer_fun.o(.text)
    Free_tx_ed_buffer                        0x0800f487   Thumb Code   202  ed_tx_buffer_fun.o(.text)
    isReadyToWriteGroupFrm                   0x0800f551   Thumb Code    46  ed_tx_buffer_fun.o(.text)
    Write_usart1_data_txbuffer               0x0800f5b1   Thumb Code    76  ed_tx_buffer_fun.o(.text)
    Write_tx_fail_ed_buffer                  0x0800f60d   Thumb Code   250  ed_tx_fail_buffer_fun.o(.text)
    Iterates_tx_fail_ed_buffer               0x0800f707   Thumb Code   374  ed_tx_fail_buffer_fun.o(.text)
    Find_ed_info_in_tx_fail_buffer           0x0800f87d   Thumb Code    66  ed_tx_fail_buffer_fun.o(.text)
    rand                                     0x0800f8d5   Thumb Code    20  rand.o(.text)
    srand                                    0x0800f8e9   Thumb Code     6  rand.o(.text)
    ___aeabi_memcpy8$move                    0x0800f8f9   Thumb Code     0  memmovea.o(.text)
    __aeabi_memcpy                           0x0800f8f9   Thumb Code    64  memmovea.o(.text)
    __aeabi_memcpy4                          0x0800f8f9   Thumb Code     0  memmovea.o(.text)
    __aeabi_memmove                          0x0800f8f9   Thumb Code     0  memmovea.o(.text)
    __aeabi_memmove4                         0x0800f8f9   Thumb Code     0  memmovea.o(.text)
    __aeabi_memmove8                         0x0800f8f9   Thumb Code     0  memmovea.o(.text)
    __aeabi_memset                           0x0800f939   Thumb Code    14  memseta.o(.text)
    __aeabi_memset4                          0x0800f939   Thumb Code     0  memseta.o(.text)
    __aeabi_memset8                          0x0800f939   Thumb Code     0  memseta.o(.text)
    __aeabi_memclr                           0x0800f947   Thumb Code     4  memseta.o(.text)
    __aeabi_memclr4                          0x0800f947   Thumb Code     0  memseta.o(.text)
    __aeabi_memclr8                          0x0800f947   Thumb Code     0  memseta.o(.text)
    _memset$wrapper                          0x0800f94b   Thumb Code    18  memseta.o(.text)
    strlen                                   0x0800f95d   Thumb Code    14  strlen.o(.text)
    memcmp                                   0x0800f96b   Thumb Code    26  memcmp.o(.text)
    __0sscanf                                0x0800f985   Thumb Code    48  __0sscanf.o(.text)
    _scanf_int                               0x0800f9bd   Thumb Code   332  _scanf_int.o(.text)
    __aeabi_fadd                             0x0800fb09   Thumb Code   164  fadd.o(.text)
    __aeabi_fsub                             0x0800fbad   Thumb Code     6  fadd.o(.text)
    __aeabi_frsub                            0x0800fbb3   Thumb Code     6  fadd.o(.text)
    __aeabi_fmul                             0x0800fbb9   Thumb Code   100  fmul.o(.text)
    __aeabi_fdiv                             0x0800fc1d   Thumb Code   124  fdiv.o(.text)
    __aeabi_dmul                             0x0800fc99   Thumb Code   228  dmul.o(.text)
    __aeabi_ddiv                             0x0800fd7d   Thumb Code   222  ddiv.o(.text)
    __aeabi_i2f                              0x0800fe5b   Thumb Code    18  fflti.o(.text)
    __aeabi_ui2f                             0x0800fe6d   Thumb Code    10  ffltui.o(.text)
    __aeabi_i2d                              0x0800fe77   Thumb Code    34  dflti.o(.text)
    __aeabi_ui2d                             0x0800fe99   Thumb Code    26  dfltui.o(.text)
    __aeabi_f2uiz                            0x0800feb3   Thumb Code    40  ffixui.o(.text)
    __aeabi_d2uiz                            0x0800fedb   Thumb Code    50  dfixui.o(.text)
    __aeabi_f2d                              0x0800ff0d   Thumb Code    38  f2d.o(.text)
    __aeabi_d2f                              0x0800ff33   Thumb Code    56  d2f.o(.text)
    __aeabi_llsr                             0x0800ff6b   Thumb Code    32  llushr.o(.text)
    _ll_ushift_r                             0x0800ff6b   Thumb Code     0  llushr.o(.text)
    _chval                                   0x0800ff8b   Thumb Code    28  _chval.o(.text)
    __vfscanf_char                           0x0800ffb5   Thumb Code    20  scanf_char.o(.text)
    _sgetc                                   0x0800ffd1   Thumb Code    30  _sgetc.o(.text)
    _sbackspace                              0x0800ffef   Thumb Code    34  _sgetc.o(.text)
    __I$use$fp                               0x08010011   Thumb Code     0  iusefp.o(.text)
    _float_round                             0x08010011   Thumb Code    18  fepilogue.o(.text)
    _float_epilogue                          0x08010023   Thumb Code    92  fepilogue.o(.text)
    _double_round                            0x0801007f   Thumb Code    30  depilogue.o(.text)
    _double_epilogue                         0x0801009d   Thumb Code   156  depilogue.o(.text)
    __aeabi_dadd                             0x08010139   Thumb Code   322  dadd.o(.text)
    __aeabi_dsub                             0x0801027b   Thumb Code     6  dadd.o(.text)
    __aeabi_drsub                            0x08010281   Thumb Code     6  dadd.o(.text)
    __ARM_scalbn                             0x08010287   Thumb Code    46  dscalb.o(.text)
    scalbn                                   0x08010287   Thumb Code     0  dscalb.o(.text)
    __aeabi_cdrcmple                         0x080102b5   Thumb Code    48  cdrcmple.o(.text)
    __scatterload                            0x080102e5   Thumb Code    28  init.o(.text)
    __scatterload_rt2                        0x080102e5   Thumb Code     0  init.o(.text)
    __aeabi_llsl                             0x08010309   Thumb Code    30  llshl.o(.text)
    _ll_shift_l                              0x08010309   Thumb Code     0  llshl.o(.text)
    __aeabi_lasr                             0x08010327   Thumb Code    36  llsshr.o(.text)
    _ll_sshift_r                             0x08010327   Thumb Code     0  llsshr.o(.text)
    isspace                                  0x0801034b   Thumb Code    10  isspace_c.o(.text)
    __vfscanf                                0x08010355   Thumb Code   808  _scanf.o(.text)
    _dsqrt                                   0x08010681   Thumb Code   162  dsqrt.o(.text)
    __ctype_lookup                           0x08010725   Thumb Code    34  ctype_c.o(.text)
    __decompress                             0x0801074d   Thumb Code     0  __dczerorl2.o(.text)
    __decompress1                            0x0801074d   Thumb Code    86  __dczerorl2.o(.text)
    __0printf$bare                           0x080107a5   Thumb Code     8  printfb.o(i.__0printf$bare)
    __1printf$bare                           0x080107a5   Thumb Code     0  printfb.o(i.__0printf$bare)
    __2printf                                0x080107a5   Thumb Code     0  printfb.o(i.__0printf$bare)
    __ARM_fpclassify                         0x080107b5   Thumb Code    40  fpclassify.o(i.__ARM_fpclassify)
    __kernel_poly                            0x080107dd   Thumb Code   170  poly.o(i.__kernel_poly)
    __mathlib_dbl_divzero                    0x08010889   Thumb Code    12  dunder.o(i.__mathlib_dbl_divzero)
    __mathlib_dbl_infnan2                    0x08010899   Thumb Code     4  dunder.o(i.__mathlib_dbl_infnan2)
    __mathlib_dbl_invalid                    0x0801089d   Thumb Code    12  dunder.o(i.__mathlib_dbl_invalid)
    __mathlib_dbl_overflow                   0x080108a9   Thumb Code    14  dunder.o(i.__mathlib_dbl_overflow)
    __mathlib_dbl_underflow                  0x080108b9   Thumb Code    10  dunder.o(i.__mathlib_dbl_underflow)
    __scatterload_copy                       0x080108c9   Thumb Code    14  handlers.o(i.__scatterload_copy)
    __scatterload_null                       0x080108d7   Thumb Code     2  handlers.o(i.__scatterload_null)
    __scatterload_zeroinit                   0x080108d9   Thumb Code    14  handlers.o(i.__scatterload_zeroinit)
    __set_errno                              0x080108e9   Thumb Code     6  errno.o(i.__set_errno)
    free                                     0x08010919   Thumb Code    76  malloc.o(i.free)
    malloc                                   0x08010969   Thumb Code    92  malloc.o(i.malloc)
    pow                                      0x080109d5   Thumb Code  2478  pow.o(i.pow)
    sqrt                                     0x0801138d   Thumb Code    76  sqrt.o(i.sqrt)
    table_week                               0x080113e8   Data          12  stm32_rtc.o(.constdata)
    mon_table                                0x080113f4   Data          12  stm32_rtc.o(.constdata)
    mrfiBroadcastAddr                        0x08011400   Data           4  mrfi.o(.constdata)
    mrfiRemoterAddr                          0x08011404   Data           4  mrfi.o(.constdata)
    SX1276FreqTbl                            0x08011418   Data          30  sx1276-lora.o(.constdata)
    SX1276PowerTbl                           0x08011436   Data          12  sx1276-lora.o(.constdata)
    SX1276LoRaBwTbl                          0x08011442   Data          10  sx1276-lora.o(.constdata)
    SX1276SpreadFactorTbl                    0x0801144c   Data           7  sx1276-lora.o(.constdata)
    SX1276ConfigTbl                          0x08011454   Data          32  sx1276-lora.o(.constdata)
    SX1276FSKRateTbl                         0x08011474   Data          16  sx1276-lora.o(.constdata)
    SX1276RxTable                            0x08011484   Data           8  sx1276-lora.o(.constdata)
    SX1276TxTable                            0x0801148c   Data           6  sx1276-lora.o(.constdata)
    RadioRegsInit                            0x08011494   Data          24  sx1280.o(.constdata)
    Radio                                    0x080114b0   Data         252  sx1280-hal.o(.constdata)
    __mathlib_zero                           0x080116d0   Data           8  qnan.o(.constdata)
    __ctype_categories                       0x080116d8   Data          64  ctype_c.o(.constdata)
    Region$$Table$$Base                      0x08011724   Number         0  anon$$obj.o(Region$$Table)
    Region$$Table$$Limit                     0x08011744   Number         0  anon$$obj.o(Region$$Table)
    SystemCoreClock                          0x20000000   Data           4  system_stm32f10x.o(.data)
    AHBPrescTable                            0x20000004   Data          16  system_stm32f10x.o(.data)
    bsp_reset_ap_config                      0x200000a1   Data           1  bsp_isr.o(.data)
    bsp_reset_check_flag                     0x200000a2   Data           1  bsp_isr.o(.data)
    bootloader_state                         0x200000ac   Data           8  stm32_flash.o(.data)
    init_time                                0x200000b4   Data           7  stm32_rtc.o(.data)
    D_value                                  0x200000be   Data           5  mrfi.o(.data)
    Tx_Rx_Choice_Bak                         0x200000c3   Data           1  mrfi.o(.data)
    Tx_phase                                 0x200000c4   Data           1  mrfi.o(.data)
    Contbak                                  0x200000c5   Data           1  mrfi.o(.data)
    Sx1276Statue                             0x200000c6   Data           1  mrfi.o(.data)
    SX1276_GetStatue_Cout                    0x200000c7   Data           1  mrfi.o(.data)
    ContBak                                  0x200000c8   Data           1  mrfi.o(.data)
    Sx1276VerNO                              0x200000c9   Data           1  mrfi.o(.data)
    TxTimeCout                               0x200000ca   Data           1  mrfi.o(.data)
    Trg                                      0x200000cb   Data           1  mrfi.o(.data)
    Cont                                     0x200000cc   Data           1  mrfi.o(.data)
    KeyScanCnt                               0x200000cd   Data           1  mrfi.o(.data)
    Chargcout                                0x200000ce   Data           1  mrfi.o(.data)
    Tx_TimeCout                              0x200000cf   Data           1  mrfi.o(.data)
    Rx_phase                                 0x200000d0   Data           1  mrfi.o(.data)
    RxPakCout                                0x200000d1   Data           1  mrfi.o(.data)
    PER_phase                                0x200000d2   Data           1  mrfi.o(.data)
    PER                                      0x200000d3   Data           1  mrfi.o(.data)
    RxPacketCout                             0x200000d4   Data           1  mrfi.o(.data)
    Flg_RxFinish                             0x200000d5   Data           1  mrfi.o(.data)
    g_CurrentDispPage                        0x200000d6   Data           2  mrfi.o(.data)
    g_TotalDispPage                          0x200000d8   Data           2  mrfi.o(.data)
    g_IDH                                    0x200000da   Data           2  mrfi.o(.data)
    g_IDL                                    0x200000dc   Data           2  mrfi.o(.data)
    RF_CH                                    0x200000de   Data           2  mrfi.o(.data)
    Page_time_flash                          0x200000e0   Data           2  mrfi.o(.data)
    IRQ_INT_FLAG                             0x200000ee   Data           1  mrfi.o(.data)
    frameHasSendFlag                         0x200000ef   Data           1  mrfi.o(.data)
    broadInterval                            0x200000f0   Data           1  mrfi.o(.data)
    bcastRndDelay                            0x200000f1   Data           1  mrfi.o(.data)
    gb_SF                                    0x200000f8   Data           1  sx1276-lora.o(.data)
    gb_BW                                    0x200000f9   Data           1  sx1276-lora.o(.data)
    CR                                       0x200000fa   Data           1  sx1276-lora.o(.data)
    gtmp                                     0x200000fb   Data           1  sx1276-lora.o(.data)
    TxPacketCout                             0x200000fc   Data           2  sx1276-lora.o(.data)
    globalFlag                               0x20000100   Data           2  main_swsn_ap.o(.data)
    band_rate                                0x20000104   Data           4  main_swsn_ap.o(.data)
    ResetTimes                               0x20000108   Data           4  main_swsn_ap.o(.data)
    array                                    0x2000010c   Data          13  main_swsn_ap.o(.data)
    RxIrqMask                                0x2000011c   Data           2  sx1280.o(.data)
    TxIrqMask                                0x2000011e   Data           2  sx1280.o(.data)
    BufferSize                               0x20000120   Data           1  sx1280.o(.data)
    ContinuousMode                           0x20000122   Data           4  sx1280.o(.data)
    SingleMode                               0x20000126   Data           4  sx1280.o(.data)
    DioIrq                                   0x20000130   Data           4  sx1280.o(.data)
    Callbacks                                0x2000013c   Data          36  sx1280-para.o(.data)
    AppState                                 0x20000160   Data           1  sx1280-para.o(.data)
    sPersistInfo                             0x20000161   Data        1336  nwk.o(.data)
    isNotForAp                               0x200006ac   Data           1  nwk_frame.o(.data)
    join_token_wrong_count                   0x200006d5   Data           1  nwk_join.o(.data)
    sGtwayServerIP                           0x200006e6   Data           4  gtway_frm_proc.o(.data)
    uart2_frm_data_cnt                       0x200006ec   Data           2  usart2_dma_proc.o(.data)
    Verison_69Frame_len                      0x200006f6   Data           2  firmware_info_proc.o(.data)
    uart1_frm_data_cnt                       0x200006f8   Data           2  usart1_dma_proc.o(.data)
    net_frm_cur_num                          0x20000700   Data           1  net_frm_proc.o(.data)
    net_ed_add_sem                           0x20000701   Data           1  net_frm_proc.o(.data)
    bro_cast_sem                             0x20000702   Data           1  net_frm_proc.o(.data)
    net_frm_back                             0x20000703   Data           3  net_frm_proc.o(.data)
    net_ed_num                               0x20000706   Data           1  net_frm_proc.o(.data)
    remoter_frame_flag                       0x20000707   Data           1  net_frm_proc.o(.data)
    sendBroadFlag                            0x20000708   Data           1  net_frm_proc.o(.data)
    list_ind_data                            0x20000714   Data           2  net_list_proc.o(.data)
    flash_ed_num                             0x20000716   Data           2  net_list_proc.o(.data)
    head_list                                0x20000718   Data           4  net_list_proc.o(.data)
    tail_list                                0x2000071c   Data           4  net_list_proc.o(.data)
    RefreshFirewareFlag                      0x20000720   Data           1  net_para_fun.o(.data)
    reset_system_flag                        0x20000721   Data           1  net_status_fun.o(.data)
    remoter_press_num                        0x20000724   Data           4  user_def_fun.o(.data)
    app_frm_num                              0x20000736   Data           1  ed_rx_buffer_fun.o(.data)
    tx_fail_frm_num                          0x2000073c   Data           1  ed_tx_fail_buffer_fun.o(.data)
    emergency_dispatch_flag                  0x2000073d   Data           1  ed_tx_fail_buffer_fun.o(.data)
    start_emergency_dispatch_in_rtc          0x2000073e   Data           1  ed_tx_fail_buffer_fun.o(.data)
    __stdout                                 0x20000744   Data           4  stdout.o(.data)
    __microlib_freelist                      0x20000748   Data           4  mvars.o(.data)
    __microlib_freelist_initialised          0x2000074c   Data           4  mvars.o(.data)
    real_time                                0x20000b64   Data          12  stm32_rtc.o(.bss)
    gz8_RXbuffer                             0x20000b70   Data          85  mrfi.o(.bss)
    mrfiIncomingPacket                       0x20000bc5   Data         214  mrfi.o(.bss)
    Data_Frm_TimeInfo                        0x20000c9b   Data         800  mrfi.o(.bss)
    SX1276Data                               0x20000fbb   Data         256  sx1276-lora.o(.bss)
    gb_RxData                                0x200010bb   Data         254  sx1276-lora.o(.bss)
    Buffer                                   0x200011b9   Data         249  sx1280.o(.bss)
    modulationParams                         0x200012b2   Data          13  sx1280.o(.bss)
    packetParams                             0x200012bf   Data          24  sx1280.o(.bss)
    USART2_SEND_DATA                         0x20002a18   Data         100  usart2_dma_proc.o(.bss)
    usart2_recv_data                         0x20002a7c   Data        1030  usart2_dma_proc.o(.bss)
    uart2_frm_rbuf                           0x20002e82   Data        1036  usart2_dma_proc.o(.bss)
    Verison_69Frame                          0x2000328e   Data          64  firmware_info_proc.o(.bss)
    USART1_SEND_DATA                         0x200032ce   Data         256  usart1_dma_proc.o(.bss)
    usart1_recv_data                         0x200033ce   Data        1030  usart1_dma_proc.o(.bss)
    uart1_frm_rbuf                           0x200037d4   Data        1036  usart1_dma_proc.o(.bss)
    Ed_group_buffer                          0x20003be0   Data         440  67_frm_proc.o(.bss)
    Ed_rx_buffer                             0x20004598   Data        4060  ed_rx_buffer_fun.o(.bss)
    Ed_tx_fail_buffer                        0x200081dc   Data        4080  ed_tx_fail_buffer_fun.o(.bss)
    __heap_base                              0x200091d0   Data           0  startup_stm32f10x_hd.o(HEAP)
    __heap_limit                             0x2000a9d0   Data           0  startup_stm32f10x_hd.o(HEAP)
    __initial_sp                             0x2000f1d0   Data           0  startup_stm32f10x_hd.o(STACK)



==============================================================================

Memory Map of the image

  Image Entry point : 0x08000131

  Load Region LR_IROM1 (Base: 0x08000000, Size: 0x00011e98, Max: 0x00016000, ABSOLUTE, COMPRESSED[0x000117d8])

    Execution Region ER_IROM1 (Base: 0x08000000, Size: 0x00011744, Max: 0x00016000, ABSOLUTE)

    Base Addr    Size         Type   Attr      Idx    E Section Name        Object

    0x08000000   0x00000130   Data   RO            3    RESET               startup_stm32f10x_hd.o
    0x08000130   0x00000000   Code   RO         1558  * .ARM.Collect$$$$00000000  mc_w.l(entry.o)
    0x08000130   0x00000004   Code   RO         1923    .ARM.Collect$$$$00000001  mc_w.l(entry2.o)
    0x08000134   0x00000004   Code   RO         1926    .ARM.Collect$$$$00000004  mc_w.l(entry5.o)
    0x08000138   0x00000000   Code   RO         1928    .ARM.Collect$$$$00000008  mc_w.l(entry7b.o)
    0x08000138   0x00000000   Code   RO         1930    .ARM.Collect$$$$0000000A  mc_w.l(entry8b.o)
    0x08000138   0x00000008   Code   RO         1931    .ARM.Collect$$$$0000000B  mc_w.l(entry9a.o)
    0x08000140   0x00000000   Code   RO         1933    .ARM.Collect$$$$0000000D  mc_w.l(entry10a.o)
    0x08000140   0x00000000   Code   RO         1935    .ARM.Collect$$$$0000000F  mc_w.l(entry11a.o)
    0x08000140   0x00000004   Code   RO         1924    .ARM.Collect$$$$00002712  mc_w.l(entry2.o)
    0x08000144   0x00000040   Code   RO           10    .emb_text           core_cm3.o
    0x08000184   0x00000024   Code   RO            4    .text               startup_stm32f10x_hd.o
    0x080001a8   0x00000280   Code   RO           24    .text               system_stm32f10x.o
    0x08000428   0x00000254   Code   RO           88    .text               stm32f10x_dma.o
    0x0800067c   0x0000011c   Code   RO          140    .text               stm32f10x_exti.o
    0x08000798   0x000005bc   Code   RO          155    .text               stm32f10x_flash.o
    0x08000d54   0x0000035c   Code   RO          170    .text               stm32f10x_gpio.o
    0x080010b0   0x00000040   Code   RO          185    .text               stm32f10x_iwdg.o
    0x080010f0   0x00000500   Code   RO          197    .text               stm32f10x_rcc.o
    0x080015f0   0x00000148   Code   RO          214    .text               stm32f10x_rtc.o
    0x08001738   0x00000354   Code   RO          226    .text               stm32f10x_spi.o
    0x08001a8c   0x00000e1a   Code   RO          241    .text               stm32f10x_tim.o
    0x080028a6   0x00000002   PAD
    0x080028a8   0x00000408   Code   RO          256    .text               stm32f10x_usart.o
    0x08002cb0   0x00000088   Code   RO          271    .text               stm32f10x_wwdg.o
    0x08002d38   0x000000c4   Code   RO          283    .text               stm32f10x_bkp.o
    0x08002dfc   0x000000dc   Code   RO          298    .text               misc.o
    0x08002ed8   0x000000cc   Code   RO          313    .text               stm32f10x_pwr.o
    0x08002fa4   0x00000494   Code   RO          328    .text               segger_rtt.o
    0x08003438   0x00000488   Code   RO          353    .text               segger_rtt_printf.o
    0x080038c0   0x0000022c   Code   RO          372    .text               bsp.o
    0x08003aec   0x0000006c   Code   RO          449    .text               bsp_isr.o
    0x08003b58   0x000000e8   Code   RO          481    .text               delay.o
    0x08003c40   0x000000b0   Code   RO          495    .text               bsp_leds.o
    0x08003cf0   0x0000004a   Code   RO          541    .text               stm32_it_config.o
    0x08003d3a   0x00000002   PAD
    0x08003d3c   0x0000024c   Code   RO          560    .text               stm32_usart2_gtway.o
    0x08003f88   0x0000004e   Code   RO          578    .text               stm32_reset.o
    0x08003fd6   0x00000002   PAD
    0x08003fd8   0x00000138   Code   RO          590    .text               stm32_flash.o
    0x08004110   0x000003b4   Code   RO          605    .text               stm32_rtc.o
    0x080044c4   0x000001e0   Code   RO          622    .text               stm32f10x_it.o
    0x080046a4   0x00000d6c   Code   RO          658    .text               mrfi.o
    0x08005410   0x00000838   Code   RO          725    .text               sx1276-lora.o
    0x08005c48   0x000000fc   Code   RO          757    .text               main_swsn_ap.o
    0x08005d44   0x00001594   Code   RO          822    .text               sx1280.o
    0x080072d8   0x000002e4   Code   RO          847    .text               sx1280-hal.o
    0x080075bc   0x00000064   Code   RO          869    .text               sx1280-para.o
    0x08007620   0x000006f0   Code   RO          887    .text               nwk.o
    0x08007d10   0x00000adc   Code   RO          944    .text               nwk_api.o
    0x080087ec   0x000006f8   Code   RO          963    .text               nwk_frame.o
    0x08008ee4   0x00000108   Code   RO          982    .text               nwk_globals.o
    0x08008fec   0x00000290   Code   RO          997    .text               nwk_qmgmt.o
    0x0800927c   0x00000008   Code   RO         1011    .text               nwk_freq.o
    0x08009284   0x00000220   Code   RO         1023    .text               nwk_ioctl.o
    0x080094a4   0x00000204   Code   RO         1036    .text               nwk_join.o
    0x080096a8   0x000003d0   Code   RO         1051    .text               nwk_joinlist.o
    0x08009a78   0x00000590   Code   RO         1067    .text               nwk_link.o
    0x0800a008   0x00000108   Code   RO         1082    .text               nwk_mgmt.o
    0x0800a110   0x00000150   Code   RO         1096    .text               nwk_ping.o
    0x0800a260   0x00000008   Code   RO         1110    .text               nwk_security.o
    0x0800a268   0x000001c8   Code   RO         1122    .text               69_frm_proc.o
    0x0800a430   0x0000002c   Code   RO         1147    .text               usart_isr.o
    0x0800a45c   0x00000532   Code   RO         1159    .text               gtway_frm_proc.o
    0x0800a98e   0x00000002   PAD
    0x0800a990   0x0000011c   Code   RO         1174    .text               uart_frm_proc.o
    0x0800aaac   0x00000044   Code   RO         1187    .text               usart_share_info.o
    0x0800aaf0   0x00000534   Code   RO         1199    .text               usart2_dma_proc.o
    0x0800b024   0x00000468   Code   RO         1219    .text               firmware_info_proc.o
    0x0800b48c   0x00000778   Code   RO         1237    .text               usart1_dma_proc.o
    0x0800bc04   0x00000540   Code   RO         1256    .text               68_frm_proc.o
    0x0800c144   0x0000003e   Code   RO         1281    .text               ap_inner_fun.o
    0x0800c182   0x00000002   PAD
    0x0800c184   0x00000648   Code   RO         1293    .text               bui_pkg_fun.o
    0x0800c7cc   0x000003ec   Code   RO         1326    .text               net_frm_proc.o
    0x0800cbb8   0x0000078c   Code   RO         1358    .text               net_list_proc.o
    0x0800d344   0x00000830   Code   RO         1381    .text               net_para_fun.o
    0x0800db74   0x000005f0   Code   RO         1398    .text               net_status_fun.o
    0x0800e164   0x00000100   Code   RO         1417    .text               user_def_fun.o
    0x0800e264   0x00000328   Code   RO         1433    .text               67_frm_proc.o
    0x0800e58c   0x00000118   Code   RO         1449    .text               77_frm_proc.o
    0x0800e6a4   0x000005f0   Code   RO         1462    .text               88_frm_proc.o
    0x0800ec94   0x000002f0   Code   RO         1493    .text               ed_rx_buffer_fun.o
    0x0800ef84   0x00000688   Code   RO         1513    .text               ed_tx_buffer_fun.o
    0x0800f60c   0x000002c8   Code   RO         1528    .text               ed_tx_fail_buffer_fun.o
    0x0800f8d4   0x00000024   Code   RO         1561    .text               mc_w.l(rand.o)
    0x0800f8f8   0x00000040   Code   RO         1566    .text               mc_w.l(memmovea.o)
    0x0800f938   0x00000024   Code   RO         1568    .text               mc_w.l(memseta.o)
    0x0800f95c   0x0000000e   Code   RO         1570    .text               mc_w.l(strlen.o)
    0x0800f96a   0x0000001a   Code   RO         1572    .text               mc_w.l(memcmp.o)
    0x0800f984   0x00000038   Code   RO         1866    .text               mc_w.l(__0sscanf.o)
    0x0800f9bc   0x0000014c   Code   RO         1868    .text               mc_w.l(_scanf_int.o)
    0x0800fb08   0x000000b0   Code   RO         1870    .text               mf_w.l(fadd.o)
    0x0800fbb8   0x00000064   Code   RO         1872    .text               mf_w.l(fmul.o)
    0x0800fc1c   0x0000007c   Code   RO         1874    .text               mf_w.l(fdiv.o)
    0x0800fc98   0x000000e4   Code   RO         1876    .text               mf_w.l(dmul.o)
    0x0800fd7c   0x000000de   Code   RO         1878    .text               mf_w.l(ddiv.o)
    0x0800fe5a   0x00000012   Code   RO         1880    .text               mf_w.l(fflti.o)
    0x0800fe6c   0x0000000a   Code   RO         1882    .text               mf_w.l(ffltui.o)
    0x0800fe76   0x00000022   Code   RO         1884    .text               mf_w.l(dflti.o)
    0x0800fe98   0x0000001a   Code   RO         1886    .text               mf_w.l(dfltui.o)
    0x0800feb2   0x00000028   Code   RO         1888    .text               mf_w.l(ffixui.o)
    0x0800feda   0x00000032   Code   RO         1890    .text               mf_w.l(dfixui.o)
    0x0800ff0c   0x00000026   Code   RO         1892    .text               mf_w.l(f2d.o)
    0x0800ff32   0x00000038   Code   RO         1894    .text               mf_w.l(d2f.o)
    0x0800ff6a   0x00000020   Code   RO         1942    .text               mc_w.l(llushr.o)
    0x0800ff8a   0x0000001c   Code   RO         1953    .text               mc_w.l(_chval.o)
    0x0800ffa6   0x00000002   PAD
    0x0800ffa8   0x00000028   Code   RO         1955    .text               mc_w.l(scanf_char.o)
    0x0800ffd0   0x00000040   Code   RO         1957    .text               mc_w.l(_sgetc.o)
    0x08010010   0x00000000   Code   RO         1959    .text               mc_w.l(iusefp.o)
    0x08010010   0x0000006e   Code   RO         1960    .text               mf_w.l(fepilogue.o)
    0x0801007e   0x000000ba   Code   RO         1962    .text               mf_w.l(depilogue.o)
    0x08010138   0x0000014e   Code   RO         1964    .text               mf_w.l(dadd.o)
    0x08010286   0x0000002e   Code   RO         1966    .text               mf_w.l(dscalb.o)
    0x080102b4   0x00000030   Code   RO         1970    .text               mf_w.l(cdrcmple.o)
    0x080102e4   0x00000024   Code   RO         1972    .text               mc_w.l(init.o)
    0x08010308   0x0000001e   Code   RO         1974    .text               mc_w.l(llshl.o)
    0x08010326   0x00000024   Code   RO         1976    .text               mc_w.l(llsshr.o)
    0x0801034a   0x0000000a   Code   RO         1978    .text               mc_w.l(isspace_c.o)
    0x08010354   0x0000032c   Code   RO         1980    .text               mc_w.l(_scanf.o)
    0x08010680   0x000000a2   Code   RO         1982    .text               mf_w.l(dsqrt.o)
    0x08010722   0x00000002   PAD
    0x08010724   0x00000028   Code   RO         1986    .text               mc_w.l(ctype_c.o)
    0x0801074c   0x00000056   Code   RO         1997    .text               mc_w.l(__dczerorl2.o)
    0x080107a2   0x00000002   PAD
    0x080107a4   0x00000010   Code   RO         1579    i.__0printf$bare    mc_w.l(printfb.o)
    0x080107b4   0x00000028   Code   RO         1910    i.__ARM_fpclassify  m_ws.l(fpclassify.o)
    0x080107dc   0x000000aa   Code   RO         1912    i.__kernel_poly     m_ws.l(poly.o)
    0x08010886   0x00000002   PAD
    0x08010888   0x00000010   Code   RO         1896    i.__mathlib_dbl_divzero  m_ws.l(dunder.o)
    0x08010898   0x00000004   Code   RO         1898    i.__mathlib_dbl_infnan2  m_ws.l(dunder.o)
    0x0801089c   0x0000000c   Code   RO         1899    i.__mathlib_dbl_invalid  m_ws.l(dunder.o)
    0x080108a8   0x0000000e   Code   RO         1900    i.__mathlib_dbl_overflow  m_ws.l(dunder.o)
    0x080108b6   0x00000002   PAD
    0x080108b8   0x00000010   Code   RO         1902    i.__mathlib_dbl_underflow  m_ws.l(dunder.o)
    0x080108c8   0x0000000e   Code   RO         1991    i.__scatterload_copy  mc_w.l(handlers.o)
    0x080108d6   0x00000002   Code   RO         1992    i.__scatterload_null  mc_w.l(handlers.o)
    0x080108d8   0x0000000e   Code   RO         1993    i.__scatterload_zeroinit  mc_w.l(handlers.o)
    0x080108e6   0x00000002   PAD
    0x080108e8   0x0000000c   Code   RO         1948    i.__set_errno       mc_w.l(errno.o)
    0x080108f4   0x00000022   Code   RO         1586    i._printf_core      mc_w.l(printfb.o)
    0x08010916   0x00000002   PAD
    0x08010918   0x00000050   Code   RO         1838    i.free              mc_w.l(malloc.o)
    0x08010968   0x0000006c   Code   RO         1839    i.malloc            mc_w.l(malloc.o)
    0x080109d4   0x000009b8   Code   RO         1549    i.pow               m_ws.l(pow.o)
    0x0801138c   0x0000004c   Code   RO         1916    i.sqrt              m_ws.l(sqrt.o)
    0x080113d8   0x00000010   Data   RO          354    .constdata          segger_rtt_printf.o
    0x080113e8   0x00000018   Data   RO          607    .constdata          stm32_rtc.o
    0x08011400   0x00000018   Data   RO          660    .constdata          mrfi.o
    0x08011418   0x0000007a   Data   RO          727    .constdata          sx1276-lora.o
    0x08011492   0x00000002   PAD
    0x08011494   0x0000001c   Data   RO          824    .constdata          sx1280.o
    0x080114b0   0x000000fc   Data   RO          848    .constdata          sx1280-hal.o
    0x080115ac   0x00000003   Data   RO          945    .constdata          nwk_api.o
    0x080115af   0x00000001   PAD
    0x080115b0   0x00000018   Data   RO          964    .constdata          nwk_frame.o
    0x080115c8   0x0000000b   Data   RO          983    .constdata          nwk_globals.o
    0x080115d3   0x00000001   PAD
    0x080115d4   0x00000004   Data   RO         1053    .constdata          nwk_joinlist.o
    0x080115d8   0x00000010   Data   RO         1221    .constdata          firmware_info_proc.o
    0x080115e8   0x00000044   Data   RO         1257    .constdata          68_frm_proc.o
    0x0801162c   0x00000018   Data   RO         1382    .constdata          net_para_fun.o
    0x08011644   0x00000004   PAD
    0x08011648   0x00000088   Data   RO         1550    .constdata          m_ws.l(pow.o)
    0x080116d0   0x00000008   Data   RO         1914    .constdata          m_ws.l(qnan.o)
    0x080116d8   0x00000040   Data   RO         1987    .constdata          mc_w.l(ctype_c.o)
    0x08011718   0x00000009   Data   RO          330    .conststring        segger_rtt.o
    0x08011721   0x00000003   PAD
    0x08011724   0x00000020   Data   RO         1989    Region$$Table       anon$$obj.o


    Execution Region RW_IRAM1 (Base: 0x20000000, Size: 0x0000f1d0, Max: 0x00010000, ABSOLUTE, COMPRESSED[0x00000094])

    Base Addr    Size         Type   Attr      Idx    E Section Name        Object

    0x20000000   0x00000014   Data   RW           25    .data               system_stm32f10x.o
    0x20000014   0x00000014   Data   RW          198    .data               stm32f10x_rcc.o
    0x20000028   0x00000079   Data   RW          331    .data               segger_rtt.o
    0x200000a1   0x00000002   Data   RW          450    .data               bsp_isr.o
    0x200000a3   0x00000001   PAD
    0x200000a4   0x00000008   Data   RW          482    .data               delay.o
    0x200000ac   0x00000008   Data   RW          591    .data               stm32_flash.o
    0x200000b4   0x0000000a   Data   RW          608    .data               stm32_rtc.o
    0x200000be   0x0000003a   Data   RW          661    .data               mrfi.o
    0x200000f8   0x00000006   Data   RW          728    .data               sx1276-lora.o
    0x200000fe   0x00000002   PAD
    0x20000100   0x00000019   Data   RW          759    .data               main_swsn_ap.o
    0x20000119   0x00000003   PAD
    0x2000011c   0x00000020   Data   RW          825    .data               sx1280.o
    0x2000013c   0x00000025   Data   RW          870    .data               sx1280-para.o
    0x20000161   0x00000538   Data   RW          888    .data               nwk.o
    0x20000699   0x00000001   Data   RW          946    .data               nwk_api.o
    0x2000069a   0x00000002   PAD
    0x2000069c   0x00000017   Data   RW          965    .data               nwk_frame.o
    0x200006b3   0x00000010   Data   RW          984    .data               nwk_globals.o
    0x200006c3   0x00000001   PAD
    0x200006c4   0x00000012   Data   RW         1037    .data               nwk_join.o
    0x200006d6   0x00000001   Data   RW         1054    .data               nwk_joinlist.o
    0x200006d7   0x00000001   PAD
    0x200006d8   0x00000009   Data   RW         1069    .data               nwk_link.o
    0x200006e1   0x00000004   Data   RW         1083    .data               nwk_mgmt.o
    0x200006e5   0x00000001   Data   RW         1097    .data               nwk_ping.o
    0x200006e6   0x00000005   Data   RW         1160    .data               gtway_frm_proc.o
    0x200006eb   0x00000001   PAD
    0x200006ec   0x00000003   Data   RW         1201    .data               usart2_dma_proc.o
    0x200006ef   0x00000001   PAD
    0x200006f0   0x00000008   Data   RW         1222    .data               firmware_info_proc.o
    0x200006f8   0x00000003   Data   RW         1239    .data               usart1_dma_proc.o
    0x200006fb   0x00000002   Data   RW         1294    .data               bui_pkg_fun.o
    0x200006fd   0x00000003   PAD
    0x20000700   0x00000012   Data   RW         1327    .data               net_frm_proc.o
    0x20000712   0x00000002   PAD
    0x20000714   0x0000000c   Data   RW         1359    .data               net_list_proc.o
    0x20000720   0x00000001   Data   RW         1383    .data               net_para_fun.o
    0x20000721   0x00000001   Data   RW         1399    .data               net_status_fun.o
    0x20000722   0x00000002   PAD
    0x20000724   0x00000004   Data   RW         1418    .data               user_def_fun.o
    0x20000728   0x00000001   Data   RW         1435    .data               67_frm_proc.o
    0x20000729   0x00000003   PAD
    0x2000072c   0x0000000a   Data   RW         1464    .data               88_frm_proc.o
    0x20000736   0x00000001   Data   RW         1495    .data               ed_rx_buffer_fun.o
    0x20000737   0x00000001   PAD
    0x20000738   0x00000004   Data   RW         1515    .data               ed_tx_buffer_fun.o
    0x2000073c   0x00000004   Data   RW         1530    .data               ed_tx_fail_buffer_fun.o
    0x20000740   0x00000004   Data   RW         1562    .data               mc_w.l(rand.o)
    0x20000744   0x00000004   Data   RW         1937    .data               mc_w.l(stdout.o)
    0x20000748   0x00000004   Data   RW         1944    .data               mc_w.l(mvars.o)
    0x2000074c   0x00000004   Data   RW         1945    .data               mc_w.l(mvars.o)
    0x20000750   0x00000004   Data   RW         1949    .data               mc_w.l(errno.o)
    0x20000754   0x00000410   Zero   RW          329    .bss                segger_rtt.o
    0x20000b64   0x0000000c   Zero   RW          606    .bss                stm32_rtc.o
    0x20000b70   0x0000044b   Zero   RW          659    .bss                mrfi.o
    0x20000fbb   0x000001fe   Zero   RW          726    .bss                sx1276-lora.o
    0x200011b9   0x0000011e   Zero   RW          823    .bss                sx1280.o
    0x200012d7   0x00001290   Zero   RW          998    .bss                nwk_qmgmt.o
    0x20002567   0x0000044c   Zero   RW         1052    .bss                nwk_joinlist.o
    0x200029b3   0x00000064   Zero   RW         1068    .bss                nwk_link.o
    0x20002a17   0x00000001   PAD
    0x20002a18   0x00000876   Zero   RW         1200    .bss                usart2_dma_proc.o
    0x2000328e   0x00000040   Zero   RW         1220    .bss                firmware_info_proc.o
    0x200032ce   0x00000912   Zero   RW         1238    .bss                usart1_dma_proc.o
    0x20003be0   0x000001b8   Zero   RW         1434    .bss                67_frm_proc.o
    0x20003d98   0x00000800   Zero   RW         1463    .bss                88_frm_proc.o
    0x20004598   0x00000fdc   Zero   RW         1494    .bss                ed_rx_buffer_fun.o
    0x20005574   0x00002c68   Zero   RW         1514    .bss                ed_tx_buffer_fun.o
    0x200081dc   0x00000ff0   Zero   RW         1529    .bss                ed_tx_fail_buffer_fun.o
    0x200091cc   0x00000004   PAD
    0x200091d0   0x00001800   Zero   RW            2    HEAP                startup_stm32f10x_hd.o
    0x2000a9d0   0x00004800   Zero   RW            1    STACK               startup_stm32f10x_hd.o


==============================================================================

Image component sizes


      Code (inc. data)   RO Data    RW Data    ZI Data      Debug   Object Name

       808         36          0          1        440       3371   67_frm_proc.o
      1344        110         68          0          0       5985   68_frm_proc.o
       456          4          0          0          0       2307   69_frm_proc.o
       280          0          0          0          0       3040   77_frm_proc.o
      1520         66          0         10       2048       7208   88_frm_proc.o
        62          0          0          0          0       1196   ap_inner_fun.o
       556         12          0          0          0      20417   bsp.o
       108          8          0          2          0       3066   bsp_isr.o
       176         12          0          0          0       3153   bsp_leds.o
      1608         12          0          2          0       6132   bui_pkg_fun.o
        64          8          0          0          0       5260   core_cm3.o
       232         10          0          8          0       1215   delay.o
       752        100          0          1       4060       3455   ed_rx_buffer_fun.o
      1672         58          0          4      11368       7121   ed_tx_buffer_fun.o
       712         22          0          4       4080       3391   ed_tx_fail_buffer_fun.o
      1128        126         16          8         64       5651   firmware_info_proc.o
      1330          8          0          5          0       5485   gtway_frm_proc.o
       252         80          0         25          0       7436   main_swsn_ap.o
       220         22          0          0          0       3733   misc.o
      3436        464         24         58       1099      32328   mrfi.o
      1004         70          0         18          0       4499   net_frm_proc.o
      1932         46          0         12          0       8144   net_list_proc.o
      2096         44         24          1          0       9206   net_para_fun.o
      1520         20          0          1          0       8087   net_status_fun.o
      1776         10          0       1336          0      16140   nwk.o
      2780         52          3          1          0       9479   nwk_api.o
      1784         64         24         23          0       6816   nwk_frame.o
         8          0          0          0          0       1271   nwk_freq.o
       264         44         11         16          0       3442   nwk_globals.o
       544          6          0          0          0       3676   nwk_ioctl.o
       516         30          0         18          0       3952   nwk_join.o
       976         42          4          1       1100       5163   nwk_joinlist.o
      1424         86          0          9        100       6116   nwk_link.o
       264         10          0          4          0       2353   nwk_mgmt.o
       336          6          0          1          0       2600   nwk_ping.o
       656         10          0          0       4752       4234   nwk_qmgmt.o
         8          0          0          0          0       1211   nwk_security.o
      1172         14          9        121       1040       5257   segger_rtt.o
      1160         16         16          0          0       5072   segger_rtt_printf.o
        36          8        304          0      24576        928   startup_stm32f10x_hd.o
       312         10          0          8          0       2258   stm32_flash.o
        74          0          0          0          0        581   stm32_it_config.o
        78          0          0          0          0        718   stm32_reset.o
       948         34         24         10         12       3687   stm32_rtc.o
       588         42          0          0          0       5852   stm32_usart2_gtway.o
       196          8          0          0          0       3564   stm32f10x_bkp.o
       596          8          0          0          0      27826   stm32f10x_dma.o
       284         10          0          0          0       4671   stm32f10x_exti.o
      1468         34          0          0          0      14634   stm32f10x_flash.o
       860         38          0          0          0      14273   stm32f10x_gpio.o
       480        302          0          0          0       1578   stm32f10x_it.o
        64          6          0          0          0       1305   stm32f10x_iwdg.o
       204         14          0          0          0       1959   stm32f10x_pwr.o
      1280         60          0         20          0      24782   stm32f10x_rcc.o
       328          4          0          0          0       2706   stm32f10x_rtc.o
       852         20          0          0          0      13750   stm32f10x_spi.o
      3610         88          0          0          0      42740   stm32f10x_tim.o
      1032         22          0          0          0      14672   stm32f10x_usart.o
       136         10          0          0          0       2396   stm32f10x_wwdg.o
      2104         80        122          6        510      10091   sx1276-lora.o
       740         16        252          0          0       7349   sx1280-hal.o
       100         38          0         37          0       2031   sx1280-para.o
      5524        192         28         32        286      17954   sx1280.o
       640         44          0         20          0     268291   system_stm32f10x.o
       284         26          0          0          0       2212   uart_frm_proc.o
      1912         88          0          3       2322       6749   usart1_dma_proc.o
      1332         82          0          3       2166       4733   usart2_dma_proc.o
        44          4          0          0          0        642   usart_isr.o
        68          0          0          0          0       1333   usart_share_info.o
       256          4          0          4          0       2656   user_def_fun.o

    ----------------------------------------------------------------------
     63376       3020        972       1856      60028     746589   Object Totals
         0          0         32          0          0          0   (incl. Generated)
        10          0         11         23          5          0   (incl. Padding)

    ----------------------------------------------------------------------

      Code (inc. data)   RO Data    RW Data    ZI Data      Debug   Library Member Name

        62         10          0          0          0        340   dunder.o
        40          0          0          0          0         68   fpclassify.o
       170          0          0          0          0         96   poly.o
      2488        190        136          0          0        300   pow.o
         0          0          8          0          0          0   qnan.o
        76          0          0          0          0         84   sqrt.o
        56          8          0          0          0         84   __0sscanf.o
        86          0          0          0          0          0   __dczerorl2.o
        28          0          0          0          0         68   _chval.o
       812          4          0          0          0        112   _scanf.o
       332          0          0          0          0         96   _scanf_int.o
        64          0          0          0          0         84   _sgetc.o
        40          6         64          0          0         68   ctype_c.o
         0          0          0          0          0          0   entry.o
         0          0          0          0          0          0   entry10a.o
         0          0          0          0          0          0   entry11a.o
         8          4          0          0          0          0   entry2.o
         4          0          0          0          0          0   entry5.o
         0          0          0          0          0          0   entry7b.o
         0          0          0          0          0          0   entry8b.o
         8          4          0          0          0          0   entry9a.o
        12          6          0          4          0         68   errno.o
        30          0          0          0          0          0   handlers.o
        36          8          0          0          0         68   init.o
        10          0          0          0          0         68   isspace_c.o
         0          0          0          0          0          0   iusefp.o
        30          0          0          0          0         68   llshl.o
        36          0          0          0          0         68   llsshr.o
        32          0          0          0          0         68   llushr.o
       188         20          0          0          0        160   malloc.o
        26          0          0          0          0         80   memcmp.o
        64          0          0          0          0         76   memmovea.o
        36          0          0          0          0        108   memseta.o
         0          0          0          8          0          0   mvars.o
        50          8          0          0          0        152   printfb.o
        36         10          0          4          0        136   rand.o
        40          8          0          0          0         84   scanf_char.o
         0          0          0          4          0          0   stdout.o
        14          0          0          0          0         68   strlen.o
        48          0          0          0          0         68   cdrcmple.o
        56          0          0          0          0         88   d2f.o
       334          0          0          0          0        148   dadd.o
       222          0          0          0          0        100   ddiv.o
       186          0          0          0          0        176   depilogue.o
        50          0          0          0          0         76   dfixui.o
        34          0          0          0          0         76   dflti.o
        26          0          0          0          0         76   dfltui.o
       228          0          0          0          0         96   dmul.o
        46          0          0          0          0         80   dscalb.o
       162          0          0          0          0        100   dsqrt.o
        38          0          0          0          0         68   f2d.o
       176          0          0          0          0        140   fadd.o
       124          0          0          0          0         88   fdiv.o
       110          0          0          0          0        168   fepilogue.o
        40          0          0          0          0         68   ffixui.o
        18          0          0          0          0         68   fflti.o
        10          0          0          0          0         68   ffltui.o
       100          0          0          0          0         76   fmul.o

    ----------------------------------------------------------------------
      6936        286        208         20          0       4500   Library Totals
        14          0          0          0          0          0   (incl. Padding)

    ----------------------------------------------------------------------

      Code (inc. data)   RO Data    RW Data    ZI Data      Debug   Library Name

      2836        200        144          0          0        888   m_ws.l
      2078         86         64         20          0       1784   mc_w.l
      2008          0          0          0          0       1828   mf_w.l

    ----------------------------------------------------------------------
      6936        286        208         20          0       4500   Library Totals

    ----------------------------------------------------------------------

==============================================================================


      Code (inc. data)   RO Data    RW Data    ZI Data      Debug   

     70312       3306       1180       1876      60028     741753   Grand Totals
     70312       3306       1180        148      60028     741753   ELF Image Totals (compressed)
     70312       3306       1180        148          0          0   ROM Totals

==============================================================================

    Total RO  Size (Code + RO Data)                71492 (  69.82kB)
    Total RW  Size (RW Data + ZI Data)             61904 (  60.45kB)
    Total ROM Size (Code + RO Data + RW Data)      71640 (  69.96kB)

==============================================================================

