Component: ARM Compiler 5.05 update 1 (build 106) Tool: armlink [4d0efa]

==============================================================================

Section Cross References

    startup_stm32f10x_hd.o(RESET) refers to startup_stm32f10x_hd.o(STACK) for __initial_sp
    startup_stm32f10x_hd.o(RESET) refers to startup_stm32f10x_hd.o(.text) for Reset_Handler
    startup_stm32f10x_hd.o(RESET) refers to stm32f10x_it.o(.text) for NMI_Handler
    startup_stm32f10x_hd.o(RESET) refers to bsp_isr.o(.text) for RTC_IRQHandler
    startup_stm32f10x_hd.o(RESET) refers to mrfi.o(.text) for EXTI1_IRQHandler
    startup_stm32f10x_hd.o(RESET) refers to usart2_dma_proc.o(.text) for TIM4_IRQHandler
    startup_stm32f10x_hd.o(RESET) refers to usart_isr.o(.text) for USART2_IRQHandler
    startup_stm32f10x_hd.o(.text) refers to system_stm32f10x.o(.text) for SystemInit
    startup_stm32f10x_hd.o(.text) refers to entry.o(.ARM.Collect$$$$00000000) for __main
    system_stm32f10x.o(.text) refers to system_stm32f10x.o(.data) for SystemCoreClock
    stm32f10x_gpio.o(.text) refers to stm32f10x_rcc.o(.text) for RCC_APB2PeriphResetCmd
    stm32f10x_rcc.o(.text) refers to stm32f10x_rcc.o(.data) for APBAHBPrescTable
    stm32f10x_spi.o(.text) refers to stm32f10x_rcc.o(.text) for RCC_APB2PeriphResetCmd
    stm32f10x_tim.o(.text) refers to stm32f10x_rcc.o(.text) for RCC_APB2PeriphResetCmd
    stm32f10x_usart.o(.text) refers to stm32f10x_rcc.o(.text) for RCC_APB2PeriphResetCmd
    stm32f10x_wwdg.o(.text) refers to stm32f10x_rcc.o(.text) for RCC_APB1PeriphResetCmd
    stm32f10x_bkp.o(.text) refers to stm32f10x_rcc.o(.text) for RCC_BackupResetCmd
    stm32f10x_pwr.o(.text) refers to stm32f10x_rcc.o(.text) for RCC_APB1PeriphResetCmd
    bsp.o(.text) refers to misc.o(.text) for NVIC_Init
    bsp.o(.text) refers to stm32f10x_rcc.o(.text) for RCC_APB2PeriphClockCmd
    bsp.o(.text) refers to stm32f10x_tim.o(.text) for TIM_DeInit
    bsp.o(.text) refers to system_stm32f10x.o(.text) for SystemInit
    bsp.o(.text) refers to stm32_beep.o(.text) for BSP_BEEP_Init
    bsp.o(.text) refers to bsp_leds.o(.text) for bsp_initleds
    bsp.o(.text) refers to delay.o(.text) for delay_init
    bsp.o(.text) refers to stm32_rtc.o(.text) for Init_RTC
    bsp.o(.text) refers to stm32_usart2_gtway.o(.text) for Usart2_Configuration
    bsp.o(.text) refers to stm32f10x_iwdg.o(.text) for IWDG_ReloadCounter
    bsp_isr.o(.text) refers to stm32f10x_rtc.o(.text) for RTC_GetITStatus
    bsp_isr.o(.text) refers to stm32_rtc.o(.text) for Time_Get
    bsp_isr.o(.text) refers to nwk_qmgmt.o(.text) for nwk_QfindAppFrame
    bsp_isr.o(.text) refers to ed_rx_buffer_fun.o(.text) for Find_ed_info_in_rx_buffer
    bsp_isr.o(.text) refers to ed_tx_fail_buffer_fun.o(.text) for Find_ed_info_in_tx_fail_buffer
    bsp_isr.o(.text) refers to bsp_leds.o(.text) for BSP_TOGGLE_LED4
    bsp_isr.o(.text) refers to delay.o(.text) for delay_ms
    bsp_isr.o(.text) refers to stm32f10x_iwdg.o(.text) for IWDG_ReloadCounter
    bsp_isr.o(.text) refers to stm32f10x_gpio.o(.text) for GPIO_ReadInputDataBit
    bsp_isr.o(.text) refers to stm32f10x_exti.o(.text) for EXTI_ClearITPendingBit
    bsp_isr.o(.text) refers to stm32_rtc.o(.bss) for real_time
    bsp_isr.o(.text) refers to bsp_isr.o(.data) for sendBroadFlag
    bsp_isr.o(.text) refers to tcp_demo.o(.data) for No_Commu_Sever_sec
    bsp_isr.o(.text) refers to net_frm_proc.o(.data) for net_frm_cur_num
    bsp_isr.o(.text) refers to ed_rx_buffer_fun.o(.data) for app_frm_num
    bsp_isr.o(.text) refers to ed_tx_fail_buffer_fun.o(.data) for tx_fail_frm_num
    delay.o(.text) refers to stm32f10x_iwdg.o(.text) for IWDG_ReloadCounter
    delay.o(.text) refers to delay.o(.data) for us_value
    bsp_leds.o(.text) refers to stm32f10x_rcc.o(.text) for RCC_APB2PeriphClockCmd
    bsp_leds.o(.text) refers to stm32f10x_gpio.o(.text) for GPIO_Init
    stm32_beep.o(.text) refers to stm32f10x_rcc.o(.text) for RCC_APB2PeriphClockCmd
    stm32_beep.o(.text) refers to stm32f10x_gpio.o(.text) for GPIO_Init
    stm32_it_config.o(.text) refers to misc.o(.text) for NVIC_SetVectorTable
    stm32_it_config.o(.text) refers to stm32f10x_rcc.o(.text) for RCC_APB2PeriphClockCmd
    stm32_it_config.o(.text) refers to stm32f10x_gpio.o(.text) for GPIO_Init
    stm32_it_config.o(.text) refers to stm32f10x_exti.o(.text) for EXTI_Init
    stm32_it_config.o(.text) refers to mrfi.o(.data) for IRQ_INT_FLAG
    stm32_usart2_gtway.o(.text) refers to stm32f10x_rcc.o(.text) for RCC_APB1PeriphClockCmd
    stm32_usart2_gtway.o(.text) refers to stm32f10x_gpio.o(.text) for GPIO_Init
    stm32_usart2_gtway.o(.text) refers to stm32f10x_usart.o(.text) for USART_DeInit
    stm32_usart2_gtway.o(.text) refers to misc.o(.text) for NVIC_SetVectorTable
    stm32_reset.o(.text) refers to stm32f10x_rcc.o(.text) for RCC_APB1PeriphClockCmd
    stm32_reset.o(.text) refers to stm32f10x_wwdg.o(.text) for WWDG_SetPrescaler
    stm32_reset.o(.text) refers to stm32f10x_iwdg.o(.text) for IWDG_WriteAccessCmd
[...]
    Mrfi_GetRxFifoCount                      0x0800673d   Thumb Code    26  mrfi.o(.text)
    Mrfi_ClearAllPacketHandlerFlags          0x08006757   Thumb Code    28  mrfi.o(.text)
    MRFI_Sleep                               0x08006843   Thumb Code    34  mrfi.o(.text)
    MRFI_WakeUp                              0x08006865   Thumb Code    14  mrfi.o(.text)
    MRFI_GpioIsr                             0x08006873   Thumb Code    52  mrfi.o(.text)
    MRFI_Rssi                                0x080068a7   Thumb Code    20  mrfi.o(.text)
    MRFI_ReplyDelay                          0x080068fb   Thumb Code    84  mrfi.o(.text)
    MRFI_PostKillSem                         0x0800694f   Thumb Code    14  mrfi.o(.text)
    MRFI_GetRadioState                       0x0800695d   Thumb Code     6  mrfi.o(.text)
    MRFI_getFrameTransmissionCount           0x08006963   Thumb Code     6  mrfi.o(.text)
    MRFI_getFrameReceiveCount                0x08006969   Thumb Code     6  mrfi.o(.text)
    MRFI_GetChannelNum                       0x0800696f   Thumb Code     6  mrfi.o(.text)
    Mrfi_SpiWaitforCTS                       0x08006975   Thumb Code    12  mrfi.o(.text)
    Mrfi_GetTxFifoSpace                      0x08006981   Thumb Code    26  mrfi.o(.text)
    Mrfi_GetProperty                         0x0800699b   Thumb Code    42  mrfi.o(.text)
    MRFI_SetRxAddrFilter                     0x080069c5   Thumb Code    86  mrfi.o(.text)
    MRFI_EnableRxAddrFilter                  0x08006a1b   Thumb Code     8  mrfi.o(.text)
    MRFI_DisableRxAddrFilter                 0x08006a23   Thumb Code     8  mrfi.o(.text)
    EXTI1_IRQHandler                         0x08006a2b   Thumb Code    18  mrfi.o(.text)
    nwk_nwkInit                              0x08006a49   Thumb Code   142  nwk.o(.text)
    nwk_getNextConnection                    0x08006b43   Thumb Code    80  nwk.o(.text)
    nwk_freeConnection                       0x08006b93   Thumb Code     8  nwk.o(.text)
    nwk_getConnInfo                          0x08006b9b   Thumb Code    62  nwk.o(.text)
    nwk_isLinkDuplicate                      0x08006bd9   Thumb Code    60  nwk.o(.text)
    nwk_findAddressMatch                     0x08006c15   Thumb Code    48  nwk.o(.text)
    nwk_getLinkIdByAddress                   0x08006c45   Thumb Code    48  nwk.o(.text)
    nwk_getAddressByLinkId                   0x08006c75   Thumb Code    16  nwk.o(.text)
    nwk_getSFInfoPtr                         0x08006c85   Thumb Code     6  nwk.o(.text)
    nwk_saveJoinedDevice                     0x08006c8b   Thumb Code    78  nwk.o(.text)
    nwk_findAlreadyJoined                    0x08006cd9   Thumb Code    54  nwk.o(.text)
    nwk_checkConnInfo                        0x08006d0f   Thumb Code    34  nwk.o(.text)
    nwk_isConnectionValid                    0x08006d31   Thumb Code   138  nwk.o(.text)
    nwk_allocateLocalRxPort                  0x08006dbb   Thumb Code   224  nwk.o(.text)
    nwk_isValidReply                         0x08006e9b   Thumb Code    72  nwk.o(.text)
    nwk_findPeer                             0x08006ee3   Thumb Code    60  nwk.o(.text)
    nwk_checkAppMsgTID                       0x08006f1f   Thumb Code    36  nwk.o(.text)
    nwk_getNumObjectFromMsg                  0x08006f43   Thumb Code    44  nwk.o(.text)
    nwk_putNumObjectIntoMsg                  0x08006f6f   Thumb Code    64  nwk.o(.text)
    nwk_NVObj                                0x08006faf   Thumb Code     6  nwk.o(.text)
    nwk_resetUnlinkedED                      0x08006fb5   Thumb Code    76  nwk.o(.text)
    nwk_resetlinkedED                        0x08007001   Thumb Code    56  nwk.o(.text)
    nwk_getEDState                           0x08007039   Thumb Code    64  nwk.o(.text)
    nwk_getEDbasicInfo                       0x08007079   Thumb Code   186  nwk.o(.text)
    SMPL_Init                                0x08007139   Thumb Code    52  nwk_api.o(.text)
    SMPL_LinkListen                          0x0800716d   Thumb Code   102  nwk_api.o(.text)
    SMPL_SendOpt                             0x080071d3   Thumb Code   260  nwk_api.o(.text)
    SMPL_Send                                0x080072d7   Thumb Code    22  nwk_api.o(.text)
    SMPL_Receive                             0x080072ed   Thumb Code    72  nwk_api.o(.text)
    SMPL_Link                                0x08007335   Thumb Code    12  nwk_api.o(.text)
    SMPL_Unlink                              0x08007341   Thumb Code    12  nwk_api.o(.text)
    SMPL_Ping                                0x0800734d   Thumb Code    12  nwk_api.o(.text)
    SMPL_Commission                          0x08007359   Thumb Code    98  nwk_api.o(.text)
    SMPL_Ioctl                               0x080073d5   Thumb Code   318  nwk_api.o(.text)
    nwk_getEDRssi                            0x08007513   Thumb Code    42  nwk_api.o(.text)
    nwk_getRemoterRssi                       0x0800753d   Thumb Code    24  nwk_api.o(.text)
    recv_user_msg                            0x08007555   Thumb Code    34  nwk_api.o(.text)
    recv_bcast_msg                           0x08007577   Thumb Code    28  nwk_api.o(.text)
    send_user_msg                            0x08007593   Thumb Code    36  nwk_api.o(.text)
    send_bcast_msg                           0x080075b7   Thumb Code    30  nwk_api.o(.text)
    SWSN_DELAY                               0x080075d5   Thumb Code    12  nwk_api.o(.text)
    SWSN_init                                0x080075e1   Thumb Code    12  nwk_api.o(.text)
    sysinfo_to_flash                         0x080075ed   Thumb Code   720  nwk_api.o(.text)
    refresh_info_in_sysinfo                  0x080078bd   Thumb Code   120  nwk_api.o(.text)
    sysinfo_from_flash                       0x08007935   Thumb Code   600  nwk_api.o(.text)
    SEGGER_RTT_print_sysinfo                 0x08007b8d   Thumb Code     2  nwk_api.o(.text)
    SWSN_LinkListen                          0x08007b8f   Thumb Code    22  nwk_api.o(.text)
    SWSN_DeleteEDByLid                       0x08007ba5   Thumb Code    18  nwk_api.o(.text)
    SWSN_DeleteEDByMAC                       0x08007bb7   Thumb Code    70  nwk_api.o(.text)
    nwk_frameInit                            0x08007c09   Thumb Code    48  nwk_frame.o(.text)
    nwk_buildFrame                           0x08007c39   Thumb Code   188  nwk_frame.o(.text)
    nwk_buildAckReqFrame                     0x08007cf5   Thumb Code    60  nwk_frame.o(.text)
    isDupSandFFrame                          0x08007d31   Thumb Code   114  nwk_frame.o(.text)
    nwk_replayRmoterFrame                    0x08007da3   Thumb Code    38  nwk_frame.o(.text)
    MRFI_RxCompleteISR                       0x08007f47   Thumb Code    84  nwk_frame.o(.text)
    nwk_retrieveFrame                        0x08007f9b   Thumb Code   198  nwk_frame.o(.text)
    nwk_sendFrame                            0x08008061   Thumb Code    48  nwk_frame.o(.text)
    nwk_getMyRxType                          0x08008091   Thumb Code     6  nwk_frame.o(.text)
    nwk_sendAckReply                         0x08008097   Thumb Code   206  nwk_frame.o(.text)
    nwk_replayFrame                          0x08008165   Thumb Code    56  nwk_frame.o(.text)
    nwk_getSandFFrame                        0x0800819d   Thumb Code   102  nwk_frame.o(.text)
    nwk_SendEmptyPollRspFrame                0x08008203   Thumb Code   214  nwk_frame.o(.text)
    nwk_getFrameReceiveCount                 0x080082d9   Thumb Code     6  nwk_frame.o(.text)
    nwk_globalsInit                          0x080082f5   Thumb Code    70  nwk_globals.o(.text)
    nwk_getMyAddress                         0x0800833b   Thumb Code    14  nwk_globals.o(.text)
    nwk_getMyType                            0x08008349   Thumb Code    14  nwk_globals.o(.text)
    nwk_getFWVersion                         0x08008357   Thumb Code     4  nwk_globals.o(.text)
    nwk_getProtocolVersion                   0x0800835b   Thumb Code     8  nwk_globals.o(.text)
    nwk_setMyAddress                         0x08008363   Thumb Code    26  nwk_globals.o(.text)
    nwk_setMyType                            0x0800837d   Thumb Code    26  nwk_globals.o(.text)
    nwk_setAPAddress                         0x08008397   Thumb Code     8  nwk_globals.o(.text)
    nwk_getAPAddress                         0x0800839f   Thumb Code    26  nwk_globals.o(.text)
    nwk_getBCastAddress                      0x080083b9   Thumb Code     4  nwk_globals.o(.text)
    nwk_getRemoterAddress                    0x080083bd   Thumb Code     4  nwk_globals.o(.text)
    nwk_getMyIPAddress                       0x080083c1   Thumb Code     4  nwk_globals.o(.text)
    nwk_setMyIPAddress                       0x080083c5   Thumb Code    12  nwk_globals.o(.text)
    nwk_QInit                                0x080083fd   Thumb Code    22  nwk_qmgmt.o(.text)
    nwk_QadjustOrder                         0x08008413   Thumb Code    74  nwk_qmgmt.o(.text)
    nwk_QfindSlot                            0x0800845d   Thumb Code   164  nwk_qmgmt.o(.text)
    nwk_QfindOldest                          0x08008501   Thumb Code   322  nwk_qmgmt.o(.text)
    nwk_getQ                                 0x08008643   Thumb Code    14  nwk_qmgmt.o(.text)
    nwk_QfindAppFrame                        0x08008651   Thumb Code    48  nwk_qmgmt.o(.text)
    nwk_freqInit                             0x08008689   Thumb Code     2  nwk_freq.o(.text)
    nwk_processFreq                          0x0800868b   Thumb Code     6  nwk_freq.o(.text)
    nwk_rawSend                              0x08008691   Thumb Code    72  nwk_ioctl.o(.text)
    nwk_rawReceive                           0x080086d9   Thumb Code    36  nwk_ioctl.o(.text)
    nwk_radioControl                         0x080086fd   Thumb Code   154  nwk_ioctl.o(.text)
    nwk_joinContext                          0x08008797   Thumb Code    24  nwk_ioctl.o(.text)
    nwk_deviceAddress                        0x080087af   Thumb Code    40  nwk_ioctl.o(.text)
    nwk_deviceType                           0x080087d7   Thumb Code    40  nwk_ioctl.o(.text)
    nwk_deviceIPAddress                      0x080087ff   Thumb Code    40  nwk_ioctl.o(.text)
    nwk_connectionControl                    0x08008827   Thumb Code   132  nwk_ioctl.o(.text)
    nwk_joinInit                             0x080088b5   Thumb Code    58  nwk_join.o(.text)
    nwk_setJoinToken                         0x080088ef   Thumb Code     8  nwk_join.o(.text)
    nwk_getJoinToken                         0x080088f7   Thumb Code    10  nwk_join.o(.text)
    nwk_isSandFClient                        0x08008901   Thumb Code    58  nwk_join.o(.text)
    nwk_join                                 0x08008a1b   Thumb Code     4  nwk_join.o(.text)
    nwk_setJoinContext                       0x08008a1f   Thumb Code    16  nwk_join.o(.text)
    nwk_processJoin                          0x08008a53   Thumb Code    60  nwk_join.o(.text)
    nwk_joinList_init                        0x08008aad   Thumb Code    96  nwk_joinlist.o(.text)
    nwk_joinList_deInit                      0x08008b0d   Thumb Code    28  nwk_joinlist.o(.text)
    nwk_joinList_IPConflict                  0x08008b29   Thumb Code    48  nwk_joinlist.o(.text)
    nwk_joinList_assignIP                    0x08008b59   Thumb Code    92  nwk_joinlist.o(.text)
    nwk_joinList_add                         0x08008be3   Thumb Code   106  nwk_joinlist.o(.text)
    nwk_joinList_del                         0x08008c4d   Thumb Code    84  nwk_joinlist.o(.text)
    nwk_joinList_save                        0x08008ca1   Thumb Code   166  nwk_joinlist.o(.text)
    nwk_joinList_isFound                     0x08008d47   Thumb Code    22  nwk_joinlist.o(.text)
    nwk_joinList_get                         0x08008d5d   Thumb Code     4  nwk_joinlist.o(.text)
    nwk_joinList_searchIP                    0x08008d61   Thumb Code    66  nwk_joinlist.o(.text)
    nwk_getAPandTotalEDInfor                 0x08008da3   Thumb Code   170  nwk_joinlist.o(.text)
    nwk_linkInit                             0x08008e5d   Thumb Code    36  nwk_link.o(.text)
    nwk_setLinkToken                         0x08008e81   Thumb Code     8  nwk_link.o(.text)
    nwk_getLinkToken                         0x08008e89   Thumb Code    10  nwk_link.o(.text)
    nwk_unlink                               0x08008e93   Thumb Code   204  nwk_link.o(.text)
    nwk_link                                 0x08008f5f   Thumb Code   310  nwk_link.o(.text)
    nwk_setDuplicateLinkFlag                 0x080090e1   Thumb Code     8  nwk_link.o(.text)
    nwk_setDuplicateLinkLid                  0x080090e9   Thumb Code     6  nwk_link.o(.text)
    nwk_processLink                          0x0800930b   Thumb Code    50  nwk_link.o(.text)
    nwk_setListenContext                     0x0800933d   Thumb Code    14  nwk_link.o(.text)
    nwk_getLocalLinkID                       0x0800934b   Thumb Code    82  nwk_link.o(.text)
    nwk_getDuplicateLinkLid                  0x0800939d   Thumb Code     6  nwk_link.o(.text)
    nwk_clearDuplicateLinkFlag               0x080093a3   Thumb Code     8  nwk_link.o(.text)
    nwk_isExistDuplicateLinkED               0x080093ab   Thumb Code     6  nwk_link.o(.text)
    nwk_mgmtInit                             0x080093c9   Thumb Code    20  nwk_mgmt.o(.text)
    nwk_processMgmt                          0x08009473   Thumb Code    76  nwk_mgmt.o(.text)
    nwk_resetSFMarker                        0x080094bf   Thumb Code     8  nwk_mgmt.o(.text)
    nwk_pingInit                             0x080094d1   Thumb Code    12  nwk_ping.o(.text)
    nwk_ping                                 0x080094dd   Thumb Code   192  nwk_ping.o(.text)
    nwk_processPing                          0x080095e9   Thumb Code    50  nwk_ping.o(.text)
    nwk_securityInit                         0x08009621   Thumb Code     2  nwk_security.o(.text)
    nwk_processSecurity                      0x08009623   Thumb Code     6  nwk_security.o(.text)
    proc_69_data_frm                         0x080096a7   Thumb Code   268  69_frm_proc.o(.text)
    USART2_IRQHandler                        0x080097b5   Thumb Code    20  usart_isr.o(.text)
    bui_gtway_pkg                            0x080097cd   Thumb Code   118  gtway_frm_proc.o(.text)
    Reverse_trans_direction                  0x08009843   Thumb Code    70  gtway_frm_proc.o(.text)
    bui_outnet_frm                           0x08009889   Thumb Code   158  gtway_frm_proc.o(.text)
    bui_gtway_ack                            0x08009927   Thumb Code    38  gtway_frm_proc.o(.text)
    Bui_bcast_gtway_msg_from_inner_msg       0x0800994d   Thumb Code   138  gtway_frm_proc.o(.text)
    bui_gtway_alarm                          0x080099d7   Thumb Code   122  gtway_frm_proc.o(.text)
    Send_gtway_msg_to_uart                   0x08009a51   Thumb Code    82  gtway_frm_proc.o(.text)
    pro_gtway_data_ack                       0x08009aa3   Thumb Code   198  gtway_frm_proc.o(.text)
    Bui_exception_msg                        0x08009b69   Thumb Code   238  gtway_frm_proc.o(.text)
    Bui_send_to_cloudserver_msg              0x08009c57   Thumb Code   150  gtway_frm_proc.o(.text)
    reserve_server_ip                        0x08009ced   Thumb Code    10  uart_frm_proc.o(.text)
    gtway_info_check                         0x08009cf7   Thumb Code    96  uart_frm_proc.o(.text)
    uart_frm_proc                            0x08009d57   Thumb Code   186  uart_frm_proc.o(.text)
    check_crc                                0x08009e15   Thumb Code    42  usart_share_info.o(.text)
    DMA_ResetCurrDataCounter                 0x08009e3f   Thumb Code    26  usart_share_info.o(.text)
    Usart2_DMA_Configuration                 0x08009e59   Thumb Code   174  usart2_dma_proc.o(.text)
    usart2_err_proc                          0x08009f07   Thumb Code    48  usart2_dma_proc.o(.text)
    check_usart2_frame_end_and_crc           0x08009f37   Thumb Code    90  usart2_dma_proc.o(.text)
    check_usart2_frame_head                  0x08009f91   Thumb Code    42  usart2_dma_proc.o(.text)
    read_Usart2_DMA_FIFO                     0x08009fbb   Thumb Code   506  usart2_dma_proc.o(.text)
    TIM4_Configuration                       0x0800a1b5   Thumb Code   220  usart2_dma_proc.o(.text)
    TIM4_IRQHandler                          0x0800a291   Thumb Code    66  usart2_dma_proc.o(.text)
    usart_getFrameReceiveCount               0x0800a2d3   Thumb Code     6  usart2_dma_proc.o(.text)
    Iterates_usart2_buffer                   0x0800a2d9   Thumb Code    72  usart2_dma_proc.o(.text)
    WriteCodeVersionInfoToFlash              0x0800a33d   Thumb Code    50  firmware_info_proc.o(.text)
    initCodeVersionInfo                      0x0800a36f   Thumb Code    32  firmware_info_proc.o(.text)
    LoadMyAddressFromFlash                   0x0800a38f   Thumb Code    64  firmware_info_proc.o(.text)
    MyAddressInFlashIsValid                  0x0800a3cf   Thumb Code    38  firmware_info_proc.o(.text)
    init_ap_addr                             0x0800a3f5   Thumb Code    14  firmware_info_proc.o(.text)
    init_gtway_addr                          0x0800a403   Thumb Code   224  firmware_info_proc.o(.text)
    initFirmwareInfo                         0x0800a4e3   Thumb Code    18  firmware_info_proc.o(.text)
    get_gtawy_addr                           0x0800a4f5   Thumb Code     4  firmware_info_proc.o(.text)
    get_gtawy_code_version                   0x0800a4f9   Thumb Code     6  firmware_info_proc.o(.text)
    WriteMyAddressToFlash                    0x0800a4ff   Thumb Code   176  firmware_info_proc.o(.text)
    restoreFactorySettings                   0x0800a5af   Thumb Code    62  firmware_info_proc.o(.text)
    readSystemResetTimes                     0x0800a5ed   Thumb Code     6  firmware_info_proc.o(.text)
    setSystemResetTimes                      0x0800a5f3   Thumb Code    56  firmware_info_proc.o(.text)
    Form_Verion_frame                        0x0800a62b   Thumb Code    68  firmware_info_proc.o(.text)
    send_bcast_pkg                           0x0800a6b5   Thumb Code    44  68_frm_proc.o(.text)
    proc_68_frm                              0x0800a8bf   Thumb Code    80  68_frm_proc.o(.text)
    send_net_pkg                             0x0800a90f   Thumb Code   122  68_frm_proc.o(.text)
    ap_inner_proc                            0x0800a98d   Thumb Code    48  ap_inner_fun.o(.text)
    bui_app_pkg                              0x0800a9bd   Thumb Code   100  bui_pkg_fun.o(.text)
    gen_crc                                  0x0800aa21   Thumb Code    28  bui_pkg_fun.o(.text)
    Debui_app_pkg                            0x0800aa3d   Thumb Code   104  bui_pkg_fun.o(.text)
    bui_77_app_pkg                           0x0800aaa5   Thumb Code   106  bui_pkg_fun.o(.text)
    bui_rep_pkg_command                      0x0800ab0f   Thumb Code   152  bui_pkg_fun.o(.text)
    bui_rep_77_command                       0x0800aba7   Thumb Code   160  bui_pkg_fun.o(.text)
    bui_rep_88_command                       0x0800ac47   Thumb Code   152  bui_pkg_fun.o(.text)
    bui_pkg_ack                              0x0800acdf   Thumb Code    76  bui_pkg_fun.o(.text)
    bui_77_pkg_ack                           0x0800ad2b   Thumb Code    78  bui_pkg_fun.o(.text)
    bui_pkg_alarm                            0x0800ad79   Thumb Code   234  bui_pkg_fun.o(.text)
    bui_check_link_pkg                       0x0800ae63   Thumb Code   108  bui_pkg_fun.o(.text)
    bui_time_sync_pkg                        0x0800aecf   Thumb Code   146  bui_pkg_fun.o(.text)
    sCB                                      0x0800af6d   Thumb Code    58  net_frm_proc.o(.text)
    net_ed_link                              0x0800afa7   Thumb Code   142  net_frm_proc.o(.text)
    proc_net_msg                             0x0800b035   Thumb Code   144  net_frm_proc.o(.text)
    net_frm_proc                             0x0800b0c5   Thumb Code   122  net_frm_proc.o(.text)
    proc_bcast_frm                           0x0800b13f   Thumb Code    68  net_frm_proc.o(.text)
    send_broad_time_sync                     0x0800b183   Thumb Code   180  net_frm_proc.o(.text)
    no_para_fun                              0x0800b261   Thumb Code     8  net_para_fun.o(.text)
    set_my_device_address                    0x0800b269   Thumb Code   130  net_para_fun.o(.text)
    end_firmware_update                      0x0800b2eb   Thumb Code   140  net_para_fun.o(.text)
    begin_firmware_update                    0x0800b377   Thumb Code   122  net_para_fun.o(.text)
    read_rssi                                0x0800b3f1   Thumb Code   136  net_para_fun.o(.text)
    read_version                             0x0800b479   Thumb Code    58  net_para_fun.o(.text)
    read_partnum                             0x0800b4b3   Thumb Code    68  net_para_fun.o(.text)
    txpw_proc                                0x0800b4f7   Thumb Code    94  net_para_fun.o(.text)
    whiting_proc                             0x0800b555   Thumb Code   146  net_para_fun.o(.text)
    modformat_proc                           0x0800b5e7   Thumb Code   132  net_para_fun.o(.text)
    deviatn_proc                             0x0800b66b   Thumb Code   126  net_para_fun.o(.text)
    manchter_proc                            0x0800b6e9   Thumb Code    94  net_para_fun.o(.text)
    rate_proc                                0x0800b747   Thumb Code   132  net_para_fun.o(.text)
    chanspc_proc                             0x0800b7cb   Thumb Code   102  net_para_fun.o(.text)
    chan_proc                                0x0800b831   Thumb Code    78  net_para_fun.o(.text)
    freq_proc                                0x0800b87f   Thumb Code   114  net_para_fun.o(.text)
    net_para_proc                            0x0800b8f1   Thumb Code   412  net_para_fun.o(.text)
    no_status_fun                            0x0800ba8d   Thumb Code     8  net_status_fun.o(.text)
    read_temoter_press_num                   0x0800ba95   Thumb Code    88  net_status_fun.o(.text)
    delete_ed_connect                        0x0800baed   Thumb Code   148  net_status_fun.o(.text)
    modify_ip_addr                           0x0800bb81   Thumb Code   184  net_status_fun.o(.text)
    get_ed_mac_and_ip                        0x0800bc39   Thumb Code   110  net_status_fun.o(.text)
    reset_ap                                 0x0800bca7   Thumb Code    50  net_status_fun.o(.text)
    get_ap_mac                               0x0800bcd9   Thumb Code    78  net_status_fun.o(.text)
    set_join_ed                              0x0800bd27   Thumb Code   170  net_status_fun.o(.text)
    get_ed_info                              0x0800bdd1   Thumb Code   120  net_status_fun.o(.text)
    get_net_info                             0x0800be49   Thumb Code    72  net_status_fun.o(.text)
    get_join_link_token                      0x0800be91   Thumb Code    60  net_status_fun.o(.text)
    reset_system                             0x0800becd   Thumb Code    50  net_status_fun.o(.text)
    net_status_proc                          0x0800beff   Thumb Code   370  net_status_fun.o(.text)
    no_user_fun                              0x0800c07d   Thumb Code     8  user_def_fun.o(.text)
    proc_remoter_control                     0x0800c085   Thumb Code   124  user_def_fun.o(.text)
    time_proc                                0x0800c101   Thumb Code   144  user_def_fun.o(.text)
    user_def_proc                            0x0800c191   Thumb Code   130  user_def_fun.o(.text)
    proc_hangxun_switch                      0x0800c213   Thumb Code   214  user_def_fun.o(.text)
    flash_to_head_list                       0x0800c347   Thumb Code   238  net_list_proc.o(.text)
    head_list_to_flash                       0x0800c435   Thumb Code   246  net_list_proc.o(.text)
    init_list                                0x0800c52b   Thumb Code   224  net_list_proc.o(.text)
    ip_comp                                  0x0800c60b   Thumb Code    56  net_list_proc.o(.text)
    mac_comp                                 0x0800c643   Thumb Code    44  net_list_proc.o(.text)
    psearch_mac                              0x0800c66f   Thumb Code    38  net_list_proc.o(.text)
    add_net_list                             0x0800c695   Thumb Code   258  net_list_proc.o(.text)
    pdel_mac                                 0x0800c797   Thumb Code   158  net_list_proc.o(.text)
    pdel_listNode                            0x0800c835   Thumb Code    54  net_list_proc.o(.text)
    print_all_ed_info                        0x0800c86b   Thumb Code    10  net_list_proc.o(.text)
    SEGGER_RTT_print_all_ed_info             0x0800c875   Thumb Code     2  net_list_proc.o(.text)
    psearch_ip                               0x0800c877   Thumb Code    38  net_list_proc.o(.text)
    psearch_id                               0x0800c89d   Thumb Code    32  net_list_proc.o(.text)
    Modify_IP_by_MAC                         0x0800c8bd   Thumb Code    82  net_list_proc.o(.text)
    channr_num_to_flash                      0x0800c90f   Thumb Code    50  net_list_proc.o(.text)
    channr_num_from_flash                    0x0800c941   Thumb Code     6  net_list_proc.o(.text)
    SWSN_deleteInnetED                       0x0800c947   Thumb Code    52  net_list_proc.o(.text)
    SWSN_checkDuplicateLinkEdIPList          0x0800c9b9   Thumb Code   184  net_list_proc.o(.text)
    write_group_buffer                       0x0800ca89   Thumb Code   182  67_frm_proc.o(.text)
    proc_67_frm                              0x0800cb3f   Thumb Code    82  67_frm_proc.o(.text)
    Change_67frm_to_68frm                    0x0800cb91   Thumb Code    96  67_frm_proc.o(.text)
    Change_67frm_to_69frm                    0x0800cbf1   Thumb Code    88  67_frm_proc.o(.text)
    write_67frm_to_ed_tx_buffer              0x0800cc49   Thumb Code   258  67_frm_proc.o(.text)
    proc_77_alarm_frm                        0x0800cd55   Thumb Code     2  77_frm_proc.o(.text)
    proc_77_ack_frm                          0x0800cd57   Thumb Code     2  77_frm_proc.o(.text)
    get_gtway_type_mac_77                    0x0800cd59   Thumb Code    82  77_frm_proc.o(.text)
    get_ap_ed_mac_ip                         0x0800cdab   Thumb Code    52  77_frm_proc.o(.text)
    proc_77_command_frm                      0x0800cddf   Thumb Code    60  77_frm_proc.o(.text)
    proc_77_data_frm                         0x0800ce1b   Thumb Code     2  77_frm_proc.o(.text)
    proc_77_frm                              0x0800ce1d   Thumb Code    80  77_frm_proc.o(.text)
    proc_88_alarm_frm                        0x0800ce6d   Thumb Code     2  88_frm_proc.o(.text)
    proc_88_ack_frm                          0x0800ce6f   Thumb Code     2  88_frm_proc.o(.text)
    sw_gtway_88_proc                         0x0800ce71   Thumb Code     6  88_frm_proc.o(.text)
    check_wifi_heart_frm                     0x0800ce77   Thumb Code    86  88_frm_proc.o(.text)
    server_end_firmware_update               0x0800cecd   Thumb Code   140  88_frm_proc.o(.text)
    server_begin_firmware_update             0x0800cf59   Thumb Code   122  88_frm_proc.o(.text)
    server_get_gtway_code_version            0x0800cfd3   Thumb Code    62  88_frm_proc.o(.text)
    sync_gtway_time                          0x0800d011   Thumb Code    60  88_frm_proc.o(.text)
    get_gtway_type_mac                       0x0800d04d   Thumb Code    88  88_frm_proc.o(.text)
    check_heart_beat                         0x0800d0a5   Thumb Code    32  88_frm_proc.o(.text)
    server_frm_proc                          0x0800d0c5   Thumb Code   158  88_frm_proc.o(.text)
    com_gtway_88_proc                        0x0800d163   Thumb Code    46  88_frm_proc.o(.text)
    proc_88_command_frm                      0x0800d191   Thumb Code    56  88_frm_proc.o(.text)
    proc_88_data_frm                         0x0800d1c9   Thumb Code   552  88_frm_proc.o(.text)
    proc_88_frm                              0x0800d3f1   Thumb Code    80  88_frm_proc.o(.text)
    main                                     0x0800d45d   Thumb Code   142  main_swsn_ap.o(.text)
    SEGGER_RTT_Read                          0x0800d521   Thumb Code   196  segger_rtt.o(.text)
    SEGGER_RTT_Write                         0x0800d5e5   Thumb Code   404  segger_rtt.o(.text)
    SEGGER_RTT_WriteString                   0x0800d779   Thumb Code    26  segger_rtt.o(.text)
    SEGGER_RTT_GetKey                        0x0800d793   Thumb Code    30  segger_rtt.o(.text)
    SEGGER_RTT_WaitKey                       0x0800d7b1   Thumb Code    14  segger_rtt.o(.text)
    SEGGER_RTT_HasKey                        0x0800d7bf   Thumb Code    26  segger_rtt.o(.text)
    SEGGER_RTT_ConfigUpBuffer                0x0800d7d9   Thumb Code   126  segger_rtt.o(.text)
    SEGGER_RTT_ConfigDownBuffer              0x0800d857   Thumb Code   116  segger_rtt.o(.text)
    SEGGER_RTT_Init                          0x0800d8cb   Thumb Code     8  segger_rtt.o(.text)
    SEGGER_RTT_SetTerminal                   0x0800d8d3   Thumb Code    70  segger_rtt.o(.text)
    SEGGER_RTT_TerminalOut                   0x0800d919   Thumb Code   118  segger_rtt.o(.text)
    Write_rx_ed_buffer                       0x0800d995   Thumb Code   156  ed_rx_buffer_fun.o(.text)
    Iterates_rx_ed_buffer                    0x0800da31   Thumb Code   128  ed_rx_buffer_fun.o(.text)
    Find_ed_info_in_rx_buffer                0x0800dab1   Thumb Code    64  ed_rx_buffer_fun.o(.text)
    Write_tx_fail_ed_buffer                  0x0800daf9   Thumb Code   214  ed_tx_fail_buffer_fun.o(.text)
    Iterates_tx_fail_ed_buffer               0x0800dbcf   Thumb Code   234  ed_tx_fail_buffer_fun.o(.text)
    Find_ed_info_in_tx_fail_buffer           0x0800dcb9   Thumb Code    62  ed_tx_fail_buffer_fun.o(.text)
    Write_tx_ed_buffer                       0x0800de2f   Thumb Code   232  ed_tx_buffer_fun.o(.text)
    Iterates_tx_ed_buffer                    0x0800e0cd   Thumb Code   230  ed_tx_buffer_fun.o(.text)
    Modify_ip_in_tx_ed_buffer                0x0800e1b3   Thumb Code   106  ed_tx_buffer_fun.o(.text)
    Free_tx_ed_buffer                        0x0800e21d   Thumb Code   220  ed_tx_buffer_fun.o(.text)
    isReadyToWriteGroupFrm                   0x0800e2f9   Thumb Code    50  ed_tx_buffer_fun.o(.text)
    ee_CheckOk                               0x0800e33d   Thumb Code    22  bsp_i2c_ee.o(.text)
    ee_ReadBytes                             0x0800e353   Thumb Code   112  bsp_i2c_ee.o(.text)
    ee_WriteBytes                            0x0800e3c3   Thumb Code   126  bsp_i2c_ee.o(.text)
    ee_Erase                                 0x0800e441   Thumb Code    56  bsp_i2c_ee.o(.text)
    ee_Test                                  0x0800e48b   Thumb Code   180  bsp_i2c_ee.o(.text)
    i2c_Start                                0x0800e637   Thumb Code    42  bsp_i2c_gpio.o(.text)
    i2c_Stop                                 0x0800e661   Thumb Code    28  bsp_i2c_gpio.o(.text)
    i2c_SendByte                             0x0800e67d   Thumb Code    80  bsp_i2c_gpio.o(.text)
    i2c_ReadByte                             0x0800e6cd   Thumb Code    62  bsp_i2c_gpio.o(.text)
    i2c_WaitAck                              0x0800e70b   Thumb Code    56  bsp_i2c_gpio.o(.text)
    i2c_Ack                                  0x0800e743   Thumb Code    44  bsp_i2c_gpio.o(.text)
    i2c_NAck                                 0x0800e76f   Thumb Code    36  bsp_i2c_gpio.o(.text)
    i2c_CfgGpio                              0x0800e793   Thumb Code    44  bsp_i2c_gpio.o(.text)
    i2c_CheckDevice                          0x0800e7bf   Thumb Code    32  bsp_i2c_gpio.o(.text)
    SPI_FLASH_Init                           0x0800e7e5   Thumb Code   178  bsp_spi_flash.o(.text)
    SPI_FLASH_SendByte                       0x0800e897   Thumb Code    50  bsp_spi_flash.o(.text)
    SPI_FLASH_WaitForWriteEnd                0x0800e8c9   Thumb Code    46  bsp_spi_flash.o(.text)
    SPI_FLASH_WriteEnable                    0x0800e8f7   Thumb Code    26  bsp_spi_flash.o(.text)
    SPI_FLASH_SectorErase                    0x0800e911   Thumb Code    62  bsp_spi_flash.o(.text)
    SPI_FLASH_BulkErase                      0x0800e94f   Thumb Code    34  bsp_spi_flash.o(.text)
    SPI_FLASH_PageWrite                      0x0800e971   Thumb Code    92  bsp_spi_flash.o(.text)
    SPI_FLASH_BufferWrite                    0x0800e9cd   Thumb Code   290  bsp_spi_flash.o(.text)
    SPI_FLASH_BufferRead                     0x0800eaef   Thumb Code    76  bsp_spi_flash.o(.text)
    SPI_FLASH_ReadID                         0x0800eb3b   Thumb Code    74  bsp_spi_flash.o(.text)
    SPI_FLASH_ReadDeviceID                   0x0800eb85   Thumb Code    56  bsp_spi_flash.o(.text)
    SPI_FLASH_StartReadSequence              0x0800ebbd   Thumb Code    42  bsp_spi_flash.o(.text)
    SPI_FLASH_ReadByte                       0x0800ebe7   Thumb Code    22  bsp_spi_flash.o(.text)
    SPI_FLASH_SendHalfWord                   0x0800ebfd   Thumb Code    48  bsp_spi_flash.o(.text)
    SPI_Flash_PowerDown                      0x0800ec2d   Thumb Code    26  bsp_spi_flash.o(.text)
    SPI_Flash_WAKEUP                         0x0800ec47   Thumb Code    26  bsp_spi_flash.o(.text)
    Buffercmp                                0x0800ec61   Thumb Code    36  bsp_spi_flash.o(.text)
    SPI_Delay                                0x0800ec85   Thumb Code    18  bsp_spi_flash.o(.text)
    SpiFlash_Test                            0x0800ec97   Thumb Code   156  bsp_spi_flash.o(.text)
    FLASH_AutoTest                           0x0800ed33   Thumb Code   102  bsp_spi_flash.o(.text)
    TIM2_NVIC_Configuration                  0x0800eea9   Thumb Code    42  bsp_timbase.o(.text)
    TIM2_Configuration                       0x0800eed3   Thumb Code    80  bsp_timbase.o(.text)
    close                                    0x0800ef25   Thumb Code    52  socket.o(.text)
    socket                                   0x0800ef59   Thumb Code   192  socket.o(.text)
    listen                                   0x0800f019   Thumb Code    62  socket.o(.text)
    connect                                  0x0800f057   Thumb Code   288  socket.o(.text)
    disconnect                               0x0800f177   Thumb Code    38  socket.o(.text)
    send                                     0x0800f19d   Thumb Code   210  socket.o(.text)
    recv                                     0x0800f26f   Thumb Code    66  socket.o(.text)
    sendto                                   0x0800f2b1   Thumb Code   272  socket.o(.text)
    recvfrom                                 0x0800f3c1   Thumb Code   486  socket.o(.text)
    c2d                                      0x0800f5c1   Thumb Code    54  utility.o(.text)
    atoi16                                   0x0800f5f7   Thumb Code    32  utility.o(.text)
    atoi32                                   0x0800f617   Thumb Code    32  utility.o(.text)
    itoa                                     0x0800f637   Thumb Code    64  utility.o(.text)
    validatoi                                0x0800f677   Thumb Code    72  utility.o(.text)
    replacetochar                            0x0800f6bf   Thumb Code    26  utility.o(.text)
    swaps                                    0x0800f6d9   Thumb Code    14  utility.o(.text)
    swapl                                    0x0800f6e7   Thumb Code    28  utility.o(.text)
    mid                                      0x0800f703   Thumb Code    68  utility.o(.text)
    inet_addr_                               0x0800f747   Thumb Code    90  utility.o(.text)
    inet_ntoa                                0x0800f7a1   Thumb Code    40  utility.o(.text)
    inet_ntoa_pad                            0x0800f7c9   Thumb Code    40  utility.o(.text)
    verify_ip_address                        0x0800f7f1   Thumb Code   116  utility.o(.text)
    htons                                    0x0800f865   Thumb Code    12  utility.o(.text)
    htonl                                    0x0800f871   Thumb Code    12  utility.o(.text)
    ntohs                                    0x0800f87d   Thumb Code    12  utility.o(.text)
    ntohl                                    0x0800f889   Thumb Code    12  utility.o(.text)
    checksum                                 0x0800f895   Thumb Code    76  utility.o(.text)
    check_dest_in_local                      0x0800f8e1   Thumb Code    62  utility.o(.text)
    setMR                                    0x0800f94d   Thumb Code    14  w5500.o(.text)
    iinchip_init                             0x0800f95b   Thumb Code    10  w5500.o(.text)
    getIINCHIP_RxMAX                         0x0800f965   Thumb Code    10  w5500.o(.text)
    getIINCHIP_TxMAX                         0x0800f96f   Thumb Code    10  w5500.o(.text)
    setGAR                                   0x0800f979   Thumb Code    16  w5500.o(.text)
    getGAR                                   0x0800f989   Thumb Code    16  w5500.o(.text)
    setSUBR                                  0x0800f999   Thumb Code    18  w5500.o(.text)
    setSHAR                                  0x0800f9ab   Thumb Code    18  w5500.o(.text)
    setSIPR                                  0x0800f9bd   Thumb Code    18  w5500.o(.text)
    getSUBR                                  0x0800f9cf   Thumb Code    18  w5500.o(.text)
    getSHAR                                  0x0800f9e1   Thumb Code    18  w5500.o(.text)
    getSIPR                                  0x0800f9f3   Thumb Code    18  w5500.o(.text)
    getIR                                    0x0800fa05   Thumb Code    12  w5500.o(.text)
    setRTR                                   0x0800fa11   Thumb Code    26  w5500.o(.text)
    setRCR                                   0x0800fa2b   Thumb Code    16  w5500.o(.text)
    clearIR                                  0x0800fa3b   Thumb Code    26  w5500.o(.text)
    setSn_MSS                                0x0800fa55   Thumb Code    36  w5500.o(.text)
    setSn_TTL                                0x0800fa79   Thumb Code    22  w5500.o(.text)
    getSn_IR                                 0x0800fa8f   Thumb Code    18  w5500.o(.text)
    setSn_IR                                 0x0800faa1   Thumb Code    22  w5500.o(.text)
    getSn_SR                                 0x0800fab7   Thumb Code    18  w5500.o(.text)
    getSn_TX_FSR                             0x0800fac9   Thumb Code    84  w5500.o(.text)
    getSn_RX_RSR                             0x0800fb1d   Thumb Code    84  w5500.o(.text)
    send_data_processing                     0x0800fb71   Thumb Code   116  w5500.o(.text)
    recv_data_processing                     0x0800fbe5   Thumb Code   116  w5500.o(.text)
    socket_buf_init                          0x0800fc59   Thumb Code   128  w5500.o(.text)
    setkeepalive                             0x0800fcd9   Thumb Code    20  w5500.o(.text)
    write_config_to_eeprom                   0x0800fd35   Thumb Code    22  w5500_conf.o(.text)
    read_config_from_eeprom                  0x0800fd4b   Thumb Code    20  w5500_conf.o(.text)
    set_w5500_ip                             0x0800fd5f   Thumb Code   268  w5500_conf.o(.text)
    set_w5500_mac                            0x0800fe6b   Thumb Code    62  w5500_conf.o(.text)
    gpio_for_w5500_config                    0x0800fea9   Thumb Code    78  w5500_conf.o(.text)
    wiz_cs                                   0x0800fef7   Thumb Code    32  w5500_conf.o(.text)
    iinchip_csoff                            0x0800ff17   Thumb Code    10  w5500_conf.o(.text)
    iinchip_cson                             0x0800ff21   Thumb Code    10  w5500_conf.o(.text)
    reset_w5500                              0x0800ff2b   Thumb Code    34  w5500_conf.o(.text)
    IINCHIP_SpiSendData                      0x0800ff4d   Thumb Code    12  w5500_conf.o(.text)
    IINCHIP_WRITE                            0x0800ff59   Thumb Code    50  w5500_conf.o(.text)
    IINCHIP_READ                             0x0800ff8b   Thumb Code    50  w5500_conf.o(.text)
    wiz_write_buf                            0x0800ffbd   Thumb Code    80  w5500_conf.o(.text)
    wiz_read_buf                             0x0801000d   Thumb Code    78  w5500_conf.o(.text)
    timer2_init                              0x0801005b   Thumb Code    20  w5500_conf.o(.text)
    dhcp_timer_init                          0x0801006f   Thumb Code     8  w5500_conf.o(.text)
    ntp_timer_init                           0x08010077   Thumb Code     8  w5500_conf.o(.text)
    timer2_isr                               0x0801007f   Thumb Code    46  w5500_conf.o(.text)
    reboot                                   0x080100ad   Thumb Code    18  w5500_conf.o(.text)
    reset_DHCP_time                          0x080101b5   Thumb Code    28  dhcp.o(.text)
    send_DHCP_DISCOVER                       0x080101d1   Thumb Code   680  dhcp.o(.text)
    send_DHCP_REQUEST                        0x08010479   Thumb Code  1030  dhcp.o(.text)
    send_DHCP_RELEASE_DECLINE                0x0801087f   Thumb Code   674  dhcp.o(.text)
    parseDHCPMSG                             0x08010b21   Thumb Code   326  dhcp.o(.text)
    check_DHCP_Timeout                       0x08010c67   Thumb Code   110  dhcp.o(.text)
    check_leasedIP                           0x08010cd5   Thumb Code    38  dhcp.o(.text)
    check_DHCP_state                         0x08010cfb   Thumb Code   482  dhcp.o(.text)
    DHCP_timer_handler                       0x08010edd   Thumb Code    36  dhcp.o(.text)
    init_dhcp_client                         0x08010f01   Thumb Code   104  dhcp.o(.text)
    do_dhcp                                  0x08010f69   Thumb Code   120  dhcp.o(.text)
    DHCP_Leased                              0x08010fe1   Thumb Code   106  dhcp.o(.text)
    dns_makequery                            0x08011101   Thumb Code   194  dns.o(.text)
    parse_name                               0x080111c3   Thumb Code   156  dns.o(.text)
    dns_answer                               0x0801125f   Thumb Code   252  dns.o(.text)
    dns_question                             0x0801135b   Thumb Code    38  dns.o(.text)
    parseMSG                                 0x08011381   Thumb Code   218  dns.o(.text)
    dns_query                                0x0801145b   Thumb Code   218  dns.o(.text)
    do_dns                                   0x08011535   Thumb Code    92  dns.o(.text)
    Sever_Connect                            0x080115ad   Thumb Code   118  http_client.o(.text)
    Found_Alarm_Message                      0x08011623   Thumb Code   296  http_client.o(.text)
    Get_Time_Date                            0x0801174b   Thumb Code    92  http_client.o(.text)
    hex2str                                  0x080117a7   Thumb Code    78  http_client.o(.text)
    HX_Alarm_Card                            0x080117f5   Thumb Code   544  http_client.o(.text)
    send_HX_Heart_Beat                       0x08011a15   Thumb Code    84  http_client.o(.text)
    Init_StructPhoneMac                      0x08011a6d   Thumb Code    24  tcp_demo.o(.text)
    TCP_client                               0x08011a85   Thumb Code   168  tcp_demo.o(.text)
    con_Balance_Sever                        0x08011b2d   Thumb Code   212  tcp_demo.o(.text)
    con_Balance_Sever_three_times            0x08011c01   Thumb Code    46  tcp_demo.o(.text)
    dns_test                                 0x08011c2f   Thumb Code    64  tcp_demo.o(.text)
    dhcp_test                                0x08011c6f   Thumb Code    84  tcp_demo.o(.text)
    DHCP_DNS_BalanceSever                    0x08011cc3   Thumb Code    44  tcp_demo.o(.text)
    W5500_Init                               0x08011cef   Thumb Code    66  tcp_demo.o(.text)
    Replace_Init_StructPhoneMac              0x08011d31   Thumb Code    98  tcp_demo.o(.text)
    Handle_Sticky_Package                    0x08011d93   Thumb Code   370  tcp_demo.o(.text)
    TCP_server                               0x08011f05   Thumb Code   148  tcp_demo.o(.text)
    TCP_Sever_recv                           0x08011f99   Thumb Code    96  tcp_demo.o(.text)
    UDP_Socket                               0x08011ff9   Thumb Code   252  tcp_demo.o(.text)
    TCP_client_recv                          0x080120f5   Thumb Code   156  tcp_demo.o(.text)
    TCP_Sever_send                           0x08012191   Thumb Code    52  tcp_demo.o(.text)
    Lookup_StructPhoneMac                    0x080121c5   Thumb Code   130  tcp_demo.o(.text)
    TCP_client_send                          0x08012247   Thumb Code    92  tcp_demo.o(.text)
    TCP_Send_Filter                          0x080122a3   Thumb Code   292  tcp_demo.o(.text)
    Catch_Abnormity                          0x080123c7   Thumb Code   430  tcp_demo.o(.text)
    Handle_W5500_Message                     0x08012575   Thumb Code   212  tcp_demo.o(.text)
    MD5Init                                  0x08012685   Thumb Code    26  hx_md5.o(.text)
    MD5Decode                                0x0801269f   Thumb Code    50  hx_md5.o(.text)
    MD5Transform                             0x080126d1   Thumb Code  1886  hx_md5.o(.text)
    MD5Update                                0x08012e2f   Thumb Code   140  hx_md5.o(.text)
    MD5Encode                                0x08012ebb   Thumb Code    62  hx_md5.o(.text)
    MD5Final                                 0x08012ef9   Thumb Code   204  hx_md5.o(.text)
    HexToStr                                 0x08012fc5   Thumb Code    82  hx_md5.o(.text)
    HX_GetMd5                                0x08013017   Thumb Code   180  hx_md5.o(.text)
    ___aeabi_memcpy8$move                    0x080130e5   Thumb Code     0  memmovea.o(.text)
    __aeabi_memcpy                           0x080130e5   Thumb Code    64  memmovea.o(.text)
    __aeabi_memcpy4                          0x080130e5   Thumb Code     0  memmovea.o(.text)
    __aeabi_memmove                          0x080130e5   Thumb Code     0  memmovea.o(.text)
    __aeabi_memmove4                         0x080130e5   Thumb Code     0  memmovea.o(.text)
    __aeabi_memmove8                         0x080130e5   Thumb Code     0  memmovea.o(.text)
    __aeabi_memset                           0x08013125   Thumb Code    14  memseta.o(.text)
    __aeabi_memset4                          0x08013125   Thumb Code     0  memseta.o(.text)
    __aeabi_memset8                          0x08013125   Thumb Code     0  memseta.o(.text)
    __aeabi_memclr                           0x08013133   Thumb Code     4  memseta.o(.text)
    __aeabi_memclr4                          0x08013133   Thumb Code     0  memseta.o(.text)
    __aeabi_memclr8                          0x08013133   Thumb Code     0  memseta.o(.text)
    _memset$wrapper                          0x08013137   Thumb Code    18  memseta.o(.text)
    strcat                                   0x08013149   Thumb Code    24  strcat.o(.text)
    strstr                                   0x08013161   Thumb Code    36  strstr.o(.text)
    strncpy                                  0x08013185   Thumb Code    24  strncpy.o(.text)
    strchr                                   0x0801319d   Thumb Code    20  strchr.o(.text)
    strlen                                   0x080131b1   Thumb Code    14  strlen.o(.text)
    memcmp                                   0x080131bf   Thumb Code    26  memcmp.o(.text)
    strcpy                                   0x080131d9   Thumb Code    18  strcpy.o(.text)
    strtok                                   0x080131ed   Thumb Code    62  strtok.o(.text)
    __aeabi_uidiv                            0x08013231   Thumb Code     0  uidiv.o(.text)
    __aeabi_uidivmod                         0x08013231   Thumb Code    44  uidiv.o(.text)
    __aeabi_uldivmod                         0x0801325d   Thumb Code    98  uldiv.o(.text)
    __I$use$fp                               0x080132bf   Thumb Code     0  iusefp.o(.text)
    __aeabi_dadd                             0x080132bf   Thumb Code   322  dadd.o(.text)
    __aeabi_dsub                             0x08013401   Thumb Code     6  dadd.o(.text)
    __aeabi_drsub                            0x08013407   Thumb Code     6  dadd.o(.text)
    __aeabi_dmul                             0x0801340d   Thumb Code   228  dmul.o(.text)
    __aeabi_ddiv                             0x080134f1   Thumb Code   222  ddiv.o(.text)
    __aeabi_d2ulz                            0x080135cf   Thumb Code    48  dfixul.o(.text)
    __aeabi_cdrcmple                         0x08013601   Thumb Code    48  cdrcmple.o(.text)
    __scatterload                            0x08013631   Thumb Code    28  init.o(.text)
    __scatterload_rt2                        0x08013631   Thumb Code     0  init.o(.text)
    __aeabi_llsl                             0x08013655   Thumb Code    30  llshl.o(.text)
    _ll_shift_l                              0x08013655   Thumb Code     0  llshl.o(.text)
    __aeabi_llsr                             0x08013673   Thumb Code    32  llushr.o(.text)
    _ll_ushift_r                             0x08013673   Thumb Code     0  llushr.o(.text)
    __aeabi_lasr                             0x08013693   Thumb Code    36  llsshr.o(.text)
    _ll_sshift_r                             0x08013693   Thumb Code     0  llsshr.o(.text)
    _double_round                            0x080136b7   Thumb Code    30  depilogue.o(.text)
    _double_epilogue                         0x080136d5   Thumb Code   156  depilogue.o(.text)
    __decompress                             0x08013771   Thumb Code     0  __dczerorl2.o(.text)
    __decompress1                            0x08013771   Thumb Code    86  __dczerorl2.o(.text)
    __0printf                                0x080137c9   Thumb Code    22  printfa.o(i.__0printf)
    __1printf                                0x080137c9   Thumb Code     0  printfa.o(i.__0printf)
    __2printf$full                           0x080137c9   Thumb Code     0  printfa.o(i.__0printf)
    __c89printf                              0x080137c9   Thumb Code     0  printfa.o(i.__0printf)
    printf                                   0x080137c9   Thumb Code     0  printfa.o(i.__0printf)
    __0printf$8                              0x080137e9   Thumb Code    22  printf8.o(i.__0printf$8)
    __1printf$8                              0x080137e9   Thumb Code     0  printf8.o(i.__0printf$8)
    __2printf                                0x080137e9   Thumb Code     0  printf8.o(i.__0printf$8)
    __0sprintf$8                             0x08013809   Thumb Code    34  printf8.o(i.__0sprintf$8)
    __1sprintf$8                             0x08013809   Thumb Code     0  printf8.o(i.__0sprintf$8)
    __2sprintf                               0x08013809   Thumb Code     0  printf8.o(i.__0sprintf$8)
    __scatterload_copy                       0x08013831   Thumb Code    14  handlers.o(i.__scatterload_copy)
    __scatterload_null                       0x0801383f   Thumb Code     2  handlers.o(i.__scatterload_null)
    __scatterload_zeroinit                   0x08013841   Thumb Code    14  handlers.o(i.__scatterload_zeroinit)
    free                                     0x08014551   Thumb Code    76  malloc.o(i.free)
    malloc                                   0x080145a1   Thumb Code    92  malloc.o(i.malloc)
    table_week                               0x0801460c   Data          12  stm32_rtc.o(.constdata)
    mon_table                                0x08014618   Data          12  stm32_rtc.o(.constdata)
    mrfiBroadcastAddr                        0x08014624   Data           4  mrfi.o(.constdata)
    mrfiRemoterAddr                          0x08014628   Data           4  mrfi.o(.constdata)
    Region$$Table$$Base                      0x080147e4   Number         0  anon$$obj.o(Region$$Table)
    Region$$Table$$Limit                     0x08014804   Number         0  anon$$obj.o(Region$$Table)
    SystemCoreClock                          0x20000000   Data           4  system_stm32f10x.o(.data)
    AHBPrescTable                            0x20000004   Data          16  system_stm32f10x.o(.data)
    sendBroadFlag                            0x20000028   Data           1  bsp_isr.o(.data)
    bsp_reset_ap_config                      0x20000029   Data           1  bsp_isr.o(.data)
    bsp_reset_check_flag                     0x2000002a   Data           1  bsp_isr.o(.data)
    bootloader_state                         0x20000034   Data           8  stm32_flash.o(.data)
    init_time                                0x2000003c   Data           7  stm32_rtc.o(.data)
    send_len                                 0x20000046   Data           1  stm32f10x_it.o(.data)
    IRQ_INT_FLAG                             0x20000054   Data           1  mrfi.o(.data)
    frameHasSendFlag                         0x20000055   Data           1  mrfi.o(.data)
    broadInterval                            0x20000056   Data           1  mrfi.o(.data)
    bcastRndDelay                            0x20000057   Data           1  mrfi.o(.data)
    sPersistInfo                             0x2000005d   Data        1336  nwk.o(.data)
    isNotForAp                               0x200005a8   Data           1  nwk_frame.o(.data)
    join_token_wrong_count                   0x200005d1   Data           1  nwk_join.o(.data)
    sGtwayServerIP                           0x200005e2   Data           4  gtway_frm_proc.o(.data)
    uart2_frm_data_cnt                       0x200005e8   Data           2  usart2_dma_proc.o(.data)
    Verison_69Frame_len                      0x200005f2   Data           2  firmware_info_proc.o(.data)
    net_frm_cur_num                          0x200005f6   Data           1  net_frm_proc.o(.data)
    net_ed_add_sem                           0x200005f7   Data           1  net_frm_proc.o(.data)
    bro_cast_sem                             0x200005f8   Data           1  net_frm_proc.o(.data)
    net_frm_back                             0x200005f9   Data           2  net_frm_proc.o(.data)
    net_ed_num                               0x200005fb   Data           1  net_frm_proc.o(.data)
    remoter_frame_flag                       0x200005fc   Data           1  net_frm_proc.o(.data)
    RefreshFirewareFlag                      0x200005ff   Data           1  net_para_fun.o(.data)
    reset_system_flag                        0x20000600   Data           1  net_status_fun.o(.data)
    remoter_press_num                        0x20000604   Data           4  user_def_fun.o(.data)
    list_ind_data                            0x20000610   Data           2  net_list_proc.o(.data)
    flash_ed_num                             0x20000612   Data           2  net_list_proc.o(.data)
    head_list                                0x20000614   Data           4  net_list_proc.o(.data)
    tail_list                                0x20000618   Data           4  net_list_proc.o(.data)
    globalFlag                               0x2000062c   Data           2  main_swsn_ap.o(.data)
    ResetTimes                               0x20000630   Data           4  main_swsn_ap.o(.data)
    app_frm_num                              0x200006ad   Data           1  ed_rx_buffer_fun.o(.data)
    tx_fail_frm_num                          0x200006ae   Data           1  ed_tx_fail_buffer_fun.o(.data)
    emergency_dispatch_flag                  0x200006af   Data           1  ed_tx_fail_buffer_fun.o(.data)
    start_emergency_dispatch_in_rtc          0x200006b0   Data           1  ed_tx_fail_buffer_fun.o(.data)
    Tx_Buffer                                0x200006b4   Data          76  bsp_spi_flash.o(.data)
    DeviceID                                 0x20000700   Data           4  bsp_spi_flash.o(.data)
    FlashID                                  0x20000704   Data           4  bsp_spi_flash.o(.data)
    TransferStatus1                          0x20000708   Data           1  bsp_spi_flash.o(.data)
    txsize                                   0x20000709   Data           8  w5500.o(.data)
    rxsize                                   0x20000711   Data           8  w5500.o(.data)
    MacAdd                                   0x2000071c   Data           6  w5500_conf.o(.data)
    local_ip                                 0x20000722   Data           4  w5500_conf.o(.data)
    subnet                                   0x20000726   Data           4  w5500_conf.o(.data)
    gateway                                  0x2000072a   Data           4  w5500_conf.o(.data)
    dns_server                               0x2000072e   Data           4  w5500_conf.o(.data)
    local_port                               0x20000732   Data           2  w5500_conf.o(.data)
    remote_ip                                0x20000734   Data           4  w5500_conf.o(.data)
    remote_port                              0x20000738   Data           2  w5500_conf.o(.data)
    ip_from                                  0x2000073a   Data           1  w5500_conf.o(.data)
    dhcp_ok                                  0x2000073b   Data           1  w5500_conf.o(.data)
    ms                                       0x2000073c   Data           4  w5500_conf.o(.data)
    dhcp_time                                0x20000740   Data           4  w5500_conf.o(.data)
    ntptimer                                 0x20000744   Data           1  w5500_conf.o(.data)
    SRC_MAC_ADDR                             0x20000748   Data           4  dhcp.o(.data)
    GET_SN_MASK                              0x2000074c   Data           4  dhcp.o(.data)
    GET_GW_IP                                0x20000750   Data           4  dhcp.o(.data)
    GET_DNS_IP                               0x20000754   Data           4  dhcp.o(.data)
    DHCP_HOST_NAME                           0x20000758   Data           4  dhcp.o(.data)
    GET_SIP                                  0x2000075c   Data           4  dhcp.o(.data)
    DHCP_SIP                                 0x20000760   Data           4  dhcp.o(.data)
    DHCP_REAL_SIP                            0x20000764   Data           4  dhcp.o(.data)
    OLD_SIP                                  0x20000768   Data           4  dhcp.o(.data)
    dhcp_state                               0x2000076c   Data           1  dhcp.o(.data)
    dhcp_retry_count                         0x2000076d   Data           1  dhcp.o(.data)
    DHCP_timeout                             0x2000076e   Data           1  dhcp.o(.data)
    dhcp_lease_time                          0x20000770   Data           4  dhcp.o(.data)
    next_dhcp_time                           0x20000774   Data           4  dhcp.o(.data)
    dhcp_tick_cnt                            0x20000778   Data           4  dhcp.o(.data)
    DHCP_timer                               0x2000077c   Data           1  dhcp.o(.data)
    Conflict_flag                            0x2000077d   Data           1  dhcp.o(.data)
    DHCP_XID                                 0x20000780   Data           4  dhcp.o(.data)
    pRIPMSG                                  0x20000784   Data           4  dhcp.o(.data)
    domain_name                              0x20000788   Data          17  dns.o(.data)
    dns_get_ip                               0x20000799   Data           4  dns.o(.data)
    MSG_ID                                   0x2000079e   Data           2  dns.o(.data)
    GET_time                                 0x200007a4   Data          86  http_client.o(.data)
    GET_message                              0x200007fa   Data         256  http_client.o(.data)
    GET_Heart_Beat                           0x200008fa   Data         126  http_client.o(.data)
    Balance_Sever_ip                         0x20000978   Data           4  tcp_demo.o(.data)
    Sever_ip                                 0x2000097c   Data           4  tcp_demo.o(.data)
    Sever_port                               0x20000980   Data           2  tcp_demo.o(.data)
    No_Commu_Sever_sec                       0x20000982   Data           2  tcp_demo.o(.data)
    Send_Verison_Frame_sec                   0x20000984   Data           1  tcp_demo.o(.data)
    flag_reDHCP                              0x20000985   Data           1  tcp_demo.o(.data)
    flag_DHCP_DNS_BalanceSever               0x20000986   Data           1  tcp_demo.o(.data)
    times_20ReconnectBalanceSever            0x20000987   Data           1  tcp_demo.o(.data)
    state_Verison_Frame                      0x20000988   Data           1  tcp_demo.o(.data)
    theNumSocet                              0x20000989   Data           1  tcp_demo.o(.data)
    PADDING                                  0x2000098a   Data          64  hx_md5.o(.data)
    __stdout                                 0x200009d0   Data           4  stdout.o(.data)
    __microlib_freelist                      0x200009d4   Data           4  mvars.o(.data)
    __microlib_freelist_initialised          0x200009d8   Data           4  mvars.o(.data)
    real_time                                0x200009dc   Data          12  stm32_rtc.o(.bss)
    send_buff                                0x200009e8   Data          50  stm32f10x_it.o(.bss)
    Si446xCmd                                0x20000a5c   Data          16  mrfi.o(.bss)
    USART2_SEND_DATA                         0x200014f4   Data         100  usart2_dma_proc.o(.bss)
    usart2_recv_data                         0x20001558   Data        1030  usart2_dma_proc.o(.bss)
    uart2_frm_rbuf                           0x2000195e   Data        1036  usart2_dma_proc.o(.bss)
    Verison_69Frame                          0x20001d6a   Data          64  firmware_info_proc.o(.bss)
    Ed_group_buffer                          0x20001daa   Data         440  67_frm_proc.o(.bss)
    Ed_rx_buffer                             0x20002b72   Data        1100  ed_rx_buffer_fun.o(.bss)
    Ed_tx_fail_buffer                        0x20002fbe   Data        1120  ed_tx_fail_buffer_fun.o(.bss)
    Rx_Buffer                                0x200047ce   Data          75  bsp_spi_flash.o(.bss)
    SSIZE                                    0x2000484a   Data          16  w5500.o(.bss)
    RSIZE                                    0x2000485a   Data          16  w5500.o(.bss)
    ConfigMsg                                0x2000486a   Data          28  w5500_conf.o(.bss)
    EEPROM_MSG                               0x20004886   Data          18  w5500_conf.o(.bss)
    DHCP_GET                                 0x20004898   Data          22  dhcp.o(.bss)
    EXTERN_DHCPBUF                           0x200048ae   Data        1024  dhcp.o(.bss)
    BUFPUB                                   0x20004cae   Data        1024  dns.o(.bss)
    phoneMac                                 0x200050ae   Data          35  tcp_demo.o(.bss)
    __heap_base                              0x200050d8   Data           0  startup_stm32f10x_hd.o(HEAP)
    __heap_limit                             0x200068d8   Data           0  startup_stm32f10x_hd.o(HEAP)
    __initial_sp                             0x2000b0d8   Data           0  startup_stm32f10x_hd.o(STACK)



==============================================================================

Memory Map of the image

  Image Entry point : 0x08002131

  Load Region LR_IROM1 (Base: 0x08002000, Size: 0x000131e0, Max: 0x0003f000, ABSOLUTE, COMPRESSED[0x00012a08])

    Execution Region ER_IROM1 (Base: 0x08002000, Size: 0x00012804, Max: 0x0003f000, ABSOLUTE)

    Base Addr    Size         Type   Attr      Idx    E Section Name        Object

    0x08002000   0x00000130   Data   RO            3    RESET               startup_stm32f10x_hd.o
    0x08002130   0x00000000   Code   RO         1683  * .ARM.Collect$$$$00000000  mc_w.l(entry.o)
    0x08002130   0x00000004   Code   RO         2005    .ARM.Collect$$$$00000001  mc_w.l(entry2.o)
    0x08002134   0x00000004   Code   RO         2008    .ARM.Collect$$$$00000004  mc_w.l(entry5.o)
    0x08002138   0x00000000   Code   RO         2010    .ARM.Collect$$$$00000008  mc_w.l(entry7b.o)
    0x08002138   0x00000000   Code   RO         2012    .ARM.Collect$$$$0000000A  mc_w.l(entry8b.o)
    0x08002138   0x00000008   Code   RO         2013    .ARM.Collect$$$$0000000B  mc_w.l(entry9a.o)
    0x08002140   0x00000000   Code   RO         2015    .ARM.Collect$$$$0000000D  mc_w.l(entry10a.o)
    0x08002140   0x00000000   Code   RO         2017    .ARM.Collect$$$$0000000F  mc_w.l(entry11a.o)
    0x08002140   0x00000004   Code   RO         2006    .ARM.Collect$$$$00002712  mc_w.l(entry2.o)
    0x08002144   0x00000040   Code   RO           10    .emb_text           core_cm3.o
    0x08002184   0x00000024   Code   RO            4    .text               startup_stm32f10x_hd.o
    0x080021a8   0x000001e0   Code   RO           24    .text               system_stm32f10x.o
    0x08002388   0x00000254   Code   RO           88    .text               stm32f10x_dma.o
    0x080025dc   0x0000011c   Code   RO          140    .text               stm32f10x_exti.o
    0x080026f8   0x000005bc   Code   RO          155    .text               stm32f10x_flash.o
    0x08002cb4   0x0000035c   Code   RO          170    .text               stm32f10x_gpio.o
    0x08003010   0x00000040   Code   RO          185    .text               stm32f10x_iwdg.o
    0x08003050   0x000003a4   Code   RO          197    .text               stm32f10x_rcc.o
    0x080033f4   0x00000148   Code   RO          214    .text               stm32f10x_rtc.o
    0x0800353c   0x0000030c   Code   RO          226    .text               stm32f10x_spi.o
    0x08003848   0x00000e1a   Code   RO          241    .text               stm32f10x_tim.o
    0x08004662   0x00000002   PAD
    0x08004664   0x00000408   Code   RO          256    .text               stm32f10x_usart.o
    0x08004a6c   0x00000088   Code   RO          271    .text               stm32f10x_wwdg.o
    0x08004af4   0x000000c4   Code   RO          283    .text               stm32f10x_bkp.o
    0x08004bb8   0x000000dc   Code   RO          298    .text               misc.o
    0x08004c94   0x000000cc   Code   RO          313    .text               stm32f10x_pwr.o
    0x08004d60   0x000001e4   Code   RO          328    .text               bsp.o
    0x08004f44   0x0000010c   Code   RO          405    .text               bsp_isr.o
    0x08005050   0x000000ec   Code   RO          440    .text               delay.o
    0x0800513c   0x000000b8   Code   RO          454    .text               bsp_leds.o
    0x080051f4   0x00000048   Code   RO          472    .text               stm32_beep.o
    0x0800523c   0x000000e8   Code   RO          484    .text               stm32_it_config.o
    0x08005324   0x000001e4   Code   RO          503    .text               stm32_usart2_gtway.o
    0x08005508   0x0000004e   Code   RO          521    .text               stm32_reset.o
    0x08005556   0x00000002   PAD
    0x08005558   0x00000140   Code   RO          533    .text               stm32_flash.o
    0x08005698   0x000003b4   Code   RO          548    .text               stm32_rtc.o
    0x08005a4c   0x00000168   Code   RO          565    .text               stm32f10x_it.o
    0x08005bb4   0x00000e94   Code   RO          611    .text               mrfi.o
    0x08006a48   0x000006f0   Code   RO          673    .text               nwk.o
    0x08007138   0x00000ad0   Code   RO          741    .text               nwk_api.o
    0x08007c08   0x000006ec   Code   RO          760    .text               nwk_frame.o
    0x080082f4   0x00000108   Code   RO          779    .text               nwk_globals.o
    0x080083fc   0x0000028c   Code   RO          794    .text               nwk_qmgmt.o
    0x08008688   0x00000008   Code   RO          808    .text               nwk_freq.o
    0x08008690   0x00000220   Code   RO          820    .text               nwk_ioctl.o
    0x080088b0   0x000001fc   Code   RO          833    .text               nwk_join.o
    0x08008aac   0x000003b0   Code   RO          848    .text               nwk_joinlist.o
    0x08008e5c   0x0000056c   Code   RO          867    .text               nwk_link.o
    0x080093c8   0x00000108   Code   RO          882    .text               nwk_mgmt.o
    0x080094d0   0x00000150   Code   RO          896    .text               nwk_ping.o
    0x08009620   0x00000008   Code   RO          910    .text               nwk_security.o
    0x08009628   0x0000018a   Code   RO          922    .text               69_frm_proc.o
    0x080097b2   0x00000002   PAD
    0x080097b4   0x00000018   Code   RO          952    .text               usart_isr.o
    0x080097cc   0x00000520   Code   RO          967    .text               gtway_frm_proc.o
    0x08009cec   0x00000128   Code   RO          985    .text               uart_frm_proc.o
    0x08009e14   0x00000044   Code   RO         1001    .text               usart_share_info.o
    0x08009e58   0x000004e4   Code   RO         1013    .text               usart2_dma_proc.o
    0x0800a33c   0x00000378   Code   RO         1033    .text               firmware_info_proc.o
    0x0800a6b4   0x000002d8   Code   RO         1053    .text               68_frm_proc.o
    0x0800a98c   0x00000030   Code   RO         1082    .text               ap_inner_fun.o
    0x0800a9bc   0x000005b0   Code   RO         1101    .text               bui_pkg_fun.o
    0x0800af6c   0x000002f4   Code   RO         1134    .text               net_frm_proc.o
    0x0800b260   0x0000082c   Code   RO         1160    .text               net_para_fun.o
    0x0800ba8c   0x000005f0   Code   RO         1182    .text               net_status_fun.o
    0x0800c07c   0x00000278   Code   RO         1201    .text               user_def_fun.o
    0x0800c2f4   0x00000794   Code   RO         1228    .text               net_list_proc.o
    0x0800ca88   0x000002cc   Code   RO         1254    .text               67_frm_proc.o
    0x0800cd54   0x00000118   Code   RO         1270    .text               77_frm_proc.o
    0x0800ce6c   0x000005f0   Code   RO         1283    .text               88_frm_proc.o
    0x0800d45c   0x000000a4   Code   RO         1298    .text               main_swsn_ap.o
    0x0800d500   0x00000494   Code   RO         1318    .text               segger_rtt.o
    0x0800d994   0x00000164   Code   RO         1353    .text               ed_rx_buffer_fun.o
    0x0800daf8   0x00000210   Code   RO         1372    .text               ed_tx_fail_buffer_fun.o
    0x0800dd08   0x00000634   Code   RO         1391    .text               ed_tx_buffer_fun.o
    0x0800e33c   0x000002ec   Code   RO         1409    .text               bsp_i2c_ee.o
    0x0800e628   0x000001bc   Code   RO         1433    .text               bsp_i2c_gpio.o
    0x0800e7e4   0x000006c4   Code   RO         1445    .text               bsp_spi_flash.o
    0x0800eea8   0x0000007a   Code   RO         1464    .text               bsp_timbase.o
    0x0800ef22   0x00000002   PAD
    0x0800ef24   0x0000069c   Code   RO         1479    .text               socket.o
    0x0800f5c0   0x0000038c   Code   RO         1505    .text               utility.o
    0x0800f94c   0x000003e8   Code   RO         1529    .text               w5500.o
    0x0800fd34   0x00000480   Code   RO         1552    .text               w5500_conf.o
    0x080101b4   0x00000f4c   Code   RO         1580    .text               dhcp.o
    0x08011100   0x000004ac   Code   RO         1605    .text               dns.o
    0x080115ac   0x000004c0   Code   RO         1625    .text               http_client.o
    0x08011a6c   0x00000c18   Code   RO         1648    .text               tcp_demo.o
    0x08012684   0x00000a60   Code   RO         1668    .text               hx_md5.o
    0x080130e4   0x00000040   Code   RO         1688    .text               mc_w.l(memmovea.o)
    0x08013124   0x00000024   Code   RO         1690    .text               mc_w.l(memseta.o)
    0x08013148   0x00000018   Code   RO         1692    .text               mc_w.l(strcat.o)
    0x08013160   0x00000024   Code   RO         1694    .text               mc_w.l(strstr.o)
    0x08013184   0x00000018   Code   RO         1696    .text               mc_w.l(strncpy.o)
    0x0801319c   0x00000014   Code   RO         1698    .text               mc_w.l(strchr.o)
    0x080131b0   0x0000000e   Code   RO         1700    .text               mc_w.l(strlen.o)
    0x080131be   0x0000001a   Code   RO         1702    .text               mc_w.l(memcmp.o)
    0x080131d8   0x00000012   Code   RO         1704    .text               mc_w.l(strcpy.o)
    0x080131ea   0x00000002   PAD
    0x080131ec   0x00000044   Code   RO         1706    .text               mc_w.l(strtok.o)
    0x08013230   0x0000002c   Code   RO         2020    .text               mc_w.l(uidiv.o)
    0x0801325c   0x00000062   Code   RO         2022    .text               mc_w.l(uldiv.o)
    0x080132be   0x00000000   Code   RO         2026    .text               mc_w.l(iusefp.o)
    0x080132be   0x0000014e   Code   RO         2027    .text               mf_w.l(dadd.o)
    0x0801340c   0x000000e4   Code   RO         2029    .text               mf_w.l(dmul.o)
    0x080134f0   0x000000de   Code   RO         2031    .text               mf_w.l(ddiv.o)
    0x080135ce   0x00000030   Code   RO         2033    .text               mf_w.l(dfixul.o)
    0x080135fe   0x00000002   PAD
    0x08013600   0x00000030   Code   RO         2035    .text               mf_w.l(cdrcmple.o)
    0x08013630   0x00000024   Code   RO         2037    .text               mc_w.l(init.o)
    0x08013654   0x0000001e   Code   RO         2039    .text               mc_w.l(llshl.o)
    0x08013672   0x00000020   Code   RO         2041    .text               mc_w.l(llushr.o)
    0x08013692   0x00000024   Code   RO         2043    .text               mc_w.l(llsshr.o)
    0x080136b6   0x000000ba   Code   RO         2045    .text               mf_w.l(depilogue.o)
    0x08013770   0x00000056   Code   RO         2055    .text               mc_w.l(__dczerorl2.o)
    0x080137c6   0x00000002   PAD
    0x080137c8   0x00000020   Code   RO         1949    i.__0printf         mc_w.l(printfa.o)
    0x080137e8   0x00000020   Code   RO         1923    i.__0printf$8       mc_w.l(printf8.o)
    0x08013808   0x00000028   Code   RO         1925    i.__0sprintf$8      mc_w.l(printf8.o)
    0x08013830   0x0000000e   Code   RO         2049    i.__scatterload_copy  mc_w.l(handlers.o)
    0x0801383e   0x00000002   Code   RO         2050    i.__scatterload_null  mc_w.l(handlers.o)
    0x08013840   0x0000000e   Code   RO         2051    i.__scatterload_zeroinit  mc_w.l(handlers.o)
    0x0801384e   0x00000002   PAD
    0x08013850   0x00000164   Code   RO         1956    i._fp_digits        mc_w.l(printfa.o)
    0x080139b4   0x00000410   Code   RO         1930    i._printf_core      mc_w.l(printf8.o)
    0x08013dc4   0x000006dc   Code   RO         1957    i._printf_core      mc_w.l(printfa.o)
    0x080144a0   0x00000024   Code   RO         1931    i._printf_post_padding  mc_w.l(printf8.o)
    0x080144c4   0x00000024   Code   RO         1958    i._printf_post_padding  mc_w.l(printfa.o)
    0x080144e8   0x0000002e   Code   RO         1932    i._printf_pre_padding  mc_w.l(printf8.o)
    0x08014516   0x0000002e   Code   RO         1959    i._printf_pre_padding  mc_w.l(printfa.o)
    0x08014544   0x0000000a   Code   RO         1934    i._sputc            mc_w.l(printf8.o)
    0x0801454e   0x00000002   PAD
    0x08014550   0x00000050   Code   RO         1977    i.free              mc_w.l(malloc.o)
    0x080145a0   0x0000006c   Code   RO         1978    i.malloc            mc_w.l(malloc.o)
    0x0801460c   0x00000018   Data   RO          550    .constdata          stm32_rtc.o
    0x08014624   0x00000180   Data   RO          613    .constdata          mrfi.o
    0x080147a4   0x00000003   Data   RO          742    .constdata          nwk_api.o
    0x080147a7   0x00000001   PAD
    0x080147a8   0x00000018   Data   RO          761    .constdata          nwk_frame.o
    0x080147c0   0x0000000b   Data   RO          780    .constdata          nwk_globals.o
    0x080147cb   0x00000001   PAD
    0x080147cc   0x00000004   Data   RO          850    .constdata          nwk_joinlist.o
    0x080147d0   0x00000009   Data   RO         1320    .conststring        segger_rtt.o
    0x080147d9   0x00000003   PAD
    0x080147dc   0x00000005   Data   RO         1582    .conststring        dhcp.o
    0x080147e1   0x00000003   PAD
    0x080147e4   0x00000020   Data   RO         2047    Region$$Table       anon$$obj.o


    Execution Region RW_IRAM1 (Base: 0x20000000, Size: 0x0000b0d8, Max: 0x0000c000, ABSOLUTE, COMPRESSED[0x00000204])

    Base Addr    Size         Type   Attr      Idx    E Section Name        Object

    0x20000000   0x00000014   Data   RW           25    .data               system_stm32f10x.o
    0x20000014   0x00000014   Data   RW          198    .data               stm32f10x_rcc.o
    0x20000028   0x00000004   Data   RW          406    .data               bsp_isr.o
    0x2000002c   0x00000008   Data   RW          441    .data               delay.o
    0x20000034   0x00000008   Data   RW          534    .data               stm32_flash.o
    0x2000003c   0x0000000a   Data   RW          551    .data               stm32_rtc.o
    0x20000046   0x00000001   Data   RW          567    .data               stm32f10x_it.o
    0x20000047   0x00000001   PAD
    0x20000048   0x00000015   Data   RW          614    .data               mrfi.o
    0x2000005d   0x00000538   Data   RW          674    .data               nwk.o
    0x20000595   0x00000001   Data   RW          743    .data               nwk_api.o
    0x20000596   0x00000002   PAD
    0x20000598   0x00000017   Data   RW          762    .data               nwk_frame.o
    0x200005af   0x00000010   Data   RW          781    .data               nwk_globals.o
    0x200005bf   0x00000001   PAD
    0x200005c0   0x00000012   Data   RW          834    .data               nwk_join.o
    0x200005d2   0x00000001   Data   RW          851    .data               nwk_joinlist.o
    0x200005d3   0x00000001   PAD
    0x200005d4   0x00000009   Data   RW          869    .data               nwk_link.o
    0x200005dd   0x00000004   Data   RW          883    .data               nwk_mgmt.o
    0x200005e1   0x00000001   Data   RW          897    .data               nwk_ping.o
    0x200005e2   0x00000005   Data   RW          968    .data               gtway_frm_proc.o
    0x200005e7   0x00000001   PAD
    0x200005e8   0x00000003   Data   RW         1015    .data               usart2_dma_proc.o
    0x200005eb   0x00000001   PAD
    0x200005ec   0x00000008   Data   RW         1035    .data               firmware_info_proc.o
    0x200005f4   0x00000002   Data   RW         1102    .data               bui_pkg_fun.o
    0x200005f6   0x00000009   Data   RW         1135    .data               net_frm_proc.o
    0x200005ff   0x00000001   Data   RW         1161    .data               net_para_fun.o
    0x20000600   0x00000001   Data   RW         1183    .data               net_status_fun.o
    0x20000601   0x00000003   PAD
    0x20000604   0x0000000c   Data   RW         1202    .data               user_def_fun.o
    0x20000610   0x0000000c   Data   RW         1229    .data               net_list_proc.o
    0x2000061c   0x00000001   Data   RW         1256    .data               67_frm_proc.o
    0x2000061d   0x00000003   PAD
    0x20000620   0x0000000a   Data   RW         1285    .data               88_frm_proc.o
    0x2000062a   0x00000002   PAD
    0x2000062c   0x00000008   Data   RW         1299    .data               main_swsn_ap.o
    0x20000634   0x00000079   Data   RW         1321    .data               segger_rtt.o
    0x200006ad   0x00000001   Data   RW         1355    .data               ed_rx_buffer_fun.o
    0x200006ae   0x00000003   Data   RW         1374    .data               ed_tx_fail_buffer_fun.o
    0x200006b1   0x00000001   Data   RW         1393    .data               ed_tx_buffer_fun.o
    0x200006b2   0x00000002   PAD
    0x200006b4   0x00000055   Data   RW         1447    .data               bsp_spi_flash.o
    0x20000709   0x00000010   Data   RW         1531    .data               w5500.o
    0x20000719   0x00000003   PAD
    0x2000071c   0x00000029   Data   RW         1554    .data               w5500_conf.o
    0x20000745   0x00000003   PAD
    0x20000748   0x00000040   Data   RW         1583    .data               dhcp.o
    0x20000788   0x0000001c   Data   RW         1607    .data               dns.o
    0x200007a4   0x000001d4   Data   RW         1626    .data               http_client.o
    0x20000978   0x00000012   Data   RW         1650    .data               tcp_demo.o
    0x2000098a   0x00000040   Data   RW         1669    .data               hx_md5.o
    0x200009ca   0x00000002   PAD
    0x200009cc   0x00000004   Data   RW         1707    .data               mc_w.l(strtok.o)
    0x200009d0   0x00000004   Data   RW         2019    .data               mc_w.l(stdout.o)
    0x200009d4   0x00000004   Data   RW         2024    .data               mc_w.l(mvars.o)
    0x200009d8   0x00000004   Data   RW         2025    .data               mc_w.l(mvars.o)
    0x200009dc   0x0000000c   Zero   RW          549    .bss                stm32_rtc.o
    0x200009e8   0x00000032   Zero   RW          566    .bss                stm32f10x_it.o
    0x20000a1a   0x00000052   Zero   RW          612    .bss                mrfi.o
    0x20000a6c   0x000005d8   Zero   RW          795    .bss                nwk_qmgmt.o
    0x20001044   0x0000044c   Zero   RW          849    .bss                nwk_joinlist.o
    0x20001490   0x00000064   Zero   RW          868    .bss                nwk_link.o
    0x200014f4   0x00000876   Zero   RW         1014    .bss                usart2_dma_proc.o
    0x20001d6a   0x00000040   Zero   RW         1034    .bss                firmware_info_proc.o
    0x20001daa   0x000001b8   Zero   RW         1255    .bss                67_frm_proc.o
    0x20001f62   0x00000800   Zero   RW         1284    .bss                88_frm_proc.o
    0x20002762   0x00000410   Zero   RW         1319    .bss                segger_rtt.o
    0x20002b72   0x0000044c   Zero   RW         1354    .bss                ed_rx_buffer_fun.o
    0x20002fbe   0x00000460   Zero   RW         1373    .bss                ed_tx_fail_buffer_fun.o
    0x2000341e   0x000013b0   Zero   RW         1392    .bss                ed_tx_buffer_fun.o
    0x200047ce   0x0000004b   Zero   RW         1446    .bss                bsp_spi_flash.o
    0x20004819   0x00000030   Zero   RW         1506    .bss                utility.o
    0x20004849   0x00000001   PAD
    0x2000484a   0x00000020   Zero   RW         1530    .bss                w5500.o
    0x2000486a   0x0000002e   Zero   RW         1553    .bss                w5500_conf.o
    0x20004898   0x00000416   Zero   RW         1581    .bss                dhcp.o
    0x20004cae   0x00000400   Zero   RW         1606    .bss                dns.o
    0x200050ae   0x00000023   Zero   RW         1649    .bss                tcp_demo.o
    0x200050d1   0x00000007   PAD
    0x200050d8   0x00001800   Zero   RW            2    HEAP                startup_stm32f10x_hd.o
    0x200068d8   0x00004800   Zero   RW            1    STACK               startup_stm32f10x_hd.o


==============================================================================

Image component sizes


      Code (inc. data)   RO Data    RW Data    ZI Data      Debug   Object Name

       716         10          0          1        440       3487   67_frm_proc.o
       728          4          0          0          0       5489   68_frm_proc.o
       394          0          0          0          0       4751   69_frm_proc.o
       280          0          0          0          0       3136   77_frm_proc.o
      1520         66          0         10       2048       7304   88_frm_proc.o
        48          0          0          0          0       1256   ap_inner_fun.o
       484         12          0          0          0      18863   bsp.o
       748        234          0          0          0       2765   bsp_i2c_ee.o
       444          6          0          0          0       2060   bsp_i2c_gpio.o
       268         48          0          4          0       4696   bsp_isr.o
       184          6          0          0          0       1564   bsp_leds.o
      1732        284          0         85         75       6780   bsp_spi_flash.o
       122          0          0          0          0        765   bsp_timbase.o
      1456         12          0          2          0       5739   bui_pkg_fun.o
        64          8          0          0          0       5308   core_cm3.o
       236         10          0          8          0       1311   delay.o
      3916        418          5         64       1046       9199   dhcp.o
      1196         68          0         28       1024       6043   dns.o
       356          8          0          1       1100       2980   ed_rx_buffer_fun.o
      1588         30          0          1       5040       7346   ed_tx_buffer_fun.o
       528         18          0          3       1120       3424   ed_tx_fail_buffer_fun.o
       888         70          0          8         64       5089   firmware_info_proc.o
      1312         10          0          5          0       6225   gtway_frm_proc.o
      1216         84          0        468          0       5486   http_client.o
      2656        286          0         64          0       4199   hx_md5.o
       164         22          0          8          0       1685   main_swsn_ap.o
       220         22          0          0          0       3873   misc.o
      3732        260        384         21         82      34524   mrfi.o
       756         42          0          9          0       4439   net_frm_proc.o
      1940         44          0         12          0       8304   net_list_proc.o
      2092         28          0          1          0      10238   net_para_fun.o
      1520         20          0          1          0       8267   net_status_fun.o
      1776         10          0       1336          0      18388   nwk.o
      2768         52          3          1          0       9611   nwk_api.o
      1772         64         24         23          0       6848   nwk_frame.o
         8          0          0          0          0       1363   nwk_freq.o
       264         44         11         16          0       3586   nwk_globals.o
       544          6          0          0          0       3768   nwk_ioctl.o
       508         30          0         18          0       4072   nwk_join.o
       944         16          4          1       1100       5303   nwk_joinlist.o
      1388         58          0          9        100       6248   nwk_link.o
       264         10          0          4          0       2489   nwk_mgmt.o
       336          6          0          1          0       2744   nwk_ping.o
       652          8          0          0       1496       4374   nwk_qmgmt.o
         8          0          0          0          0       1303   nwk_security.o
      1172         14          9        121       1040       5397   segger_rtt.o
      1692         30          0          0          0       4855   socket.o
        36          8        304          0      24576        976   startup_stm32f10x_hd.o
        72          6          0          0          0        807   stm32_beep.o
       320         10          0          8          0       2418   stm32_flash.o
       232          8          0          0          0        753   stm32_it_config.o
        78          0          0          0          0        766   stm32_reset.o
       948         34         24         10         12       3831   stm32_rtc.o
       484         10          0          0          0       5674   stm32_usart2_gtway.o
       196          8          0          0          0       3660   stm32f10x_bkp.o
       596          8          0          0          0      23434   stm32f10x_dma.o
       284         10          0          0          0       4811   stm32f10x_exti.o
      1468         34          0          0          0      14774   stm32f10x_flash.o
       860         38          0          0          0      14409   stm32f10x_gpio.o
       360         42          0          1         50       3657   stm32f10x_it.o
        64          6          0          0          0       1353   stm32f10x_iwdg.o
       204         14          0          0          0       2003   stm32f10x_pwr.o
       932         36          0         20          0      18024   stm32f10x_rcc.o
       328          4          0          0          0       2754   stm32f10x_rtc.o
       780         14          0          0          0      13838   stm32f10x_spi.o
      3610         88          0          0          0      42880   stm32f10x_tim.o
      1032         22          0          0          0      14816   stm32f10x_usart.o
       136         10          0          0          0       2492   stm32f10x_wwdg.o
       480         38          0         20          0     252111   system_stm32f10x.o
      3096        160          0         18         35      10112   tcp_demo.o
       296         24          0          0          0       2340   uart_frm_proc.o
      1252         52          0          3       2166       4743   usart2_dma_proc.o
        24          4          0          0          0        552   usart_isr.o
        68          0          0          0          0       1429   usart_share_info.o
       632         12          0         12          0       4221   user_def_fun.o
       908         46          0          0         48       5863   utility.o
      1000         72          0         16         32       6189   w5500.o
      1152        246          0         41         46       6697   w5500_conf.o

    ----------------------------------------------------------------------
     69536       3542        808       2508      42748     749331   Object Totals
         0          0         32          0          0          0   (incl. Generated)
         8          0          8         25          8          0   (incl. Padding)

    ----------------------------------------------------------------------

      Code (inc. data)   RO Data    RW Data    ZI Data      Debug   Library Member Name

        86          0          0          0          0          0   __dczerorl2.o
         0          0          0          0          0          0   entry.o
         0          0          0          0          0          0   entry10a.o
         0          0          0          0          0          0   entry11a.o
         8          4          0          0          0          0   entry2.o
         4          0          0          0          0          0   entry5.o
         0          0          0          0          0          0   entry7b.o
         0          0          0          0          0          0   entry8b.o
         8          4          0          0          0          0   entry9a.o
        30          0          0          0          0          0   handlers.o
        36          8          0          0          0         68   init.o
         0          0          0          0          0          0   iusefp.o
        30          0          0          0          0         68   llshl.o
        36          0          0          0          0         68   llsshr.o
        32          0          0          0          0         68   llushr.o
       188         20          0          0          0        160   malloc.o
        26          0          0          0          0         80   memcmp.o
        64          0          0          0          0         76   memmovea.o
        36          0          0          0          0        108   memseta.o
         0          0          0          8          0          0   mvars.o
      1204         60          0          0          0        504   printf8.o
      2226         90          0          0          0        444   printfa.o
         0          0          0          4          0          0   stdout.o
        24          0          0          0          0         68   strcat.o
        20          0          0          0          0         68   strchr.o
        18          0          0          0          0         68   strcpy.o
        14          0          0          0          0         68   strlen.o
        24          0          0          0          0         76   strncpy.o
        36          0          0          0          0         80   strstr.o
        68          6          0          4          0         80   strtok.o
        44          0          0          0          0         80   uidiv.o
        98          0          0          0          0         92   uldiv.o
        48          0          0          0          0         68   cdrcmple.o
       334          0          0          0          0        148   dadd.o
       222          0          0          0          0        100   ddiv.o
       186          0          0          0          0        176   depilogue.o
        48          0          0          0          0         68   dfixul.o
       228          0          0          0          0         96   dmul.o

    ----------------------------------------------------------------------
      5436        192          0         16          0       2980   Library Totals
        10          0          0          0          0          0   (incl. Padding)

    ----------------------------------------------------------------------

      Code (inc. data)   RO Data    RW Data    ZI Data      Debug   Library Name

      4360        192          0         16          0       2324   mc_w.l
      1066          0          0          0          0        656   mf_w.l

    ----------------------------------------------------------------------
      5436        192          0         16          0       2980   Library Totals

    ----------------------------------------------------------------------

==============================================================================


      Code (inc. data)   RO Data    RW Data    ZI Data      Debug   

     74972       3734        808       2524      42748     743287   Grand Totals
     74972       3734        808        516      42748     743287   ELF Image Totals (compressed)
     74972       3734        808        516          0          0   ROM Totals

==============================================================================

    Total RO  Size (Code + RO Data)                75780 (  74.00kB)
    Total RW  Size (RW Data + ZI Data)             45272 (  44.21kB)
    Total ROM Size (Code + RO Data + RW Data)      76296 (  74.51kB)

==============================================================================

